node.exe : npm warn Unknown project config "node-linker". This will stop working in the next major version of npm.
At line:1 char:1
+ & "C:\Program Files\nodejs/node.exe" "C:\Users\mhe\AppData\Roaming\np ...
+ ~~~~~~~~~~~~~~~~~~~~~~~~~~~~~~~~~~~~~~~~~~~~~~~~~~~~~~~~~~~~~~~~~~~~~
    + CategoryInfo          : NotSpecified: (npm warn Unknow...version of npm.:String) [], RemoteException
    + FullyQualifiedErrorId : NativeCommandError
 
app/(tabs)/(home)/index.ios.tsx(720,17): error TS2552: Cannot find name 'performanceGradientColors'. Did you mean 'getPerformanceGradient'?
app/(tabs)/_layout.tsx(62,7): error TS2322: Type '{ children: Element[]; tintColor: string; unselectedItemTintColor: string; translucent: boolean; style: { backgroundColor: string; borderTopWidth: number; borderTopColor: string; }; screenOptions: { ...; }; }' is not assignable to type 'IntrinsicAttributes & NativeTabsProps'.
  Property 'unselectedItemTintColor' does not exist on type 'IntrinsicAttributes & NativeTabsProps'.
app/(tabs)/library.tsx(170,17): error TS2769: No overload matches this call.
  Overload 1 of 2, '(relation: "activity_categories" | "activity_tasks" | "activities" | "task_templates" | "activity_task_subtasks" | "external_calendars" | "task_template_categories" | "task_template_subtasks" | "weekly_performance"): PostgrestQueryBuilder<...>', gave the following error.
    Argument of type '"exercise_library"' is not assignable to parameter of type '"activity_categories" | "activity_tasks" | "activities" | "task_templates" | "activity_task_subtasks" | "external_calendars" | "task_template_categories" | "task_template_subtasks" | "weekly_performance"'.
  Overload 2 of 2, '(relation: never): PostgrestQueryBuilder<{ PostgrestVersion: "13.0.5"; }, { Tables: { activities: { Row: { activity_date: string; activity_time: string; category_id: string | null; created_at: string; external_calendar_id: string | null; ... 6 more ...; user_id: string; }; Insert: { ...; }; Update: { ...; }; Relationships: [...]; }; ... 7 more ...; weekly_performance: { ...; }; }; Views: {}; Functions: { ...; }; Enums: {}; CompositeTypes: {}; }, never, never, never>', gave the following error.
    Argument of type '"exercise_library"' is not assignable to parameter of type 'never'.
app/(tabs)/library.tsx(182,19): error TS2769: No overload matches this call.
  Overload 1 of 2, '(relation: "activity_categories" | "activity_tasks" | "activities" | "task_templates" | "activity_task_subtasks" | "external_calendars" | "task_template_categories" | "task_template_subtasks" | "weekly_performance"): PostgrestQueryBuilder<...>', gave the following error.
    Argument of type '"exercise_subtasks"' is not assignable to parameter of type '"activity_categories" | "activity_tasks" | "activities" | "task_templates" | "activity_task_subtasks" | "external_calendars" | "task_template_categories" | "task_template_subtasks" | "weekly_performance"'.
  Overload 2 of 2, '(relation: never): PostgrestQueryBuilder<{ PostgrestVersion: "13.0.5"; }, { Tables: { activities: { Row: { activity_date: string; activity_time: string; category_id: string | null; created_at: string; external_calendar_id: string | null; ... 6 more ...; user_id: string; }; Insert: { ...; }; Update: { ...; }; Relationships: [...]; }; ... 7 more ...; weekly_performance: { ...; }; }; Views: {}; Functions: { ...; }; Enums: {}; CompositeTypes: {}; }, never, never, never>', gave the following error.
    Argument of type '"exercise_subtasks"' is not assignable to parameter of type 'never'.
app/(tabs)/library.tsx(187,11): error TS2322: Type '({ activity_date: string; activity_time: string; category_id: string | null; created_at: string; external_calendar_id: string | null; external_event_id: string | null; id: string; ... 4 more ...; user_id: string; } | ... 7 more ... | { ...; })[]' is not assignable to type 'ExerciseSubtask[]'.
  Type '{ activity_date: string; activity_time: string; category_id: string | null; created_at: string; external_calendar_id: string | null; external_event_id: string | null; id: string; ... 4 more ...; user_id: string; } | ... 7 more ... | { ...; }' is not assignable to type 'ExerciseSubtask'.
    Type '{ activity_date: string; activity_time: string; category_id: string | null; created_at: string; external_calendar_id: string | null; external_event_id: string | null; id: string; is_external: boolean; location: string | null; title: string; updated_at: string; user_id: string; }' is missing the following properties from type 'ExerciseSubtask': exercise_id, sort_order
app/(tabs)/library.tsx(193,19): error TS2769: No overload matches this call.
  Overload 1 of 2, '(relation: "activity_categories" | "activity_tasks" | "activities" | "task_templates" | "activity_task_subtasks" | "external_calendars" | "task_template_categories" | "task_template_subtasks" | "weekly_performance"): PostgrestQueryBuilder<...>', gave the following error.
    Argument of type '"exercise_assignments"' is not assignable to parameter of type '"activity_categories" | "activity_tasks" | "activities" | "task_templates" | "activity_task_subtasks" | "external_calendars" | "task_template_categories" | "task_template_subtasks" | "weekly_performance"'.
  Overload 2 of 2, '(relation: never): PostgrestQueryBuilder<{ PostgrestVersion: "13.0.5"; }, { Tables: { activities: { Row: { activity_date: string; activity_time: string; category_id: string | null; created_at: string; external_calendar_id: string | null; ... 6 more ...; user_id: string; }; Insert: { ...; }; Update: { ...; }; Relationships: [...]; }; ... 7 more ...; weekly_performance: { ...; }; }; Views: {}; Functions: { ...; }; Enums: {}; CompositeTypes: {}; }, never, never, never>', gave the following error.
    Argument of type '"exercise_assignments"' is not assignable to parameter of type 'never'.
app/(tabs)/library.tsx(197,11): error TS2322: Type '({ activity_date: string; activity_time: string; category_id: string | null; created_at: string; external_calendar_id: string | null; external_event_id: string | null; id: string; ... 4 more ...; user_id: string; } | ... 7 more ... | { ...; })[]' is not assignable to type 'ExerciseAssignment[]'.
  Type '{ activity_date: string; activity_time: string; category_id: string | null; created_at: string; external_calendar_id: string | null; external_event_id: string | null; id: string; ... 4 more ...; user_id: string; } | ... 7 more ... | { ...; }' is not assignable to type 'ExerciseAssignment'.
    Type '{ activity_date: string; activity_time: string; category_id: string | null; created_at: string; external_calendar_id: string | null; external_event_id: string | null; id: string; is_external: boolean; location: string | null; title: string; updated_at: string; user_id: string; }' is missing the following properties from type 'ExerciseAssignment': exercise_id, trainer_id, player_id, team_id
app/(tabs)/library.tsx(200,9): error TS2322: Type '({ created_at: Date; updated_at: Date; subtasks: ExerciseSubtask[]; assignments: ExerciseAssignment[]; isAssignedByCurrentTrainer: true; ... 9 more ...; user_id: string; } | ... 7 more ... | { ...; })[]' is not assignable to type 'Exercise[]'.
  Type '{ created_at: Date; updated_at: Date; subtasks: ExerciseSubtask[]; assignments: ExerciseAssignment[]; isAssignedByCurrentTrainer: true; ... 9 more ...; user_id: string; } | ... 7 more ... | { ...; }' is not assignable to type 'Exercise'.
    Type '{ created_at: Date; updated_at: Date; subtasks: ExerciseSubtask[]; assignments: ExerciseAssignment[]; isAssignedByCurrentTrainer: true; ... 9 more ...; user_id: string; }' is missing the following properties from type 'Exercise': trainer_id, description, video_url
app/(tabs)/library.tsx(203,41): error TS2339: Property 'updated_at' does not exist on type '{ activity_date: string; activity_time: string; category_id: string | null; created_at: string; external_calendar_id: string | null; external_event_id: string | null; id: string; ... 4 more ...; user_id: string; } | ... 7 more ... | { ...; }'.
  Property 'updated_at' does not exist on type '{ activity_task_id: string; completed: boolean; created_at: string; id: string; sort_order: number; title: string; }'.
app/(tabs)/library.tsx(216,17): error TS2769: No overload matches this call.
  Overload 1 of 2, '(relation: "activity_categories" | "activity_tasks" | "activities" | "task_templates" | "activity_task_subtasks" | "external_calendars" | "task_template_categories" | "task_template_subtasks" | "weekly_performance"): PostgrestQueryBuilder<...>', gave the following error.
    Argument of type '"exercise_assignments"' is not assignable to parameter of type '"activity_categories" | "activity_tasks" | "activities" | "task_templates" | "activity_task_subtasks" | "external_calendars" | "task_template_categories" | "task_template_subtasks" | "weekly_performance"'.
  Overload 2 of 2, '(relation: never): PostgrestQueryBuilder<{ PostgrestVersion: "13.0.5"; }, { Tables: { activities: { Row: { activity_date: string; activity_time: string; category_id: string | null; created_at: string; external_calendar_id: string | null; ... 6 more ...; user_id: string; }; Insert: { ...; }; Update: { ...; }; Relationships: [...]; }; ... 7 more ...; weekly_performance: { ...; }; }; Views: {}; Functions: { ...; }; Enums: {}; CompositeTypes: {}; }, never, never, never>', gave the following error.
    Argument of type '"exercise_assignments"' is not assignable to parameter of type 'never'.
app/(tabs)/library.tsx(222,57): error TS2339: Property 'exercise_id' does not exist on type '{ activity_date: string; activity_time: string; category_id: string | null; created_at: string; external_calendar_id: string | null; external_event_id: string | null; id: string; ... 4 more ...; user_id: string; } | ... 7 more ... | { ...; }'.
  Property 'exercise_id' does not exist on type '{ activity_date: string; activity_time: string; category_id: string | null; created_at: string; external_calendar_id: string | null; external_event_id: string | null; id: string; is_external: boolean; location: string | null; title: string; updated_at: string; user_id: string; }'.
app/(tabs)/library.tsx(226,19): error TS2769: No overload matches this call.
  Overload 1 of 2, '(relation: "activity_categories" | "activity_tasks" | "activities" | "task_templates" | "activity_task_subtasks" | "external_calendars" | "task_template_categories" | "task_template_subtasks" | "weekly_performance"): PostgrestQueryBuilder<...>', gave the following error.
    Argument of type '"exercise_library"' is not assignable to parameter of type '"activity_categories" | "activity_tasks" | "activities" | "task_templates" | "activity_task_subtasks" | "external_calendars" | "task_template_categories" | "task_template_subtasks" | "weekly_performance"'.
  Overload 2 of 2, '(relation: never): PostgrestQueryBuilder<{ PostgrestVersion: "13.0.5"; }, { Tables: { activities: { Row: { activity_date: string; activity_time: string; category_id: string | null; created_at: string; external_calendar_id: string | null; ... 6 more ...; user_id: string; }; Insert: { ...; }; Update: { ...; }; Relationships: [...]; }; ... 7 more ...; weekly_performance: { ...; }; }; Views: {}; Functions: { ...; }; Enums: {}; CompositeTypes: {}; }, never, never, never>', gave the following error.
    Argument of type '"exercise_library"' is not assignable to parameter of type 'never'.
app/(tabs)/library.tsx(236,19): error TS2769: No overload matches this call.
  Overload 1 of 2, '(relation: "activity_categories" | "activity_tasks" | "activities" | "task_templates" | "activity_task_subtasks" | "external_calendars" | "task_template_categories" | "task_template_subtasks" | "weekly_performance"): PostgrestQueryBuilder<...>', gave the following error.
    Argument of type '"exercise_subtasks"' is not assignable to parameter of type '"activity_categories" | "activity_tasks" | "activities" | "task_templates" | "activity_task_subtasks" | "external_calendars" | "task_template_categories" | "task_template_subtasks" | "weekly_performance"'.
  Overload 2 of 2, '(relation: never): PostgrestQueryBuilder<{ PostgrestVersion: "13.0.5"; }, { Tables: { activities: { Row: { activity_date: string; activity_time: string; category_id: string | null; created_at: string; external_calendar_id: string | null; ... 6 more ...; user_id: string; }; Insert: { ...; }; Update: { ...; }; Relationships: [...]; }; ... 7 more ...; weekly_performance: { ...; }; }; Views: {}; Functions: { ...; }; Enums: {}; CompositeTypes: {}; }, never, never, never>', gave the following error.
    Argument of type '"exercise_subtasks"' is not assignable to parameter of type 'never'.
app/(tabs)/library.tsx(241,11): error TS2322: Type '({ activity_date: string; activity_time: string; category_id: string | null; created_at: string; external_calendar_id: string | null; external_event_id: string | null; id: string; ... 4 more ...; user_id: string; } | ... 7 more ... | { ...; })[]' is not assignable to type 'ExerciseSubtask[]'.
  Type '{ activity_date: string; activity_time: string; category_id: string | null; created_at: string; external_calendar_id: string | null; external_event_id: string | null; id: string; ... 4 more ...; user_id: string; } | ... 7 more ... | { ...; }' is not assignable to type 'ExerciseSubtask'.
    Type '{ activity_date: string; activity_time: string; category_id: string | null; created_at: string; external_calendar_id: string | null; external_event_id: string | null; id: string; is_external: boolean; location: string | null; title: string; updated_at: string; user_id: string; }' is missing the following properties from type 'ExerciseSubtask': exercise_id, sort_order
app/(tabs)/library.tsx(244,68): error TS2339: Property 'trainer_id' does not exist on type '{ activity_date: string; activity_time: string; category_id: string | null; created_at: string; external_calendar_id: string | null; external_event_id: string | null; id: string; ... 4 more ...; user_id: string; } | ... 7 more ... | { ...; }'.
  Property 'trainer_id' does not exist on type '{ activity_date: string; activity_time: string; category_id: string | null; created_at: string; external_calendar_id: string | null; external_event_id: string | null; id: string; is_external: boolean; location: string | null; title: string; updated_at: string; user_id: string; }'.
app/(tabs)/library.tsx(248,19): error TS2769: No overload matches this call.
  Overload 1 of 2, '(relation: "activity_categories" | "activity_tasks" | "activities" | "task_templates" | "activity_task_subtasks" | "external_calendars" | "task_template_categories" | "task_template_subtasks" | "weekly_performance"): PostgrestQueryBuilder<...>', gave the following error.
    Argument of type '"profiles"' is not assignable to parameter of type '"activity_categories" | "activity_tasks" | "activities" | "task_templates" | "activity_task_subtasks" | "external_calendars" | "task_template_categories" | "task_template_subtasks" | "weekly_performance"'.
  Overload 2 of 2, '(relation: never): PostgrestQueryBuilder<{ PostgrestVersion: "13.0.5"; }, { Tables: { activities: { Row: { activity_date: string; activity_time: string; category_id: string | null; created_at: string; external_calendar_id: string | null; ... 6 more ...; user_id: string; }; Insert: { ...; }; Update: { ...; }; Relationships: [...]; }; ... 7 more ...; weekly_performance: { ...; }; }; Views: {}; Functions: { ...; }; Enums: {}; CompositeTypes: {}; }, never, never, never>', gave the following error.
    Argument of type '"profiles"' is not assignable to parameter of type 'never'.
app/(tabs)/library.tsx(252,11): error TS2322: Type '(SelectQueryError<"column 'user_id' does not exist on 'activity_categories'."> | SelectQueryError<"column 'user_id' does not exist on 'activity_tasks'."> | ... 6 more ... | SelectQueryError<...>)[]' is not assignable to type '{ user_id: string; full_name: string | null; }[]'.
  Type 'SelectQueryError<"column 'user_id' does not exist on 'activity_categories'."> | SelectQueryError<"column 'user_id' does not exist on 'activity_tasks'."> | ... 6 more ... | SelectQueryError<...>' is not assignable to type '{ user_id: string; full_name: string | null; }'.
    Type '{ error: true; } & String' is missing the following properties from type '{ user_id: string; full_name: string | null; }': user_id, full_name
app/(tabs)/library.tsx(259,73): error TS2339: Property 'exercise_id' does not exist on type '{ activity_date: string; activity_time: string; category_id: string | null; created_at: string; external_calendar_id: string | null; external_event_id: string | null; id: string; ... 4 more ...; user_id: string; } | ... 7 more ... | { ...; }'.
  Property 'exercise_id' does not exist on type '{ activity_date: string; activity_time: string; category_id: string | null; created_at: string; external_calendar_id: string | null; external_event_id: string | null; id: string; is_external: boolean; location: string | null; title: string; updated_at: string; user_id: string; }'.
app/(tabs)/library.tsx(262,40): error TS2339: Property 'trainer_id' does not exist on type '{ activity_date: string; activity_time: string; category_id: string | null; created_at: string; external_calendar_id: string | null; external_event_id: string | null; id: string; ... 4 more ...; user_id: string; } | ... 7 more ... | { ...; }'.
  Property 'trainer_id' does not exist on type '{ activity_date: string; activity_time: string; category_id: string | null; created_at: string; external_calendar_id: string | null; external_event_id: string | null; id: string; is_external: boolean; location: string | null; title: string; updated_at: string; user_id: string; }'.
app/(tabs)/library.tsx(299,15): error TS2769: No overload matches this call.
  Overload 1 of 2, '(relation: "activity_categories" | "activity_tasks" | "activities" | "task_templates" | "activity_task_subtasks" | "external_calendars" | "task_template_categories" | "task_template_subtasks" | "weekly_performance"): PostgrestQueryBuilder<...>', gave the following error.
    Argument of type '"exercise_library"' is not assignable to parameter of type '"activity_categories" | "activity_tasks" | "activities" | "task_templates" | "activity_task_subtasks" | "external_calendars" | "task_template_categories" | "task_template_subtasks" | "weekly_performance"'.
  Overload 2 of 2, '(relation: never): PostgrestQueryBuilder<{ PostgrestVersion: "13.0.5"; }, { Tables: { activities: { Row: { activity_date: string; activity_time: string; category_id: string | null; created_at: string; external_calendar_id: string | null; ... 6 more ...; user_id: string; }; Insert: { ...; }; Update: { ...; }; Relationships: [...]; }; ... 7 more ...; weekly_performance: { ...; }; }; Views: {}; Functions: { ...; }; Enums: {}; CompositeTypes: {}; }, never, never, never>', gave the following error.
    Argument of type '"exercise_library"' is not assignable to parameter of type 'never'.
app/(tabs)/library.tsx(310,17): error TS2769: No overload matches this call.
  Overload 1 of 2, '(relation: "activity_categories" | "activity_tasks" | "activities" | "task_templates" | "activity_task_subtasks" | "external_calendars" | "task_template_categories" | "task_template_subtasks" | "weekly_performance"): PostgrestQueryBuilder<...>', gave the following error.
    Argument of type '"exercise_subtasks"' is not assignable to parameter of type '"activity_categories" | "activity_tasks" | "activities" | "task_templates" | "activity_task_subtasks" | "external_calendars" | "task_template_categories" | "task_template_subtasks" | "weekly_performance"'.
  Overload 2 of 2, '(relation: never): PostgrestQueryBuilder<{ PostgrestVersion: "13.0.5"; }, { Tables: { activities: { Row: { activity_date: string; activity_time: string; category_id: string | null; created_at: string; external_calendar_id: string | null; ... 6 more ...; user_id: string; }; Insert: { ...; }; Update: { ...; }; Relationships: [...]; }; ... 7 more ...; weekly_performance: { ...; }; }; Views: {}; Functions: { ...; }; Enums: {}; CompositeTypes: {}; }, never, never, never>', gave the following error.
    Argument of type '"exercise_subtasks"' is not assignable to parameter of type 'never'.
app/(tabs)/library.tsx(315,9): error TS2322: Type '({ activity_date: string; activity_time: string; category_id: string | null; created_at: string; external_calendar_id: string | null; external_event_id: string | null; id: string; ... 4 more ...; user_id: string; } | ... 7 more ... | { ...; })[]' is not assignable to type 'ExerciseSubtask[]'.
  Type '{ activity_date: string; activity_time: string; category_id: string | null; created_at: string; external_calendar_id: string | null; external_event_id: string | null; id: string; ... 4 more ...; user_id: string; } | ... 7 more ... | { ...; }' is not assignable to type 'ExerciseSubtask'.
    Type '{ activity_date: string; activity_time: string; category_id: string | null; created_at: string; external_calendar_id: string | null; external_event_id: string | null; id: string; is_external: boolean; location: string | null; title: string; updated_at: string; user_id: string; }' is missing the following properties from type 'ExerciseSubtask': exercise_id, sort_order
app/(tabs)/library.tsx(322,30): error TS2339: Property 'category_path' does not exist on type '{ activity_date: string; activity_time: string; category_id: string | null; created_at: string; external_calendar_id: string | null; external_event_id: string | null; id: string; ... 4 more ...; user_id: string; } | ... 7 more ... | { ...; }'.
  Property 'category_path' does not exist on type '{ activity_date: string; activity_time: string; category_id: string | null; created_at: string; external_calendar_id: string | null; external_event_id: string | null; id: string; is_external: boolean; location: string | null; title: string; updated_at: string; user_id: string; }'.
app/(tabs)/library.tsx(326,45): error TS2339: Property 'updated_at' does not exist on type '{ activity_date: string; activity_time: string; category_id: string | null; created_at: string; external_calendar_id: string | null; external_event_id: string | null; id: string; ... 4 more ...; user_id: string; } | ... 7 more ... | { ...; }'.
  Property 'updated_at' does not exist on type '{ activity_task_id: string; completed: boolean; created_at: string; id: string; sort_order: number; title: string; }'.
app/(tabs)/library.tsx(343,31): error TS2345: Argument of type '{ subfolders: { exercises: ({ created_at: Date; updated_at: Date; subtasks: ExerciseSubtask[]; assignments: never[]; activity_date: string; activity_time: string; ... 7 more ...; user_id: string; } | ... 7 more ... | { ...; })[]; ... 7 more ...; isExpanded?: boolean | undefined; }[] | undefined; ... 7 more ...; isEx...' is not assignable to parameter of type 'SetStateAction<FolderItem[]>'.
  Type '{ subfolders: { exercises: ({ created_at: Date; updated_at: Date; subtasks: ExerciseSubtask[]; assignments: never[]; activity_date: string; activity_time: string; ... 7 more ...; user_id: string; } | ... 7 more ... | { ...; })[]; ... 7 more ...; isExpanded?: boolean | undefined; }[] | undefined; ... 7 more ...; isEx...' is not assignable to type 'FolderItem[]'.
    Type '{ subfolders: { exercises: ({ created_at: Date; updated_at: Date; subtasks: ExerciseSubtask[]; assignments: never[]; activity_date: string; activity_time: string; ... 7 more ...; user_id: string; } | ... 7 more ... | { ...; })[]; ... 7 more ...; isExpanded?: boolean; }[] | undefined; ... 7 more ...; isExpanded?: boo...' is not assignable to type 'FolderItem'.
      Types of property 'subfolders' are incompatible.
        Type '{ exercises: ({ created_at: Date; updated_at: Date; subtasks: ExerciseSubtask[]; assignments: never[]; activity_date: string; activity_time: string; category_id: string | null; ... 6 more ...; user_id: string; } | ... 7 more ... | { ...; })[]; ... 7 more ...; isExpanded?: boolean | undefined; }[] | undefined' is not assignable to type 'FolderItem[] | undefined'.
          Type '{ exercises: ({ created_at: Date; updated_at: Date; subtasks: ExerciseSubtask[]; assignments: never[]; activity_date: string; activity_time: string; category_id: string | null; ... 6 more ...; user_id: string; } | ... 7 more ... | { ...; })[]; ... 7 more ...; isExpanded?: boolean | undefined; }[]' is not assignable to type 'FolderItem[]'.
            Type '{ exercises: ({ created_at: Date; updated_at: Date; subtasks: ExerciseSubtask[]; assignments: never[]; activity_date: string; activity_time: string; category_id: string | null; ... 6 more ...; user_id: string; } | ... 7 more ... | { ...; })[]; ... 7 more ...; isExpanded?: boolean; }' is not assignable to type 'FolderItem'.
              Types of property 'exercises' are incompatible.
                Type '({ created_at: Date; updated_at: Date; subtasks: ExerciseSubtask[]; assignments: never[]; activity_date: string; activity_time: string; category_id: string | null; ... 6 more ...; user_id: string; } | ... 7 more ... | { ...; })[]' is not assignable to type 'Exercise[]'.
                  Type '{ created_at: Date; updated_at: Date; subtasks: ExerciseSubtask[]; assignments: never[]; activity_date: string; activity_time: string; category_id: string | null; ... 6 more ...; user_id: string; } | ... 7 more ... | { ...; }' is not assignable to type 'Exercise'.
                    Type '{ created_at: Date; updated_at: Date; subtasks: ExerciseSubtask[]; assignments: never[]; activity_date: string; activity_time: string; category_id: string | null; ... 6 more ...; user_id: string; }' is missing the following properties from type 'Exercise': trainer_id, description, video_url
app/(tabs)/library.tsx(388,34): error TS2339: Property 'message' does not exist on type '{}'.
app/(tabs)/library.tsx(505,17): error TS2769: No overload matches this call.
  Overload 1 of 2, '(relation: "activity_categories" | "activity_tasks" | "activities" | "task_templates" | "activity_task_subtasks" | "external_calendars" | "task_template_categories" | "task_template_subtasks" | "weekly_performance"): PostgrestQueryBuilder<...>', gave the following error.
    Argument of type '"exercise_library"' is not assignable to parameter of type '"activity_categories" | "activity_tasks" | "activities" | "task_templates" | "activity_task_subtasks" | "external_calendars" | "task_template_categories" | "task_template_subtasks" | "weekly_performance"'.
  Overload 2 of 2, '(relation: never): PostgrestQueryBuilder<{ PostgrestVersion: "13.0.5"; }, { Tables: { activities: { Row: { activity_date: string; activity_time: string; category_id: string | null; created_at: string; external_calendar_id: string | null; ... 6 more ...; user_id: string; }; Insert: { ...; }; Update: { ...; }; Relationships: [...]; }; ... 7 more ...; weekly_performance: { ...; }; }; Views: {}; Functions: { ...; }; Enums: {}; CompositeTypes: {}; }, never, never, never>', gave the following error.
    Argument of type '"exercise_library"' is not assignable to parameter of type 'never'.
app/(tabs)/library.tsx(507,13): error TS2769: No overload matches this call.
  Overload 1 of 2, '(values: { activity_date: string; activity_time: string; category_id?: string | null | undefined; created_at?: string | undefined; external_calendar_id?: string | null | undefined; external_event_id?: string | ... 1 more ... | undefined; ... 5 more ...; user_id: string; } | ... 7 more ... | { ...; }, options?: { ...; } | undefined): PostgrestFilterBuilder<...>', gave the following error.
    Object literal may only specify known properties, and 'trainer_id' does not exist in type '{ activity_date: string; activity_time: string; category_id?: string | null | undefined; created_at?: string | undefined; external_calendar_id?: string | null | undefined; external_event_id?: string | ... 1 more ... | undefined; ... 5 more ...; user_id: string; } | ... 7 more ... | { ...; }'.
  Overload 2 of 2, '(values: ({ activity_date: string; activity_time: string; category_id?: string | null | undefined; created_at?: string | undefined; external_calendar_id?: string | null | undefined; external_event_id?: string | ... 1 more ... | undefined; ... 5 more ...; user_id: string; } | ... 7 more ... | { ...; })[], options?: { ...; } | undefined): PostgrestFilterBuilder<...>', gave the following error.
    Object literal may only specify known properties, and 'trainer_id' does not exist in type '({ activity_date: string; activity_time: string; category_id?: string | null | undefined; created_at?: string | undefined; external_calendar_id?: string | null | undefined; external_event_id?: string | ... 1 more ... | undefined; ... 5 more ...; user_id: string; } | ... 7 more ... | { ...; })[]'.
app/(tabs)/library.tsx(526,19): error TS2769: No overload matches this call.
  Overload 1 of 2, '(relation: "activity_categories" | "activity_tasks" | "activities" | "task_templates" | "activity_task_subtasks" | "external_calendars" | "task_template_categories" | "task_template_subtasks" | "weekly_performance"): PostgrestQueryBuilder<...>', gave the following error.
    Argument of type '"exercise_subtasks"' is not assignable to parameter of type '"activity_categories" | "activity_tasks" | "activities" | "task_templates" | "activity_task_subtasks" | "external_calendars" | "task_template_categories" | "task_template_subtasks" | "weekly_performance"'.
  Overload 2 of 2, '(relation: never): PostgrestQueryBuilder<{ PostgrestVersion: "13.0.5"; }, { Tables: { activities: { Row: { activity_date: string; activity_time: string; category_id: string | null; created_at: string; external_calendar_id: string | null; ... 6 more ...; user_id: string; }; Insert: { ...; }; Update: { ...; }; Relationships: [...]; }; ... 7 more ...; weekly_performance: { ...; }; }; Views: {}; Functions: { ...; }; Enums: {}; CompositeTypes: {}; }, never, never, never>', gave the following error.
    Argument of type '"exercise_subtasks"' is not assignable to parameter of type 'never'.
app/(tabs)/library.tsx(527,21): error TS2769: No overload matches this call.
  Overload 1 of 2, '(values: { activity_date: string; activity_time: string; category_id?: string | null | undefined; created_at?: string | undefined; external_calendar_id?: string | null | undefined; external_event_id?: string | ... 1 more ... | undefined; ... 5 more ...; user_id: string; } | ... 7 more ... | { ...; }, options?: { ...; } | undefined): PostgrestFilterBuilder<...>', gave the following error.
    Argument of type '{ exercise_id: string; title: string; sort_order: number; }[]' is not assignable to parameter of type '{ activity_date: string; activity_time: string; category_id?: string | null | undefined; created_at?: string | undefined; external_calendar_id?: string | null | undefined; external_event_id?: string | ... 1 more ... | undefined; ... 5 more ...; user_id: string; } | ... 7 more ... | { ...; }'.
  Overload 2 of 2, '(values: ({ activity_date: string; activity_time: string; category_id?: string | null | undefined; created_at?: string | undefined; external_calendar_id?: string | null | undefined; external_event_id?: string | ... 1 more ... | undefined; ... 5 more ...; user_id: string; } | ... 7 more ... | { ...; })[], options?: { ...; } | undefined): PostgrestFilterBuilder<...>', gave the following error.
    Argument of type '{ exercise_id: string; title: string; sort_order: number; }[]' is not assignable to parameter of type '({ activity_date: string; activity_time: string; category_id?: string | null | undefined; created_at?: string | undefined; external_calendar_id?: string | null | undefined; external_event_id?: string | ... 1 more ... | undefined; ... 5 more ...; user_id: string; } | ... 7 more ... | { ...; })[]'.
      Type '{ exercise_id: string; title: string; sort_order: number; }' is not assignable to type '{ activity_date: string; activity_time: string; category_id?: string | null | undefined; created_at?: string | undefined; external_calendar_id?: string | null | undefined; external_event_id?: string | ... 1 more ... | undefined; ... 5 more ...; user_id: string; } | ... 7 more ... | { ...; }'.
        Property 'task_template_id' is missing in type '{ exercise_id: string; title: string; sort_order: number; }' but required in type '{ created_at?: string | undefined; id?: string | undefined; sort_order?: number | undefined; task_template_id: string; title: string; }'.
app/(tabs)/library.tsx(535,17): error TS2769: No overload matches this call.
  Overload 1 of 2, '(relation: "activity_categories" | "activity_tasks" | "activities" | "task_templates" | "activity_task_subtasks" | "external_calendars" | "task_template_categories" | "task_template_subtasks" | "weekly_performance"): PostgrestQueryBuilder<...>', gave the following error.
    Argument of type '"exercise_library"' is not assignable to parameter of type '"activity_categories" | "activity_tasks" | "activities" | "task_templates" | "activity_task_subtasks" | "external_calendars" | "task_template_categories" | "task_template_subtasks" | "weekly_performance"'.
  Overload 2 of 2, '(relation: never): PostgrestQueryBuilder<{ PostgrestVersion: "13.0.5"; }, { Tables: { activities: { Row: { activity_date: string; activity_time: string; category_id: string | null; created_at: string; external_calendar_id: string | null; ... 6 more ...; user_id: string; }; Insert: { ...; }; Update: { ...; }; Relationships: [...]; }; ... 7 more ...; weekly_performance: { ...; }; }; Views: {}; Functions: { ...; }; Enums: {}; CompositeTypes: {}; }, never, never, never>', gave the following error.
    Argument of type '"exercise_library"' is not assignable to parameter of type 'never'.
app/(tabs)/library.tsx(547,17): error TS2769: No overload matches this call.
  Overload 1 of 2, '(relation: "activity_categories" | "activity_tasks" | "activities" | "task_templates" | "activity_task_subtasks" | "external_calendars" | "task_template_categories" | "task_template_subtasks" | "weekly_performance"): PostgrestQueryBuilder<...>', gave the following error.
    Argument of type '"exercise_subtasks"' is not assignable to parameter of type '"activity_categories" | "activity_tasks" | "activities" | "task_templates" | "activity_task_subtasks" | "external_calendars" | "task_template_categories" | "task_template_subtasks" | "weekly_performance"'.
  Overload 2 of 2, '(relation: never): PostgrestQueryBuilder<{ PostgrestVersion: "13.0.5"; }, { Tables: { activities: { Row: { activity_date: string; activity_time: string; category_id: string | null; created_at: string; external_calendar_id: string | null; ... 6 more ...; user_id: string; }; Insert: { ...; }; Update: { ...; }; Relationships: [...]; }; ... 7 more ...; weekly_performance: { ...; }; }; Views: {}; Functions: { ...; }; Enums: {}; CompositeTypes: {}; }, never, never, never>', gave the following error.
    Argument of type '"exercise_subtasks"' is not assignable to parameter of type 'never'.
app/(tabs)/library.tsx(562,19): error TS2769: No overload matches this call.
  Overload 1 of 2, '(relation: "activity_categories" | "activity_tasks" | "activities" | "task_templates" | "activity_task_subtasks" | "external_calendars" | "task_template_categories" | "task_template_subtasks" | "weekly_performance"): PostgrestQueryBuilder<...>', gave the following error.
    Argument of type '"exercise_subtasks"' is not assignable to parameter of type '"activity_categories" | "activity_tasks" | "activities" | "task_templates" | "activity_task_subtasks" | "external_calendars" | "task_template_categories" | "task_template_subtasks" | "weekly_performance"'.
  Overload 2 of 2, '(relation: never): PostgrestQueryBuilder<{ PostgrestVersion: "13.0.5"; }, { Tables: { activities: { Row: { activity_date: string; activity_time: string; category_id: string | null; created_at: string; external_calendar_id: string | null; ... 6 more ...; user_id: string; }; Insert: { ...; }; Update: { ...; }; Relationships: [...]; }; ... 7 more ...; weekly_performance: { ...; }; }; Views: {}; Functions: { ...; }; Enums: {}; CompositeTypes: {}; }, never, never, never>', gave the following error.
    Argument of type '"exercise_subtasks"' is not assignable to parameter of type 'never'.
app/(tabs)/library.tsx(563,21): error TS2769: No overload matches this call.
  Overload 1 of 2, '(values: { activity_date: string; activity_time: string; category_id?: string | null | undefined; created_at?: string | undefined; external_calendar_id?: string | null | undefined; external_event_id?: string | ... 1 more ... | undefined; ... 5 more ...; user_id: string; } | ... 7 more ... | { ...; }, options?: { ...; } | undefined): PostgrestFilterBuilder<...>', gave the following error.
    Argument of type '{ exercise_id: string; title: string; sort_order: number; }[]' is not assignable to parameter of type '{ activity_date: string; activity_time: string; category_id?: string | null | undefined; created_at?: string | undefined; external_calendar_id?: string | null | undefined; external_event_id?: string | ... 1 more ... | undefined; ... 5 more ...; user_id: string; } | ... 7 more ... | { ...; }'.
  Overload 2 of 2, '(values: ({ activity_date: string; activity_time: string; category_id?: string | null | undefined; created_at?: string | undefined; external_calendar_id?: string | null | undefined; external_event_id?: string | ... 1 more ... | undefined; ... 5 more ...; user_id: string; } | ... 7 more ... | { ...; })[], options?: { ...; } | undefined): PostgrestFilterBuilder<...>', gave the following error.
    Argument of type '{ exercise_id: string; title: string; sort_order: number; }[]' is not assignable to parameter of type '({ activity_date: string; activity_time: string; category_id?: string | null | undefined; created_at?: string | undefined; external_calendar_id?: string | null | undefined; external_event_id?: string | ... 1 more ... | undefined; ... 5 more ...; user_id: string; } | ... 7 more ... | { ...; })[]'.
      Type '{ exercise_id: string; title: string; sort_order: number; }' is not assignable to type '{ activity_date: string; activity_time: string; category_id?: string | null | undefined; created_at?: string | undefined; external_calendar_id?: string | null | undefined; external_event_id?: string | ... 1 more ... | undefined; ... 5 more ...; user_id: string; } | ... 7 more ... | { ...; }'.
        Property 'task_template_id' is missing in type '{ exercise_id: string; title: string; sort_order: number; }' but required in type '{ created_at?: string | undefined; id?: string | undefined; sort_order?: number | undefined; task_template_id: string; title: string; }'.
app/(tabs)/library.tsx(600,23): error TS2769: No overload matches this call.
  Overload 1 of 2, '(relation: "activity_categories" | "activity_tasks" | "activities" | "task_templates" | "activity_task_subtasks" | "external_calendars" | "task_template_categories" | "task_template_subtasks" | "weekly_performance"): PostgrestQueryBuilder<...>', gave the following error.
    Argument of type '"exercise_library"' is not assignable to parameter of type '"activity_categories" | "activity_tasks" | "activities" | "task_templates" | "activity_task_subtasks" | "external_calendars" | "task_template_categories" | "task_template_subtasks" | "weekly_performance"'.
  Overload 2 of 2, '(relation: never): PostgrestQueryBuilder<{ PostgrestVersion: "13.0.5"; }, { Tables: { activities: { Row: { activity_date: string; activity_time: string; category_id: string | null; created_at: string; external_calendar_id: string | null; ... 6 more ...; user_id: string; }; Insert: { ...; }; Update: { ...; }; Relationships: [...]; }; ... 7 more ...; weekly_performance: { ...; }; }; Views: {}; Functions: { ...; }; Enums: {}; CompositeTypes: {}; }, never, never, never>', gave the following error.
    Argument of type '"exercise_library"' is not assignable to parameter of type 'never'.
app/(tabs)/library.tsx(631,15): error TS2769: No overload matches this call.
  Overload 1 of 2, '(relation: "activity_categories" | "activity_tasks" | "activities" | "task_templates" | "activity_task_subtasks" | "external_calendars" | "task_template_categories" | "task_template_subtasks" | "weekly_performance"): PostgrestQueryBuilder<...>', gave the following error.
    Argument of type '"exercise_library"' is not assignable to parameter of type '"activity_categories" | "activity_tasks" | "activities" | "task_templates" | "activity_task_subtasks" | "external_calendars" | "task_template_categories" | "task_template_subtasks" | "weekly_performance"'.
  Overload 2 of 2, '(relation: never): PostgrestQueryBuilder<{ PostgrestVersion: "13.0.5"; }, { Tables: { activities: { Row: { activity_date: string; activity_time: string; category_id: string | null; created_at: string; external_calendar_id: string | null; ... 6 more ...; user_id: string; }; Insert: { ...; }; Update: { ...; }; Relationships: [...]; }; ... 7 more ...; weekly_performance: { ...; }; }; Views: {}; Functions: { ...; }; Enums: {}; CompositeTypes: {}; }, never, never, never>', gave the following error.
    Argument of type '"exercise_library"' is not assignable to parameter of type 'never'.
app/(tabs)/library.tsx(633,11): error TS2769: No overload matches this call.
  Overload 1 of 2, '(values: { activity_date: string; activity_time: string; category_id?: string | null | undefined; created_at?: string | undefined; external_calendar_id?: string | null | undefined; external_event_id?: string | ... 1 more ... | undefined; ... 5 more ...; user_id: string; } | ... 7 more ... | { ...; }, options?: { ...; } | undefined): PostgrestFilterBuilder<...>', gave the following error.
    Object literal may only specify known properties, and 'trainer_id' does not exist in type '{ activity_date: string; activity_time: string; category_id?: string | null | undefined; created_at?: string | undefined; external_calendar_id?: string | null | undefined; external_event_id?: string | ... 1 more ... | undefined; ... 5 more ...; user_id: string; } | ... 7 more ... | { ...; }'.
  Overload 2 of 2, '(values: ({ activity_date: string; activity_time: string; category_id?: string | null | undefined; created_at?: string | undefined; external_calendar_id?: string | null | undefined; external_event_id?: string | ... 1 more ... | undefined; ... 5 more ...; user_id: string; } | ... 7 more ... | { ...; })[], options?: { ...; } | undefined): PostgrestFilterBuilder<...>', gave the following error.
    Object literal may only specify known properties, and 'trainer_id' does not exist in type '({ activity_date: string; activity_time: string; category_id?: string | null | undefined; created_at?: string | undefined; external_calendar_id?: string | null | undefined; external_event_id?: string | ... 1 more ... | undefined; ... 5 more ...; user_id: string; } | ... 7 more ... | { ...; })[]'.
app/(tabs)/library.tsx(651,17): error TS2769: No overload matches this call.
  Overload 1 of 2, '(relation: "activity_categories" | "activity_tasks" | "activities" | "task_templates" | "activity_task_subtasks" | "external_calendars" | "task_template_categories" | "task_template_subtasks" | "weekly_performance"): PostgrestQueryBuilder<...>', gave the following error.
    Argument of type '"exercise_subtasks"' is not assignable to parameter of type '"activity_categories" | "activity_tasks" | "activities" | "task_templates" | "activity_task_subtasks" | "external_calendars" | "task_template_categories" | "task_template_subtasks" | "weekly_performance"'.
  Overload 2 of 2, '(relation: never): PostgrestQueryBuilder<{ PostgrestVersion: "13.0.5"; }, { Tables: { activities: { Row: { activity_date: string; activity_time: string; category_id: string | null; created_at: string; external_calendar_id: string | null; ... 6 more ...; user_id: string; }; Insert: { ...; }; Update: { ...; }; Relationships: [...]; }; ... 7 more ...; weekly_performance: { ...; }; }; Views: {}; Functions: { ...; }; Enums: {}; CompositeTypes: {}; }, never, never, never>', gave the following error.
    Argument of type '"exercise_subtasks"' is not assignable to parameter of type 'never'.
app/(tabs)/library.tsx(652,19): error TS2769: No overload matches this call.
  Overload 1 of 2, '(values: { activity_date: string; activity_time: string; category_id?: string | null | undefined; created_at?: string | undefined; external_calendar_id?: string | null | undefined; external_event_id?: string | ... 1 more ... | undefined; ... 5 more ...; user_id: string; } | ... 7 more ... | { ...; }, options?: { ...; } | undefined): PostgrestFilterBuilder<...>', gave the following error.
    Argument of type '{ exercise_id: string; title: string; sort_order: number; }[]' is not assignable to parameter of type '{ activity_date: string; activity_time: string; category_id?: string | null | undefined; created_at?: string | undefined; external_calendar_id?: string | null | undefined; external_event_id?: string | ... 1 more ... | undefined; ... 5 more ...; user_id: string; } | ... 7 more ... | { ...; }'.
  Overload 2 of 2, '(values: ({ activity_date: string; activity_time: string; category_id?: string | null | undefined; created_at?: string | undefined; external_calendar_id?: string | null | undefined; external_event_id?: string | ... 1 more ... | undefined; ... 5 more ...; user_id: string; } | ... 7 more ... | { ...; })[], options?: { ...; } | undefined): PostgrestFilterBuilder<...>', gave the following error.
    Argument of type '{ exercise_id: string; title: string; sort_order: number; }[]' is not assignable to parameter of type '({ activity_date: string; activity_time: string; category_id?: string | null | undefined; created_at?: string | undefined; external_calendar_id?: string | null | undefined; external_event_id?: string | ... 1 more ... | undefined; ... 5 more ...; user_id: string; } | ... 7 more ... | { ...; })[]'.
      Type '{ exercise_id: string; title: string; sort_order: number; }' is not assignable to type '{ activity_date: string; activity_time: string; category_id?: string | null | undefined; created_at?: string | undefined; external_calendar_id?: string | null | undefined; external_event_id?: string | ... 1 more ... | undefined; ... 5 more ...; user_id: string; } | ... 7 more ... | { ...; }'.
        Property 'task_template_id' is missing in type '{ exercise_id: string; title: string; sort_order: number; }' but required in type '{ created_at?: string | undefined; id?: string | undefined; sort_order?: number | undefined; task_template_id: string; title: string; }'.
app/(tabs)/library.tsx(685,15): error TS2769: No overload matches this call.
  Overload 1 of 2, '(relation: "activity_categories" | "activity_tasks" | "activities" | "task_templates" | "activity_task_subtasks" | "external_calendars" | "task_template_categories" | "task_template_subtasks" | "weekly_performance"): PostgrestQueryBuilder<...>', gave the following error.
    Argument of type '"exercise_assignments"' is not assignable to parameter of type '"activity_categories" | "activity_tasks" | "activities" | "task_templates" | "activity_task_subtasks" | "external_calendars" | "task_template_categories" | "task_template_subtasks" | "weekly_performance"'.
  Overload 2 of 2, '(relation: never): PostgrestQueryBuilder<{ PostgrestVersion: "13.0.5"; }, { Tables: { activities: { Row: { activity_date: string; activity_time: string; category_id: string | null; created_at: string; external_calendar_id: string | null; ... 6 more ...; user_id: string; }; Insert: { ...; }; Update: { ...; }; Relationships: [...]; }; ... 7 more ...; weekly_performance: { ...; }; }; Views: {}; Functions: { ...; }; Enums: {}; CompositeTypes: {}; }, never, never, never>', gave the following error.
    Argument of type '"exercise_assignments"' is not assignable to parameter of type 'never'.
app/(tabs)/library.tsx(687,11): error TS2769: No overload matches this call.
  Overload 1 of 2, '(values: { activity_date: string; activity_time: string; category_id?: string | null | undefined; created_at?: string | undefined; external_calendar_id?: string | null | undefined; external_event_id?: string | ... 1 more ... | undefined; ... 5 more ...; user_id: string; } | ... 7 more ... | { ...; }, options?: { ...; } | undefined): PostgrestFilterBuilder<...>', gave the following error.
    Object literal may only specify known properties, and 'exercise_id' does not exist in type '{ activity_date: string; activity_time: string; category_id?: string | null | undefined; created_at?: string | undefined; external_calendar_id?: string | null | undefined; external_event_id?: string | ... 1 more ... | undefined; ... 5 more ...; user_id: string; } | ... 7 more ... | { ...; }'.
  Overload 2 of 2, '(values: ({ activity_date: string; activity_time: string; category_id?: string | null | undefined; created_at?: string | undefined; external_calendar_id?: string | null | undefined; external_event_id?: string | ... 1 more ... | undefined; ... 5 more ...; user_id: string; } | ... 7 more ... | { ...; })[], options?: { ...; } | undefined): PostgrestFilterBuilder<...>', gave the following error.
    Object literal may only specify known properties, and 'exercise_id' does not exist in type '({ activity_date: string; activity_time: string; category_id?: string | null | undefined; created_at?: string | undefined; external_calendar_id?: string | null | undefined; external_event_id?: string | ... 1 more ... | undefined; ... 5 more ...; user_id: string; } | ... 7 more ... | { ...; })[]'.
app/(tabs)/library.tsx(723,15): error TS2769: No overload matches this call.
  Overload 1 of 2, '(relation: "activity_categories" | "activity_tasks" | "activities" | "task_templates" | "activity_task_subtasks" | "external_calendars" | "task_template_categories" | "task_template_subtasks" | "weekly_performance"): PostgrestQueryBuilder<...>', gave the following error.
    Argument of type '"exercise_assignments"' is not assignable to parameter of type '"activity_categories" | "activity_tasks" | "activities" | "task_templates" | "activity_task_subtasks" | "external_calendars" | "task_template_categories" | "task_template_subtasks" | "weekly_performance"'.
  Overload 2 of 2, '(relation: never): PostgrestQueryBuilder<{ PostgrestVersion: "13.0.5"; }, { Tables: { activities: { Row: { activity_date: string; activity_time: string; category_id: string | null; created_at: string; external_calendar_id: string | null; ... 6 more ...; user_id: string; }; Insert: { ...; }; Update: { ...; }; Relationships: [...]; }; ... 7 more ...; weekly_performance: { ...; }; }; Views: {}; Functions: { ...; }; Enums: {}; CompositeTypes: {}; }, never, never, never>', gave the following error.
    Argument of type '"exercise_assignments"' is not assignable to parameter of type 'never'.
app/(tabs)/library.tsx(725,11): error TS2769: No overload matches this call.
  Overload 1 of 2, '(values: { activity_date: string; activity_time: string; category_id?: string | null | undefined; created_at?: string | undefined; external_calendar_id?: string | null | undefined; external_event_id?: string | ... 1 more ... | undefined; ... 5 more ...; user_id: string; } | ... 7 more ... | { ...; }, options?: { ...; } | undefined): PostgrestFilterBuilder<...>', gave the following error.
    Object literal may only specify known properties, and 'exercise_id' does not exist in type '{ activity_date: string; activity_time: string; category_id?: string | null | undefined; created_at?: string | undefined; external_calendar_id?: string | null | undefined; external_event_id?: string | ... 1 more ... | undefined; ... 5 more ...; user_id: string; } | ... 7 more ... | { ...; }'.
  Overload 2 of 2, '(values: ({ activity_date: string; activity_time: string; category_id?: string | null | undefined; created_at?: string | undefined; external_calendar_id?: string | null | undefined; external_event_id?: string | ... 1 more ... | undefined; ... 5 more ...; user_id: string; } | ... 7 more ... | { ...; })[], options?: { ...; } | undefined): PostgrestFilterBuilder<...>', gave the following error.
    Object literal may only specify known properties, and 'exercise_id' does not exist in type '({ activity_date: string; activity_time: string; category_id?: string | null | undefined; created_at?: string | undefined; external_calendar_id?: string | null | undefined; external_event_id?: string | ... 1 more ... | undefined; ... 5 more ...; user_id: string; } | ... 7 more ... | { ...; })[]'.
app/(tabs)/library.tsx(776,29): error TS18047: 'taskTemplate' is possibly 'null'.
app/(tabs)/library.tsx(1021,15): error TS2322: Type 'string' is not assignable to type 'SFSymbols7_0'.
app/(tabs)/profile.tsx(88,15): error TS2769: No overload matches this call.
  Overload 1 of 2, '(relation: "activity_categories" | "activity_tasks" | "activities" | "task_templates" | "activity_task_subtasks" | "external_calendars" | "task_template_categories" | "task_template_subtasks" | "weekly_performance"): PostgrestQueryBuilder<...>', gave the following error.
    Argument of type '"profiles"' is not assignable to parameter of type '"activity_categories" | "activity_tasks" | "activities" | "task_templates" | "activity_task_subtasks" | "external_calendars" | "task_template_categories" | "task_template_subtasks" | "weekly_performance"'.
  Overload 2 of 2, '(relation: never): PostgrestQueryBuilder<{ PostgrestVersion: "13.0.5"; }, { Tables: { activities: { Row: { activity_date: string; activity_time: string; category_id: string | null; created_at: string; external_calendar_id: string | null; ... 6 more ...; user_id: string; }; Insert: { ...; }; Update: { ...; }; Relationships: [...]; }; ... 7 more ...; weekly_performance: { ...; }; }; Views: {}; Functions: { ...; }; Enums: {}; CompositeTypes: {}; }, never, never, never>', gave the following error.
    Argument of type '"profiles"' is not assignable to parameter of type 'never'.
app/(tabs)/profile.tsx(100,63): error TS2339: Property 'full_name' does not exist on type 'SelectQueryError<"column 'full_name' does not exist on 'activity_categories'."> | SelectQueryError<"column 'full_name' does not exist on 'activity_tasks'."> | ... 6 more ... | SelectQueryError<...>'.
  Property 'full_name' does not exist on type 'SelectQueryError<"column 'full_name' does not exist on 'activity_categories'.">'.
app/(tabs)/profile.tsx(100,79): error TS2339: Property 'phone_number' does not exist on type 'SelectQueryError<"column 'full_name' does not exist on 'activity_categories'."> | SelectQueryError<"column 'full_name' does not exist on 'activity_tasks'."> | ... 6 more ... | SelectQueryError<...>'.
  Property 'phone_number' does not exist on type 'SelectQueryError<"column 'full_name' does not exist on 'activity_categories'.">'.
app/(tabs)/profile.tsx(102,20): error TS2345: Argument of type 'SelectQueryError<"column 'full_name' does not exist on 'activity_categories'."> | SelectQueryError<"column 'full_name' does not exist on 'activity_tasks'."> | ... 6 more ... | SelectQueryError<...>' is not assignable to parameter of type 'SetStateAction<UserProfile | null>'.
  Type 'SelectQueryError<"column 'full_name' does not exist on 'activity_categories'.">' is not assignable to type 'SetStateAction<UserProfile | null>'.
app/(tabs)/profile.tsx(103,26): error TS2339: Property 'full_name' does not exist on type 'SelectQueryError<"column 'full_name' does not exist on 'activity_categories'."> | SelectQueryError<"column 'full_name' does not exist on 'activity_tasks'."> | ... 6 more ... | SelectQueryError<...>'.
  Property 'full_name' does not exist on type 'SelectQueryError<"column 'full_name' does not exist on 'activity_categories'.">'.
app/(tabs)/profile.tsx(104,27): error TS2339: Property 'phone_number' does not exist on type 'SelectQueryError<"column 'full_name' does not exist on 'activity_categories'."> | SelectQueryError<"column 'full_name' does not exist on 'activity_tasks'."> | ... 6 more ... | SelectQueryError<...>'.
  Property 'phone_number' does not exist on type 'SelectQueryError<"column 'full_name' does not exist on 'activity_categories'.">'.
app/(tabs)/profile.tsx(105,30): error TS2339: Property 'full_name' does not exist on type 'SelectQueryError<"column 'full_name' does not exist on 'activity_categories'."> | SelectQueryError<"column 'full_name' does not exist on 'activity_tasks'."> | ... 6 more ... | SelectQueryError<...>'.
  Property 'full_name' does not exist on type 'SelectQueryError<"column 'full_name' does not exist on 'activity_categories'.">'.
app/(tabs)/profile.tsx(106,31): error TS2339: Property 'phone_number' does not exist on type 'SelectQueryError<"column 'full_name' does not exist on 'activity_categories'."> | SelectQueryError<"column 'full_name' does not exist on 'activity_tasks'."> | ... 6 more ... | SelectQueryError<...>'.
  Property 'phone_number' does not exist on type 'SelectQueryError<"column 'full_name' does not exist on 'activity_categories'.">'.
app/(tabs)/profile.tsx(121,15): error TS2769: No overload matches this call.
  Overload 1 of 2, '(relation: "activity_categories" | "activity_tasks" | "activities" | "task_templates" | "activity_task_subtasks" | "external_calendars" | "task_template_categories" | "task_template_subtasks" | "weekly_performance"): PostgrestQueryBuilder<...>', gave the following error.
    Argument of type '"admin_player_relationships"' is not assignable to parameter of type '"activity_categories" | "activity_tasks" | "activities" | "task_templates" | "activity_task_subtasks" | "external_calendars" | "task_template_categories" | "task_template_subtasks" | "weekly_performance"'.
  Overload 2 of 2, '(relation: never): PostgrestQueryBuilder<{ PostgrestVersion: "13.0.5"; }, { Tables: { activities: { Row: { activity_date: string; activity_time: string; category_id: string | null; created_at: string; external_calendar_id: string | null; ... 6 more ...; user_id: string; }; Insert: { ...; }; Update: { ...; }; Relationships: [...]; }; ... 7 more ...; weekly_performance: { ...; }; }; Views: {}; Functions: { ...; }; Enums: {}; CompositeTypes: {}; }, never, never, never>', gave the following error.
    Argument of type '"admin_player_relationships"' is not assignable to parameter of type 'never'.
app/(tabs)/profile.tsx(139,15): error TS2769: No overload matches this call.
  Overload 1 of 2, '(relation: "activity_categories" | "activity_tasks" | "activities" | "task_templates" | "activity_task_subtasks" | "external_calendars" | "task_template_categories" | "task_template_subtasks" | "weekly_performance"): PostgrestQueryBuilder<...>', gave the following error.
    Argument of type '"profiles"' is not assignable to parameter of type '"activity_categories" | "activity_tasks" | "activities" | "task_templates" | "activity_task_subtasks" | "external_calendars" | "task_template_categories" | "task_template_subtasks" | "weekly_performance"'.
  Overload 2 of 2, '(relation: never): PostgrestQueryBuilder<{ PostgrestVersion: "13.0.5"; }, { Tables: { activities: { Row: { activity_date: string; activity_time: string; category_id: string | null; created_at: string; external_calendar_id: string | null; ... 6 more ...; user_id: string; }; Insert: { ...; }; Update: { ...; }; Relationships: [...]; }; ... 7 more ...; weekly_performance: { ...; }; }; Views: {}; Functions: { ...; }; Enums: {}; CompositeTypes: {}; }, never, never, never>', gave the following error.
    Argument of type '"profiles"' is not assignable to parameter of type 'never'.
app/(tabs)/profile.tsx(141,37): error TS2339: Property 'admin_id' does not exist on type 'SelectQueryError<"column 'admin_id' does not exist on 'activity_categories'."> | SelectQueryError<"column 'admin_id' does not exist on 'activity_tasks'."> | ... 6 more ... | SelectQueryError<...>'.
  Property 'admin_id' does not exist on type 'SelectQueryError<"column 'admin_id' does not exist on 'activity_categories'.">'.
app/(tabs)/profile.tsx(149,34): error TS2339: Property 'full_name' does not exist on type 'SelectQueryError<"column 'full_name' does not exist on 'activity_categories'."> | SelectQueryError<"column 'full_name' does not exist on 'activity_tasks'."> | ... 6 more ... | SelectQueryError<...>'.
  Property 'full_name' does not exist on type 'SelectQueryError<"column 'full_name' does not exist on 'activity_categories'.">'.
app/(tabs)/profile.tsx(150,37): error TS2339: Property 'phone_number' does not exist on type 'SelectQueryError<"column 'full_name' does not exist on 'activity_categories'."> | SelectQueryError<"column 'full_name' does not exist on 'activity_tasks'."> | ... 6 more ... | SelectQueryError<...>'.
  Property 'phone_number' does not exist on type 'SelectQueryError<"column 'full_name' does not exist on 'activity_categories'.">'.
app/(tabs)/profile.tsx(165,13): error TS2769: No overload matches this call.
  Overload 1 of 2, '(relation: "activity_categories" | "activity_tasks" | "activities" | "task_templates" | "activity_task_subtasks" | "external_calendars" | "task_template_categories" | "task_template_subtasks" | "weekly_performance"): PostgrestQueryBuilder<...>', gave the following error.
    Argument of type '"user_roles"' is not assignable to parameter of type '"activity_categories" | "activity_tasks" | "activities" | "task_templates" | "activity_task_subtasks" | "external_calendars" | "task_template_categories" | "task_template_subtasks" | "weekly_performance"'.
  Overload 2 of 2, '(relation: never): PostgrestQueryBuilder<{ PostgrestVersion: "13.0.5"; }, { Tables: { activities: { Row: { activity_date: string; activity_time: string; category_id: string | null; created_at: string; external_calendar_id: string | null; ... 6 more ...; user_id: string; }; Insert: { ...; }; Update: { ...; }; Relationships: [...]; }; ... 7 more ...; weekly_performance: { ...; }; }; Views: {}; Functions: { ...; }; Enums: {}; CompositeTypes: {}; }, never, never, never>', gave the following error.
    Argument of type '"user_roles"' is not assignable to parameter of type 'never'.
app/(tabs)/profile.tsx(179,27): error TS2339: Property 'role' does not exist on type 'SelectQueryError<"column 'role' does not exist on 'activity_categories'."> | SelectQueryError<"column 'role' does not exist on 'activity_tasks'."> | ... 6 more ... | SelectQueryError<...>'.
  Property 'role' does not exist on type 'SelectQueryError<"column 'role' does not exist on 'activity_categories'.">'.
app/(tabs)/profile.tsx(188,15): error TS2769: No overload matches this call.
  Overload 1 of 2, '(relation: "activity_categories" | "activity_tasks" | "activities" | "task_templates" | "activity_task_subtasks" | "external_calendars" | "task_template_categories" | "task_template_subtasks" | "weekly_performance"): PostgrestQueryBuilder<...>', gave the following error.
    Argument of type '"subscriptions"' is not assignable to parameter of type '"activity_categories" | "activity_tasks" | "activities" | "task_templates" | "activity_task_subtasks" | "external_calendars" | "task_template_categories" | "task_template_subtasks" | "weekly_performance"'.
  Overload 2 of 2, '(relation: never): PostgrestQueryBuilder<{ PostgrestVersion: "13.0.5"; }, { Tables: { activities: { Row: { activity_date: string; activity_time: string; category_id: string | null; created_at: string; external_calendar_id: string | null; ... 6 more ...; user_id: string; }; Insert: { ...; }; Update: { ...; }; Relationships: [...]; }; ... 7 more ...; weekly_performance: { ...; }; }; Views: {}; Functions: { ...; }; Enums: {}; CompositeTypes: {}; }, never, never, never>', gave the following error.
    Argument of type '"subscriptions"' is not assignable to parameter of type 'never'.
app/(tabs)/profile.tsx(203,62): error TS2339: Property 'status' does not exist on type 'SelectQueryError<"column 'status' does not exist on 'activity_categories'."> | SelectQueryError<"column 'status' does not exist on 'activity_tasks'."> | ... 6 more ... | SelectQueryError<...>'.
  Property 'status' does not exist on type 'SelectQueryError<"column 'status' does not exist on 'activity_categories'.">'.
app/(tabs)/profile.tsx(273,15): error TS2769: No overload matches this call.
  Overload 1 of 2, '(relation: "activity_categories" | "activity_tasks" | "activities" | "task_templates" | "activity_task_subtasks" | "external_calendars" | "task_template_categories" | "task_template_subtasks" | "weekly_performance"): PostgrestQueryBuilder<...>', gave the following error.
    Argument of type '"profiles"' is not assignable to parameter of type '"activity_categories" | "activity_tasks" | "activities" | "task_templates" | "activity_task_subtasks" | "external_calendars" | "task_template_categories" | "task_template_subtasks" | "weekly_performance"'.
  Overload 2 of 2, '(relation: never): PostgrestQueryBuilder<{ PostgrestVersion: "13.0.5"; }, { Tables: { activities: { Row: { activity_date: string; activity_time: string; category_id: string | null; created_at: string; external_calendar_id: string | null; ... 6 more ...; user_id: string; }; Insert: { ...; }; Update: { ...; }; Relationships: [...]; }; ... 7 more ...; weekly_performance: { ...; }; }; Views: {}; Functions: { ...; }; Enums: {}; CompositeTypes: {}; }, never, never, never>', gave the following error.
    Argument of type '"profiles"' is not assignable to parameter of type 'never'.
app/(tabs)/profile.tsx(280,17): error TS2769: No overload matches this call.
  Overload 1 of 2, '(relation: "activity_categories" | "activity_tasks" | "activities" | "task_templates" | "activity_task_subtasks" | "external_calendars" | "task_template_categories" | "task_template_subtasks" | "weekly_performance"): PostgrestQueryBuilder<...>', gave the following error.
    Argument of type '"profiles"' is not assignable to parameter of type '"activity_categories" | "activity_tasks" | "activities" | "task_templates" | "activity_task_subtasks" | "external_calendars" | "task_template_categories" | "task_template_subtasks" | "weekly_performance"'.
  Overload 2 of 2, '(relation: never): PostgrestQueryBuilder<{ PostgrestVersion: "13.0.5"; }, { Tables: { activities: { Row: { activity_date: string; activity_time: string; category_id: string | null; created_at: string; external_calendar_id: string | null; ... 6 more ...; user_id: string; }; Insert: { ...; }; Update: { ...; }; Relationships: [...]; }; ... 7 more ...; weekly_performance: { ...; }; }; Views: {}; Functions: { ...; }; Enums: {}; CompositeTypes: {}; }, never, never, never>', gave the following error.
    Argument of type '"profiles"' is not assignable to parameter of type 'never'.
app/(tabs)/profile.tsx(282,13): error TS2353: Object literal may only specify known properties, and 'full_name' does not exist in type '{ activity_date?: string | undefined; activity_time?: string | undefined; category_id?: string | null | undefined; created_at?: string | undefined; external_calendar_id?: string | null | undefined; ... 6 more ...; user_id?: string | undefined; } | ... 7 more ... | { ...; }'.
app/(tabs)/profile.tsx(290,17): error TS2769: No overload matches this call.
  Overload 1 of 2, '(relation: "activity_categories" | "activity_tasks" | "activities" | "task_templates" | "activity_task_subtasks" | "external_calendars" | "task_template_categories" | "task_template_subtasks" | "weekly_performance"): PostgrestQueryBuilder<...>', gave the following error.
    Argument of type '"profiles"' is not assignable to parameter of type '"activity_categories" | "activity_tasks" | "activities" | "task_templates" | "activity_task_subtasks" | "external_calendars" | "task_template_categories" | "task_template_subtasks" | "weekly_performance"'.
  Overload 2 of 2, '(relation: never): PostgrestQueryBuilder<{ PostgrestVersion: "13.0.5"; }, { Tables: { activities: { Row: { activity_date: string; activity_time: string; category_id: string | null; created_at: string; external_calendar_id: string | null; ... 6 more ...; user_id: string; }; Insert: { ...; }; Update: { ...; }; Relationships: [...]; }; ... 7 more ...; weekly_performance: { ...; }; }; Views: {}; Functions: { ...; }; Enums: {}; CompositeTypes: {}; }, never, never, never>', gave the following error.
    Argument of type '"profiles"' is not assignable to parameter of type 'never'.
app/(tabs)/profile.tsx(291,12): error TS2769: No overload matches this call.
  Overload 1 of 2, '(values: { activity_date: string; activity_time: string; category_id?: string | null | undefined; created_at?: string | undefined; external_calendar_id?: string | null | undefined; external_event_id?: string | ... 1 more ... | undefined; ... 5 more ...; user_id: string; } | ... 7 more ... | { ...; }, options?: { ...; } | undefined): PostgrestFilterBuilder<...>', gave the following error.
    Object literal may only specify known properties, and 'full_name' does not exist in type '{ activity_date: string; activity_time: string; category_id?: string | null | undefined; created_at?: string | undefined; external_calendar_id?: string | null | undefined; external_event_id?: string | ... 1 more ... | undefined; ... 5 more ...; user_id: string; } | ... 7 more ... | { ...; }'.
  Overload 2 of 2, '(values: ({ activity_date: string; activity_time: string; category_id?: string | null | undefined; created_at?: string | undefined; external_calendar_id?: string | null | undefined; external_event_id?: string | ... 1 more ... | undefined; ... 5 more ...; user_id: string; } | ... 7 more ... | { ...; })[], options?: { ...; } | undefined): PostgrestFilterBuilder<...>', gave the following error.
    Object literal may only specify known properties, and 'user_id' does not exist in type '({ activity_date: string; activity_time: string; category_id?: string | null | undefined; created_at?: string | undefined; external_calendar_id?: string | null | undefined; external_event_id?: string | ... 1 more ... | undefined; ... 5 more ...; user_id: string; } | ... 7 more ... | { ...; })[]'.
app/(tabs)/profile.tsx(465,15): error TS2769: No overload matches this call.
  Overload 1 of 2, '(relation: "activity_categories" | "activity_tasks" | "activities" | "task_templates" | "activity_task_subtasks" | "external_calendars" | "task_template_categories" | "task_template_subtasks" | "weekly_performance"): PostgrestQueryBuilder<...>', gave the following error.
    Argument of type '"user_roles"' is not assignable to parameter of type '"activity_categories" | "activity_tasks" | "activities" | "task_templates" | "activity_task_subtasks" | "external_calendars" | "task_template_categories" | "task_template_subtasks" | "weekly_performance"'.
  Overload 2 of 2, '(relation: never): PostgrestQueryBuilder<{ PostgrestVersion: "13.0.5"; }, { Tables: { activities: { Row: { activity_date: string; activity_time: string; category_id: string | null; created_at: string; external_calendar_id: string | null; ... 6 more ...; user_id: string; }; Insert: { ...; }; Update: { ...; }; Relationships: [...]; }; ... 7 more ...; weekly_performance: { ...; }; }; Views: {}; Functions: { ...; }; Enums: {}; CompositeTypes: {}; }, never, never, never>', gave the following error.
    Argument of type '"user_roles"' is not assignable to parameter of type 'never'.
app/(tabs)/profile.tsx(466,10): error TS2769: No overload matches this call.
  Overload 1 of 2, '(values: { activity_date: string; activity_time: string; category_id?: string | null | undefined; created_at?: string | undefined; external_calendar_id?: string | null | undefined; external_event_id?: string | ... 1 more ... | undefined; ... 5 more ...; user_id: string; } | ... 7 more ... | { ...; }, options?: { ...; } | undefined): PostgrestFilterBuilder<...>', gave the following error.
    Object literal may only specify known properties, and 'role' does not exist in type '{ activity_date: string; activity_time: string; category_id?: string | null | undefined; created_at?: string | undefined; external_calendar_id?: string | null | undefined; external_event_id?: string | ... 1 more ... | undefined; ... 5 more ...; user_id: string; } | ... 7 more ... | { ...; }'.
  Overload 2 of 2, '(values: ({ activity_date: string; activity_time: string; category_id?: string | null | undefined; created_at?: string | undefined; external_calendar_id?: string | null | undefined; external_event_id?: string | ... 1 more ... | undefined; ... 5 more ...; user_id: string; } | ... 7 more ... | { ...; })[], options?: { ...; } | undefined): PostgrestFilterBuilder<...>', gave the following error.
    Object literal may only specify known properties, and 'user_id' does not exist in type '({ activity_date: string; activity_time: string; category_id?: string | null | undefined; created_at?: string | undefined; external_calendar_id?: string | null | undefined; external_event_id?: string | ... 1 more ... | undefined; ... 5 more ...; user_id: string; } | ... 7 more ... | { ...; })[]'.
app/(tabs)/profile.web.tsx(70,13): error TS2769: No overload matches this call.
  Overload 1 of 2, '(relation: "activity_categories" | "activity_tasks" | "activities" | "task_templates" | "activity_task_subtasks" | "external_calendars" | "task_template_categories" | "task_template_subtasks" | "weekly_performance"): PostgrestQueryBuilder<...>', gave the following error.
    Argument of type '"user_roles"' is not assignable to parameter of type '"activity_categories" | "activity_tasks" | "activities" | "task_templates" | "activity_task_subtasks" | "external_calendars" | "task_template_categories" | "task_template_subtasks" | "weekly_performance"'.
  Overload 2 of 2, '(relation: never): PostgrestQueryBuilder<{ PostgrestVersion: "13.0.5"; }, { Tables: { activities: { Row: { activity_date: string; activity_time: string; category_id: string | null; created_at: string; external_calendar_id: string | null; ... 6 more ...; user_id: string; }; Insert: { ...; }; Update: { ...; }; Relationships: [...]; }; ... 7 more ...; weekly_performance: { ...; }; }; Views: {}; Functions: { ...; }; Enums: {}; CompositeTypes: {}; }, never, never, never>', gave the following error.
    Argument of type '"user_roles"' is not assignable to parameter of type 'never'.
app/(tabs)/profile.web.tsx(82,27): error TS2339: Property 'role' does not exist on type 'SelectQueryError<"column 'role' does not exist on 'activity_categories'."> | SelectQueryError<"column 'role' does not exist on 'activity_tasks'."> | ... 6 more ... | SelectQueryError<...>'.
  Property 'role' does not exist on type 'SelectQueryError<"column 'role' does not exist on 'activity_categories'.">'.
app/(tabs)/profile.web.tsx(89,15): error TS2769: No overload matches this call.
  Overload 1 of 2, '(relation: "activity_categories" | "activity_tasks" | "activities" | "task_templates" | "activity_task_subtasks" | "external_calendars" | "task_template_categories" | "task_template_subtasks" | "weekly_performance"): PostgrestQueryBuilder<...>', gave the following error.
    Argument of type '"subscriptions"' is not assignable to parameter of type '"activity_categories" | "activity_tasks" | "activities" | "task_templates" | "activity_task_subtasks" | "external_calendars" | "task_template_categories" | "task_template_subtasks" | "weekly_performance"'.
  Overload 2 of 2, '(relation: never): PostgrestQueryBuilder<{ PostgrestVersion: "13.0.5"; }, { Tables: { activities: { Row: { activity_date: string; activity_time: string; category_id: string | null; created_at: string; external_calendar_id: string | null; ... 6 more ...; user_id: string; }; Insert: { ...; }; Update: { ...; }; Relationships: [...]; }; ... 7 more ...; weekly_performance: { ...; }; }; Views: {}; Functions: { ...; }; Enums: {}; CompositeTypes: {}; }, never, never, never>', gave the following error.
    Argument of type '"subscriptions"' is not assignable to parameter of type 'never'.
app/(tabs)/profile.web.tsx(101,51): error TS2339: Property 'status' does not exist on type 'SelectQueryError<"column 'status' does not exist on 'activity_categories'."> | SelectQueryError<"column 'status' does not exist on 'activity_tasks'."> | ... 6 more ... | SelectQueryError<...>'.
  Property 'status' does not exist on type 'SelectQueryError<"column 'status' does not exist on 'activity_categories'.">'.
app/(tabs)/profile.web.tsx(149,15): error TS2769: No overload matches this call.
  Overload 1 of 2, '(relation: "activity_categories" | "activity_tasks" | "activities" | "task_templates" | "activity_task_subtasks" | "external_calendars" | "task_template_categories" | "task_template_subtasks" | "weekly_performance"): PostgrestQueryBuilder<...>', gave the following error.
    Argument of type '"profiles"' is not assignable to parameter of type '"activity_categories" | "activity_tasks" | "activities" | "task_templates" | "activity_task_subtasks" | "external_calendars" | "task_template_categories" | "task_template_subtasks" | "weekly_performance"'.
  Overload 2 of 2, '(relation: never): PostgrestQueryBuilder<{ PostgrestVersion: "13.0.5"; }, { Tables: { activities: { Row: { activity_date: string; activity_time: string; category_id: string | null; created_at: string; external_calendar_id: string | null; ... 6 more ...; user_id: string; }; Insert: { ...; }; Update: { ...; }; Relationships: [...]; }; ... 7 more ...; weekly_performance: { ...; }; }; Views: {}; Functions: { ...; }; Enums: {}; CompositeTypes: {}; }, never, never, never>', gave the following error.
    Argument of type '"profiles"' is not assignable to parameter of type 'never'.
app/(tabs)/profile.web.tsx(160,20): error TS2345: Argument of type 'SelectQueryError<"column 'full_name' does not exist on 'activity_categories'."> | SelectQueryError<"column 'full_name' does not exist on 'activity_tasks'."> | ... 6 more ... | SelectQueryError<...>' is not assignable to parameter of type 'SetStateAction<UserProfile | null>'.
  Type 'SelectQueryError<"column 'full_name' does not exist on 'activity_categories'.">' is not assignable to type 'SetStateAction<UserProfile | null>'.
app/(tabs)/profile.web.tsx(161,26): error TS2339: Property 'full_name' does not exist on type 'SelectQueryError<"column 'full_name' does not exist on 'activity_categories'."> | SelectQueryError<"column 'full_name' does not exist on 'activity_tasks'."> | ... 6 more ... | SelectQueryError<...>'.
  Property 'full_name' does not exist on type 'SelectQueryError<"column 'full_name' does not exist on 'activity_categories'.">'.
app/(tabs)/profile.web.tsx(162,27): error TS2339: Property 'phone_number' does not exist on type 'SelectQueryError<"column 'full_name' does not exist on 'activity_categories'."> | SelectQueryError<"column 'full_name' does not exist on 'activity_tasks'."> | ... 6 more ... | SelectQueryError<...>'.
  Property 'phone_number' does not exist on type 'SelectQueryError<"column 'full_name' does not exist on 'activity_categories'.">'.
app/(tabs)/profile.web.tsx(172,15): error TS2769: No overload matches this call.
  Overload 1 of 2, '(relation: "activity_categories" | "activity_tasks" | "activities" | "task_templates" | "activity_task_subtasks" | "external_calendars" | "task_template_categories" | "task_template_subtasks" | "weekly_performance"): PostgrestQueryBuilder<...>', gave the following error.
    Argument of type '"admin_player_relationships"' is not assignable to parameter of type '"activity_categories" | "activity_tasks" | "activities" | "task_templates" | "activity_task_subtasks" | "external_calendars" | "task_template_categories" | "task_template_subtasks" | "weekly_performance"'.
  Overload 2 of 2, '(relation: never): PostgrestQueryBuilder<{ PostgrestVersion: "13.0.5"; }, { Tables: { activities: { Row: { activity_date: string; activity_time: string; category_id: string | null; created_at: string; external_calendar_id: string | null; ... 6 more ...; user_id: string; }; Insert: { ...; }; Update: { ...; }; Relationships: [...]; }; ... 7 more ...; weekly_performance: { ...; }; }; Views: {}; Functions: { ...; }; Enums: {}; CompositeTypes: {}; }, never, never, never>', gave the following error.
    Argument of type '"admin_player_relationships"' is not assignable to parameter of type 'never'.
app/(tabs)/profile.web.tsx(190,15): error TS2769: No overload matches this call.
  Overload 1 of 2, '(relation: "activity_categories" | "activity_tasks" | "activities" | "task_templates" | "activity_task_subtasks" | "external_calendars" | "task_template_categories" | "task_template_subtasks" | "weekly_performance"): PostgrestQueryBuilder<...>', gave the following error.
    Argument of type '"profiles"' is not assignable to parameter of type '"activity_categories" | "activity_tasks" | "activities" | "task_templates" | "activity_task_subtasks" | "external_calendars" | "task_template_categories" | "task_template_subtasks" | "weekly_performance"'.
  Overload 2 of 2, '(relation: never): PostgrestQueryBuilder<{ PostgrestVersion: "13.0.5"; }, { Tables: { activities: { Row: { activity_date: string; activity_time: string; category_id: string | null; created_at: string; external_calendar_id: string | null; ... 6 more ...; user_id: string; }; Insert: { ...; }; Update: { ...; }; Relationships: [...]; }; ... 7 more ...; weekly_performance: { ...; }; }; Views: {}; Functions: { ...; }; Enums: {}; CompositeTypes: {}; }, never, never, never>', gave the following error.
    Argument of type '"profiles"' is not assignable to parameter of type 'never'.
app/(tabs)/profile.web.tsx(192,37): error TS2339: Property 'admin_id' does not exist on type 'SelectQueryError<"column 'admin_id' does not exist on 'activity_categories'."> | SelectQueryError<"column 'admin_id' does not exist on 'activity_tasks'."> | ... 6 more ... | SelectQueryError<...>'.
  Property 'admin_id' does not exist on type 'SelectQueryError<"column 'admin_id' does not exist on 'activity_categories'.">'.
app/(tabs)/profile.web.tsx(200,34): error TS2339: Property 'full_name' does not exist on type 'SelectQueryError<"column 'full_name' does not exist on 'activity_categories'."> | SelectQueryError<"column 'full_name' does not exist on 'activity_tasks'."> | ... 6 more ... | SelectQueryError<...>'.
  Property 'full_name' does not exist on type 'SelectQueryError<"column 'full_name' does not exist on 'activity_categories'.">'.
app/(tabs)/profile.web.tsx(201,37): error TS2339: Property 'phone_number' does not exist on type 'SelectQueryError<"column 'full_name' does not exist on 'activity_categories'."> | SelectQueryError<"column 'full_name' does not exist on 'activity_tasks'."> | ... 6 more ... | SelectQueryError<...>'.
  Property 'phone_number' does not exist on type 'SelectQueryError<"column 'full_name' does not exist on 'activity_categories'.">'.
app/(tabs)/profile.web.tsx(216,15): error TS2769: No overload matches this call.
  Overload 1 of 2, '(relation: "activity_categories" | "activity_tasks" | "activities" | "task_templates" | "activity_task_subtasks" | "external_calendars" | "task_template_categories" | "task_template_subtasks" | "weekly_performance"): PostgrestQueryBuilder<...>', gave the following error.
    Argument of type '"profiles"' is not assignable to parameter of type '"activity_categories" | "activity_tasks" | "activities" | "task_templates" | "activity_task_subtasks" | "external_calendars" | "task_template_categories" | "task_template_subtasks" | "weekly_performance"'.
  Overload 2 of 2, '(relation: never): PostgrestQueryBuilder<{ PostgrestVersion: "13.0.5"; }, { Tables: { activities: { Row: { activity_date: string; activity_time: string; category_id: string | null; created_at: string; external_calendar_id: string | null; ... 6 more ...; user_id: string; }; Insert: { ...; }; Update: { ...; }; Relationships: [...]; }; ... 7 more ...; weekly_performance: { ...; }; }; Views: {}; Functions: { ...; }; Enums: {}; CompositeTypes: {}; }, never, never, never>', gave the following error.
    Argument of type '"profiles"' is not assignable to parameter of type 'never'.
app/(tabs)/profile.web.tsx(223,17): error TS2769: No overload matches this call.
  Overload 1 of 2, '(relation: "activity_categories" | "activity_tasks" | "activities" | "task_templates" | "activity_task_subtasks" | "external_calendars" | "task_template_categories" | "task_template_subtasks" | "weekly_performance"): PostgrestQueryBuilder<...>', gave the following error.
    Argument of type '"profiles"' is not assignable to parameter of type '"activity_categories" | "activity_tasks" | "activities" | "task_templates" | "activity_task_subtasks" | "external_calendars" | "task_template_categories" | "task_template_subtasks" | "weekly_performance"'.
  Overload 2 of 2, '(relation: never): PostgrestQueryBuilder<{ PostgrestVersion: "13.0.5"; }, { Tables: { activities: { Row: { activity_date: string; activity_time: string; category_id: string | null; created_at: string; external_calendar_id: string | null; ... 6 more ...; user_id: string; }; Insert: { ...; }; Update: { ...; }; Relationships: [...]; }; ... 7 more ...; weekly_performance: { ...; }; }; Views: {}; Functions: { ...; }; Enums: {}; CompositeTypes: {}; }, never, never, never>', gave the following error.
    Argument of type '"profiles"' is not assignable to parameter of type 'never'.
app/(tabs)/profile.web.tsx(225,13): error TS2353: Object literal may only specify known properties, and 'full_name' does not exist in type '{ activity_date?: string | undefined; activity_time?: string | undefined; category_id?: string | null | undefined; created_at?: string | undefined; external_calendar_id?: string | null | undefined; ... 6 more ...; user_id?: string | undefined; } | ... 7 more ... | { ...; }'.
app/(tabs)/profile.web.tsx(233,17): error TS2769: No overload matches this call.
  Overload 1 of 2, '(relation: "activity_categories" | "activity_tasks" | "activities" | "task_templates" | "activity_task_subtasks" | "external_calendars" | "task_template_categories" | "task_template_subtasks" | "weekly_performance"): PostgrestQueryBuilder<...>', gave the following error.
    Argument of type '"profiles"' is not assignable to parameter of type '"activity_categories" | "activity_tasks" | "activities" | "task_templates" | "activity_task_subtasks" | "external_calendars" | "task_template_categories" | "task_template_subtasks" | "weekly_performance"'.
  Overload 2 of 2, '(relation: never): PostgrestQueryBuilder<{ PostgrestVersion: "13.0.5"; }, { Tables: { activities: { Row: { activity_date: string; activity_time: string; category_id: string | null; created_at: string; external_calendar_id: string | null; ... 6 more ...; user_id: string; }; Insert: { ...; }; Update: { ...; }; Relationships: [...]; }; ... 7 more ...; weekly_performance: { ...; }; }; Views: {}; Functions: { ...; }; Enums: {}; CompositeTypes: {}; }, never, never, never>', gave the following error.
    Argument of type '"profiles"' is not assignable to parameter of type 'never'.
app/(tabs)/profile.web.tsx(234,12): error TS2769: No overload matches this call.
  Overload 1 of 2, '(values: { activity_date: string; activity_time: string; category_id?: string | null | undefined; created_at?: string | undefined; external_calendar_id?: string | null | undefined; external_event_id?: string | ... 1 more ... | undefined; ... 5 more ...; user_id: string; } | ... 7 more ... | { ...; }, options?: { ...; } | undefined): PostgrestFilterBuilder<...>', gave the following error.
    Object literal may only specify known properties, and 'full_name' does not exist in type '{ activity_date: string; activity_time: string; category_id?: string | null | undefined; created_at?: string | undefined; external_calendar_id?: string | null | undefined; external_event_id?: string | ... 1 more ... | undefined; ... 5 more ...; user_id: string; } | ... 7 more ... | { ...; }'.
  Overload 2 of 2, '(values: ({ activity_date: string; activity_time: string; category_id?: string | null | undefined; created_at?: string | undefined; external_calendar_id?: string | null | undefined; external_event_id?: string | ... 1 more ... | undefined; ... 5 more ...; user_id: string; } | ... 7 more ... | { ...; })[], options?: { ...; } | undefined): PostgrestFilterBuilder<...>', gave the following error.
    Object literal may only specify known properties, and 'user_id' does not exist in type '({ activity_date: string; activity_time: string; category_id?: string | null | undefined; created_at?: string | undefined; external_calendar_id?: string | null | undefined; external_event_id?: string | ... 1 more ... | undefined; ... 5 more ...; user_id: string; } | ... 7 more ... | { ...; })[]'.
app/(tabs)/profile.web.tsx(385,15): error TS2769: No overload matches this call.
  Overload 1 of 2, '(relation: "activity_categories" | "activity_tasks" | "activities" | "task_templates" | "activity_task_subtasks" | "external_calendars" | "task_template_categories" | "task_template_subtasks" | "weekly_performance"): PostgrestQueryBuilder<...>', gave the following error.
    Argument of type '"user_roles"' is not assignable to parameter of type '"activity_categories" | "activity_tasks" | "activities" | "task_templates" | "activity_task_subtasks" | "external_calendars" | "task_template_categories" | "task_template_subtasks" | "weekly_performance"'.
  Overload 2 of 2, '(relation: never): PostgrestQueryBuilder<{ PostgrestVersion: "13.0.5"; }, { Tables: { activities: { Row: { activity_date: string; activity_time: string; category_id: string | null; created_at: string; external_calendar_id: string | null; ... 6 more ...; user_id: string; }; Insert: { ...; }; Update: { ...; }; Relationships: [...]; }; ... 7 more ...; weekly_performance: { ...; }; }; Views: {}; Functions: { ...; }; Enums: {}; CompositeTypes: {}; }, never, never, never>', gave the following error.
    Argument of type '"user_roles"' is not assignable to parameter of type 'never'.
app/(tabs)/profile.web.tsx(386,10): error TS2769: No overload matches this call.
  Overload 1 of 2, '(values: { activity_date: string; activity_time: string; category_id?: string | null | undefined; created_at?: string | undefined; external_calendar_id?: string | null | undefined; external_event_id?: string | ... 1 more ... | undefined; ... 5 more ...; user_id: string; } | ... 7 more ... | { ...; }, options?: { ...; } | undefined): PostgrestFilterBuilder<...>', gave the following error.
    Object literal may only specify known properties, and 'role' does not exist in type '{ activity_date: string; activity_time: string; category_id?: string | null | undefined; created_at?: string | undefined; external_calendar_id?: string | null | undefined; external_event_id?: string | ... 1 more ... | undefined; ... 5 more ...; user_id: string; } | ... 7 more ... | { ...; }'.
  Overload 2 of 2, '(values: ({ activity_date: string; activity_time: string; category_id?: string | null | undefined; created_at?: string | undefined; external_calendar_id?: string | null | undefined; external_event_id?: string | ... 1 more ... | undefined; ... 5 more ...; user_id: string; } | ... 7 more ... | { ...; })[], options?: { ...; } | undefined): PostgrestFilterBuilder<...>', gave the following error.
    Object literal may only specify known properties, and 'user_id' does not exist in type '({ activity_date: string; activity_time: string; category_id?: string | null | undefined; created_at?: string | undefined; external_calendar_id?: string | null | undefined; external_event_id?: string | ... 1 more ... | undefined; ... 5 more ...; user_id: string; } | ... 7 more ... | { ...; })[]'.
app/(tabs)/tasks.tsx(323,25): error TS2322: Type 'string' is not assignable to type 'SFSymbols7_0'.
app/(tabs)/tasks.tsx(341,15): error TS2769: No overload matches this call.
  Overload 1 of 2, '(props: FlatListProps<Task>): FlatList<Task>', gave the following error.
    Type '({ item }: ListRenderItemInfo<Task>) => ReactNode' is not assignable to type 'ListRenderItem<Task>'.
      Type 'ReactNode' is not assignable to type 'ReactElement<unknown, string | JSXElementConstructor<any>> | null'.
        Type 'undefined' is not assignable to type 'ReactElement<unknown, string | JSXElementConstructor<any>> | null'.
  Overload 2 of 2, '(props: FlatListProps<Task>, context: any): FlatList<Task>', gave the following error.
    Type '({ item }: ListRenderItemInfo<Task>) => ReactNode' is not assignable to type 'ListRenderItem<Task>'.
      Type 'ReactNode' is not assignable to type 'ReactElement<unknown, string | JSXElementConstructor<any>> | null'.
        Type 'undefined' is not assignable to type 'ReactElement<unknown, string | JSXElementConstructor<any>> | null'.
app/(tabs)/tasks.tsx(1205,9): error TS2322: Type 'string' is not assignable to type '"player" | "team" | null'.
app/activity-details.tsx(143,30): error TS2339: Property 'activity_categories' does not exist on type 'SelectQueryError<"column 'activity_end_time' does not exist on 'activities'.">'.
app/activity-details.tsx(143,74): error TS2339: Property 'category_id' does not exist on type 'SelectQueryError<"column 'activity_end_time' does not exist on 'activities'.">'.
app/activity-details.tsx(144,32): error TS2339: Property 'activity_categories' does not exist on type 'SelectQueryError<"column 'activity_end_time' does not exist on 'activities'.">'.
app/activity-details.tsx(145,33): error TS2339: Property 'activity_categories' does not exist on type 'SelectQueryError<"column 'activity_end_time' does not exist on 'activities'.">'.
app/activity-details.tsx(146,33): error TS2339: Property 'activity_categories' does not exist on type 'SelectQueryError<"column 'activity_end_time' does not exist on 'activities'.">'.
app/activity-details.tsx(149,55): error TS2339: Property 'activity_tasks' does not exist on type 'SelectQueryError<"column 'activity_end_time' does not exist on 'activities'.">'.
app/activity-details.tsx(169,30): error TS2339: Property 'id' does not exist on type 'SelectQueryError<"column 'activity_end_time' does not exist on 'activities'.">'.
app/activity-details.tsx(170,33): error TS2339: Property 'title' does not exist on type 'SelectQueryError<"column 'activity_end_time' does not exist on 'activities'.">'.
app/activity-details.tsx(171,41): error TS2339: Property 'activity_date' does not exist on type 'SelectQueryError<"column 'activity_end_time' does not exist on 'activities'.">'.
app/activity-details.tsx(172,32): error TS2339: Property 'activity_time' does not exist on type 'SelectQueryError<"column 'activity_end_time' does not exist on 'activities'.">'.
app/activity-details.tsx(173,35): error TS2339: Property 'activity_end_time' does not exist on type 'SelectQueryError<"column 'activity_end_time' does not exist on 'activities'.">'.
app/activity-details.tsx(174,36): error TS2339: Property 'location' does not exist on type 'SelectQueryError<"column 'activity_end_time' does not exist on 'activities'.">'.
app/activity-details.tsx(178,46): error TS2339: Property 'external_calendar_id' does not exist on type 'SelectQueryError<"column 'activity_end_time' does not exist on 'activities'.">'.
app/activity-details.tsx(179,43): error TS2339: Property 'external_event_id' does not exist on type 'SelectQueryError<"column 'activity_end_time' does not exist on 'activities'.">'.
app/activity-details.tsx(180,36): error TS2339: Property 'series_id' does not exist on type 'SelectQueryError<"column 'activity_end_time' does not exist on 'activities'.">'.
app/activity-details.tsx(181,46): error TS2339: Property 'series_instance_date' does not exist on type 'SelectQueryError<"column 'activity_end_time' does not exist on 'activities'.">'.
app/activity-details.tsx(182,39): error TS2339: Property 'series_instance_date' does not exist on type 'SelectQueryError<"column 'activity_end_time' does not exist on 'activities'.">'.
app/activity-details.tsx(184,44): error TS2339: Property 'intensity' does not exist on type 'SelectQueryError<"column 'activity_end_time' does not exist on 'activities'.">'.
app/activity-details.tsx(184,86): error TS2339: Property 'intensity' does not exist on type 'SelectQueryError<"column 'activity_end_time' does not exist on 'activities'.">'.
app/activity-details.tsx(185,52): error TS2339: Property 'intensity_enabled' does not exist on type 'SelectQueryError<"column 'activity_end_time' does not exist on 'activities'.">'.
app/activity-details.tsx(191,15): error TS2769: No overload matches this call.
  Overload 1 of 2, '(relation: "activity_categories" | "activity_tasks" | "activities" | "task_templates" | "activity_task_subtasks" | "external_calendars" | "task_template_categories" | "task_template_subtasks" | "weekly_performance"): PostgrestQueryBuilder<...>', gave the following error.
    Argument of type '"events_local_meta"' is not assignable to parameter of type '"activity_categories" | "activity_tasks" | "activities" | "task_templates" | "activity_task_subtasks" | "external_calendars" | "task_template_categories" | "task_template_subtasks" | "weekly_performance"'.
  Overload 2 of 2, '(relation: never): PostgrestQueryBuilder<{ PostgrestVersion: "13.0.5"; }, { Tables: { activities: { Row: { activity_date: string; activity_time: string; category_id: string | null; created_at: string; external_calendar_id: string | null; ... 6 more ...; user_id: string; }; Insert: { ...; }; Update: { ...; }; Relationships: [...]; }; ... 7 more ...; weekly_performance: { ...; }; }; Views: {}; Functions: { ...; }; Enums: {}; CompositeTypes: {}; }, never, never, never>', gave the following error.
    Argument of type '"events_local_meta"' is not assignable to parameter of type 'never'.
app/activity-details.tsx(236,46): error TS2339: Property 'events_external' does not exist on type 'SelectQueryError<"column 'external_event_id' does not exist on 'activity_categories'."> | SelectQueryError<"column 'external_event_id' does not exist on 'activity_tasks'."> | ... 6 more ... | SelectQueryError<...>'.
  Property 'events_external' does not exist on type 'SelectQueryError<"column 'external_event_id' does not exist on 'activity_categories'.">'.
app/activity-details.tsx(237,59): error TS2339: Property 'events_external' does not exist on type 'SelectQueryError<"column 'external_event_id' does not exist on 'activity_categories'."> | SelectQueryError<"column 'external_event_id' does not exist on 'activity_tasks'."> | ... 6 more ... | SelectQueryError<...>'.
  Property 'events_external' does not exist on type 'SelectQueryError<"column 'external_event_id' does not exist on 'activity_categories'.">'.
app/activity-details.tsx(239,39): error TS2339: Property 'events_external' does not exist on type 'SelectQueryError<"column 'external_event_id' does not exist on 'activity_categories'."> | SelectQueryError<"column 'external_event_id' does not exist on 'activity_tasks'."> | ... 6 more ... | SelectQueryError<...>'.
  Property 'events_external' does not exist on type 'SelectQueryError<"column 'external_event_id' does not exist on 'activity_categories'.">'.
app/activity-details.tsx(240,36): error TS2339: Property 'local_title_override' does not exist on type 'SelectQueryError<"column 'external_event_id' does not exist on 'activity_categories'."> | SelectQueryError<"column 'external_event_id' does not exist on 'activity_tasks'."> | ... 6 more ... | SelectQueryError<...>'.
  Property 'local_title_override' does not exist on type 'SelectQueryError<"column 'external_event_id' does not exist on 'activity_categories'.">'.
app/activity-details.tsx(244,21): error TS2339: Property 'activity_categories' does not exist on type 'SelectQueryError<"column 'external_event_id' does not exist on 'activity_categories'."> | SelectQueryError<"column 'external_event_id' does not exist on 'activity_tasks'."> | ... 6 more ... | SelectQueryError<...>'.
  Property 'activity_categories' does not exist on type 'SelectQueryError<"column 'external_event_id' does not exist on 'activity_categories'.">'.
app/activity-details.tsx(246,25): error TS2339: Property 'activity_categories' does not exist on type 'SelectQueryError<"column 'external_event_id' does not exist on 'activity_categories'."> | SelectQueryError<"column 'external_event_id' does not exist on 'activity_tasks'."> | ... 6 more ... | SelectQueryError<...>'.
  Property 'activity_categories' does not exist on type 'SelectQueryError<"column 'external_event_id' does not exist on 'activity_categories'.">'.
app/activity-details.tsx(247,27): error TS2339: Property 'activity_categories' does not exist on type 'SelectQueryError<"column 'external_event_id' does not exist on 'activity_categories'."> | SelectQueryError<"column 'external_event_id' does not exist on 'activity_tasks'."> | ... 6 more ... | SelectQueryError<...>'.
  Property 'activity_categories' does not exist on type 'SelectQueryError<"column 'external_event_id' does not exist on 'activity_categories'.">'.
app/activity-details.tsx(248,28): error TS2339: Property 'activity_categories' does not exist on type 'SelectQueryError<"column 'external_event_id' does not exist on 'activity_categories'."> | SelectQueryError<"column 'external_event_id' does not exist on 'activity_tasks'."> | ... 6 more ... | SelectQueryError<...>'.
  Property 'activity_categories' does not exist on type 'SelectQueryError<"column 'external_event_id' does not exist on 'activity_categories'.">'.
app/activity-details.tsx(249,28): error TS2339: Property 'activity_categories' does not exist on type 'SelectQueryError<"column 'external_event_id' does not exist on 'activity_categories'."> | SelectQueryError<"column 'external_event_id' does not exist on 'activity_tasks'."> | ... 6 more ... | SelectQueryError<...>'.
  Property 'activity_categories' does not exist on type 'SelectQueryError<"column 'external_event_id' does not exist on 'activity_categories'.">'.
app/activity-details.tsx(263,23): error TS2339: Property 'id' does not exist on type 'SelectQueryError<"column 'external_event_id' does not exist on 'activity_categories'."> | SelectQueryError<"column 'external_event_id' does not exist on 'activity_tasks'."> | ... 6 more ... | SelectQueryError<...>'.
  Property 'id' does not exist on type 'SelectQueryError<"column 'external_event_id' does not exist on 'activity_categories'.">'.
app/activity-details.tsx(270,27): error TS2339: Property 'external_event_tasks' does not exist on type 'SelectQueryError<"column 'external_event_id' does not exist on 'activity_categories'."> | SelectQueryError<"column 'external_event_id' does not exist on 'activity_tasks'."> | ... 6 more ... | SelectQueryError<...>'.
  Property 'external_event_tasks' does not exist on type 'SelectQueryError<"column 'external_event_id' does not exist on 'activity_categories'.">'.
app/activity-details.tsx(290,36): error TS2339: Property 'external_event_id' does not exist on type 'SelectQueryError<"column 'external_event_id' does not exist on 'activity_categories'."> | SelectQueryError<"column 'external_event_id' does not exist on 'activity_tasks'."> | ... 6 more ... | SelectQueryError<...>'.
  Property 'external_event_id' does not exist on type 'SelectQueryError<"column 'external_event_id' does not exist on 'activity_categories'.">'.
app/activity-details.tsx(1736,19): error TS2578: Unused '@ts-expect-error' directive.
app/activity-details.tsx(1793,19): error TS2578: Unused '@ts-expect-error' directive.
app/activity-details.tsx(1880,17): error TS2578: Unused '@ts-expect-error' directive.
app/activity-details.tsx(1944,19): error TS2578: Unused '@ts-expect-error' directive.
app/activity-details.tsx(2491,9): error TS2322: Type '{ visible: boolean; onClose: () => void; activity: Activity; onActivityUpdated: (activity: Activity) => void; isAdmin: boolean; onEditSingle: () => void; onEditAll: () => void; }' is not assignable to type 'IntrinsicAttributes & EditSeriesDialogProps'.
  Property 'activity' does not exist on type 'IntrinsicAttributes & EditSeriesDialogProps'.
app/activity-details.tsx(2502,9): error TS2322: Type '{ visible: boolean; onClose: () => void; onDeleteSingle: () => Promise<void>; onDeleteSeries: () => Promise<void>; isDeleting: boolean; }' is not assignable to type 'IntrinsicAttributes & DeleteActivityDialogProps'.
  Property 'onDeleteSeries' does not exist on type 'IntrinsicAttributes & DeleteActivityDialogProps'.
app/console-logs.dev.tsx(230,96): error TS2339: Property 'border' does not exist on type '{ primary: string; secondary: string; accent: string; background: string; backgroundAlt: string; text: string; textSecondary: string; card: string; highlight: string; success: string; warning: string; ... 4 more ...; contextWarning: string; }'.
app/console-logs.dev.tsx(284,31): error TS2339: Property 'border' does not exist on type '{ primary: string; secondary: string; accent: string; background: string; backgroundAlt: string; text: string; textSecondary: string; card: string; highlight: string; success: string; warning: string; ... 4 more ...; contextWarning: string; }'.
app/console-logs.dev.tsx(303,31): error TS2339: Property 'border' does not exist on type '{ primary: string; secondary: string; accent: string; background: string; backgroundAlt: string; text: string; textSecondary: string; card: string; highlight: string; success: string; warning: string; ... 4 more ...; contextWarning: string; }'.
app/console-logs.dev.tsx(309,29): error TS2551: Property 'cardBackground' does not exist on type '{ primary: string; secondary: string; accent: string; background: string; backgroundAlt: string; text: string; textSecondary: string; card: string; highlight: string; success: string; warning: string; ... 4 more ...; contextWarning: string; }'. Did you mean 'background'?
app/console-logs.dev.tsx(311,25): error TS2339: Property 'border' does not exist on type '{ primary: string; secondary: string; accent: string; background: string; backgroundAlt: string; text: string; textSecondary: string; card: string; highlight: string; success: string; warning: string; ... 4 more ...; contextWarning: string; }'.
app/console-logs.dev.tsx(331,31): error TS2339: Property 'border' does not exist on type '{ primary: string; secondary: string; accent: string; background: string; backgroundAlt: string; text: string; textSecondary: string; card: string; highlight: string; success: string; warning: string; ... 4 more ...; contextWarning: string; }'.
app/console-logs.dev.tsx(355,29): error TS2551: Property 'cardBackground' does not exist on type '{ primary: string; secondary: string; accent: string; background: string; backgroundAlt: string; text: string; textSecondary: string; card: string; highlight: string; success: string; warning: string; ... 4 more ...; contextWarning: string; }'. Did you mean 'background'?
app/integrations/supabase/client.ts(50,1): error TS2322: Type '() => Promise<{ data: { user: User; }; error: null; } | { data: { user: null; }; error: AuthError; } | { data: { user: null; }; error: null; }>' is not assignable to type '(jwt?: string | undefined) => Promise<UserResponse>'.
  Type 'Promise<{ data: { user: User; }; error: null; } | { data: { user: null; }; error: AuthError; } | { data: { user: null; }; error: null; }>' is not assignable to type 'Promise<UserResponse>'.
    Type '{ data: { user: User; }; error: null; } | { data: { user: null; }; error: AuthError; } | { data: { user: null; }; error: null; }' is not assignable to type 'UserResponse'.
      Type '{ data: { user: null; }; error: null; }' is not assignable to type 'UserResponse'.
        Type '{ data: { user: null; }; error: null; }' is not assignable to type '{ data: { user: User; }; error: null; }'.
          The types of 'data.user' are incompatible between these types.
            Type 'null' is not assignable to type 'User'.
app/notification-debug.dev.tsx(411,31): error TS2339: Property 'border' does not exist on type '{ primary: string; secondary: string; accent: string; background: string; backgroundAlt: string; text: string; textSecondary: string; card: string; highlight: string; success: string; warning: string; ... 4 more ...; contextWarning: string; }'.
app/notification-debug.dev.tsx(440,29): error TS2551: Property 'cardBackground' does not exist on type '{ primary: string; secondary: string; accent: string; background: string; backgroundAlt: string; text: string; textSecondary: string; card: string; highlight: string; success: string; warning: string; ... 4 more ...; contextWarning: string; }'. Did you mean 'background'?
app/notification-debug.dev.tsx(444,25): error TS2339: Property 'border' does not exist on type '{ primary: string; secondary: string; accent: string; background: string; backgroundAlt: string; text: string; textSecondary: string; card: string; highlight: string; success: string; warning: string; ... 4 more ...; contextWarning: string; }'.
app/notification-debug.dev.tsx(452,31): error TS2339: Property 'border' does not exist on type '{ primary: string; secondary: string; accent: string; background: string; backgroundAlt: string; text: string; textSecondary: string; card: string; highlight: string; success: string; warning: string; ... 4 more ...; contextWarning: string; }'.
app/notification-debug.dev.tsx(483,29): error TS2551: Property 'cardBackground' does not exist on type '{ primary: string; secondary: string; accent: string; background: string; backgroundAlt: string; text: string; textSecondary: string; card: string; highlight: string; success: string; warning: string; ... 4 more ...; contextWarning: string; }'. Did you mean 'background'?
app/notification-debug.dev.tsx(488,25): error TS2339: Property 'border' does not exist on type '{ primary: string; secondary: string; accent: string; background: string; backgroundAlt: string; text: string; textSecondary: string; card: string; highlight: string; success: string; warning: string; ... 4 more ...; contextWarning: string; }'.
app/notification-debug.dev.tsx(549,29): error TS2551: Property 'cardBackground' does not exist on type '{ primary: string; secondary: string; accent: string; background: string; backgroundAlt: string; text: string; textSecondary: string; card: string; highlight: string; success: string; warning: string; ... 4 more ...; contextWarning: string; }'. Did you mean 'background'?
app/notification-debug.dev.tsx(554,25): error TS2339: Property 'border' does not exist on type '{ primary: string; secondary: string; accent: string; background: string; backgroundAlt: string; text: string; textSecondary: string; card: string; highlight: string; success: string; warning: string; ... 4 more ...; contextWarning: string; }'.
app/update-password.tsx(170,29): error TS2551: Property 'cardBackground' does not exist on type '{ primary: string; secondary: string; accent: string; background: string; backgroundAlt: string; text: string; textSecondary: string; card: string; highlight: string; success: string; warning: string; ... 4 more ...; contextWarning: string; }'. Did you mean 'background'?
app/update-password.tsx(176,25): error TS2339: Property 'border' does not exist on type '{ primary: string; secondary: string; accent: string; background: string; backgroundAlt: string; text: string; textSecondary: string; card: string; highlight: string; success: string; warning: string; ... 4 more ...; contextWarning: string; }'.
components/ActivityCard.tsx(150,19): error TS2345: Argument of type 'string' is not assignable to parameter of type '"/(tabs)/(home)" | "/" | RelativePathString | ExternalPathString | "/console-logs.dev" | `/console-logs.dev?${string}` | `/console-logs.dev#${string}` | "/console-logs" | ... 100 more ... | { ...; }'.
components/ActivityCard.tsx(329,11): error TS2769: No overload matches this call.
  Overload 1 of 2, '(props: LinearGradientProps): LinearGradient', gave the following error.
    Type 'string[]' is not assignable to type 'readonly [ColorValue, ColorValue, ...ColorValue[]]'.
      Source provides no match for required element at position 0 in target.
  Overload 2 of 2, '(props: LinearGradientProps, context: any): LinearGradient', gave the following error.
    Type 'string[]' is not assignable to type 'readonly [ColorValue, ColorValue, ...ColorValue[]]'.
      Source provides no match for required element at position 0 in target.
components/AppleSubscriptionManager.tsx(91,5): error TS2322: Type 'boolean | undefined' is not assignable to type 'boolean'.
  Type 'undefined' is not assignable to type 'boolean'.
components/CategoryManagementModal.tsx(280,15): error TS2769: No overload matches this call.
  Overload 1 of 2, '(relation: "activity_categories" | "activity_tasks" | "activities" | "task_templates" | "activity_task_subtasks" | "external_calendars" | "task_template_categories" | "task_template_subtasks" | "weekly_performance"): PostgrestQueryBuilder<...>', gave the following error.
    Argument of type '"hidden_activity_categories"' is not assignable to parameter of type '"activity_categories" | "activity_tasks" | "activities" | "task_templates" | "activity_task_subtasks" | "external_calendars" | "task_template_categories" | "task_template_subtasks" | "weekly_performance"'.
  Overload 2 of 2, '(relation: never): PostgrestQueryBuilder<{ PostgrestVersion: "13.0.5"; }, { Tables: { activities: { Row: { activity_date: string; activity_time: string; category_id: string | null; created_at: string; external_calendar_id: string | null; ... 6 more ...; user_id: string; }; Insert: { ...; }; Update: { ...; }; Relationships: [...]; }; ... 7 more ...; weekly_performance: { ...; }; }; Views: {}; Functions: { ...; }; Enums: {}; CompositeTypes: {}; }, never, never, never>', gave the following error.
    Argument of type '"hidden_activity_categories"' is not assignable to parameter of type 'never'.
components/CategoryManagementModal.tsx(281,10): error TS2769: No overload matches this call.
  Overload 1 of 2, '(values: { activity_date: string; activity_time: string; category_id?: string | null | undefined; created_at?: string | undefined; external_calendar_id?: string | null | undefined; external_event_id?: string | ... 1 more ... | undefined; ... 5 more ...; user_id: string; } | ... 7 more ... | { ...; }, options?: { ...; } | undefined): PostgrestFilterBuilder<...>', gave the following error.
    Argument of type '{ user_id: string; category_id: string; }' is not assignable to parameter of type '{ activity_date: string; activity_time: string; category_id?: string | null | undefined; created_at?: string | undefined; external_calendar_id?: string | null | undefined; external_event_id?: string | ... 1 more ... | undefined; ... 5 more ...; user_id: string; } | ... 7 more ... | { ...; }'.
      Type '{ user_id: string; category_id: string; }' is missing the following properties from type '{ activity_date: string; activity_time: string; category_id?: string | null | undefined; created_at?: string | undefined; external_calendar_id?: string | null | undefined; external_event_id?: string | ... 1 more ... | undefined; ... 5 more ...; user_id: string; }': activity_date, activity_time, title
  Overload 2 of 2, '(values: ({ activity_date: string; activity_time: string; category_id?: string | null | undefined; created_at?: string | undefined; external_calendar_id?: string | null | undefined; external_event_id?: string | ... 1 more ... | undefined; ... 5 more ...; user_id: string; } | ... 7 more ... | { ...; })[], options?: { ...; } | undefined): PostgrestFilterBuilder<...>', gave the following error.
    Object literal may only specify known properties, and 'user_id' does not exist in type '({ activity_date: string; activity_time: string; category_id?: string | null | undefined; created_at?: string | undefined; external_calendar_id?: string | null | undefined; external_event_id?: string | ... 1 more ... | undefined; ... 5 more ...; user_id: string; } | ... 7 more ... | { ...; })[]'.
components/CategoryManagementModal.tsx(339,15): error TS2769: No overload matches this call.
  Overload 1 of 2, '(relation: "activity_categories" | "activity_tasks" | "activities" | "task_templates" | "activity_task_subtasks" | "external_calendars" | "task_template_categories" | "task_template_subtasks" | "weekly_performance"): PostgrestQueryBuilder<...>', gave the following error.
    Argument of type '"events_local_meta"' is not assignable to parameter of type '"activity_categories" | "activity_tasks" | "activities" | "task_templates" | "activity_task_subtasks" | "external_calendars" | "task_template_categories" | "task_template_subtasks" | "weekly_performance"'.
  Overload 2 of 2, '(relation: never): PostgrestQueryBuilder<{ PostgrestVersion: "13.0.5"; }, { Tables: { activities: { Row: { activity_date: string; activity_time: string; category_id: string | null; created_at: string; external_calendar_id: string | null; ... 6 more ...; user_id: string; }; Insert: { ...; }; Update: { ...; }; Relationships: [...]; }; ... 7 more ...; weekly_performance: { ...; }; }; Views: {}; Functions: { ...; }; Enums: {}; CompositeTypes: {}; }, never, never, never>', gave the following error.
    Argument of type '"events_local_meta"' is not assignable to parameter of type 'never'.
components/CategoryManagementModal.tsx(434,15): error TS2769: No overload matches this call.
  Overload 1 of 2, '(relation: "activity_categories" | "activity_tasks" | "activities" | "task_templates" | "activity_task_subtasks" | "external_calendars" | "task_template_categories" | "task_template_subtasks" | "weekly_performance"): PostgrestQueryBuilder<...>', gave the following error.
    Argument of type '"events_local_meta"' is not assignable to parameter of type '"activity_categories" | "activity_tasks" | "activities" | "task_templates" | "activity_task_subtasks" | "external_calendars" | "task_template_categories" | "task_template_subtasks" | "weekly_performance"'.
  Overload 2 of 2, '(relation: never): PostgrestQueryBuilder<{ PostgrestVersion: "13.0.5"; }, { Tables: { activities: { Row: { activity_date: string; activity_time: string; category_id: string | null; created_at: string; external_calendar_id: string | null; ... 6 more ...; user_id: string; }; Insert: { ...; }; Update: { ...; }; Relationships: [...]; }; ... 7 more ...; weekly_performance: { ...; }; }; Views: {}; Functions: { ...; }; Enums: {}; CompositeTypes: {}; }, never, never, never>', gave the following error.
    Argument of type '"events_local_meta"' is not assignable to parameter of type 'never'.
components/CategoryManagementModal.tsx(540,17): error TS2769: No overload matches this call.
  Overload 1 of 2, '(relation: "activity_categories" | "activity_tasks" | "activities" | "task_templates" | "activity_task_subtasks" | "external_calendars" | "task_template_categories" | "task_template_subtasks" | "weekly_performance"): PostgrestQueryBuilder<...>', gave the following error.
    Argument of type '"events_local_meta"' is not assignable to parameter of type '"activity_categories" | "activity_tasks" | "activities" | "task_templates" | "activity_task_subtasks" | "external_calendars" | "task_template_categories" | "task_template_subtasks" | "weekly_performance"'.
  Overload 2 of 2, '(relation: never): PostgrestQueryBuilder<{ PostgrestVersion: "13.0.5"; }, { Tables: { activities: { Row: { activity_date: string; activity_time: string; category_id: string | null; created_at: string; external_calendar_id: string | null; ... 6 more ...; user_id: string; }; Insert: { ...; }; Update: { ...; }; Relationships: [...]; }; ... 7 more ...; weekly_performance: { ...; }; }; Views: {}; Functions: { ...; }; Enums: {}; CompositeTypes: {}; }, never, never, never>', gave the following error.
    Argument of type '"events_local_meta"' is not assignable to parameter of type 'never'.
components/CategoryManagementModal.tsx(609,17): error TS2769: No overload matches this call.
  Overload 1 of 2, '(relation: "activity_categories" | "activity_tasks" | "activities" | "task_templates" | "activity_task_subtasks" | "external_calendars" | "task_template_categories" | "task_template_subtasks" | "weekly_performance"): PostgrestQueryBuilder<...>', gave the following error.
    Argument of type '"events_local_meta"' is not assignable to parameter of type '"activity_categories" | "activity_tasks" | "activities" | "task_templates" | "activity_task_subtasks" | "external_calendars" | "task_template_categories" | "task_template_subtasks" | "weekly_performance"'.
  Overload 2 of 2, '(relation: never): PostgrestQueryBuilder<{ PostgrestVersion: "13.0.5"; }, { Tables: { activities: { Row: { activity_date: string; activity_time: string; category_id: string | null; created_at: string; external_calendar_id: string | null; ... 6 more ...; user_id: string; }; Insert: { ...; }; Update: { ...; }; Relationships: [...]; }; ... 7 more ...; weekly_performance: { ...; }; }; Views: {}; Functions: { ...; }; Enums: {}; CompositeTypes: {}; }, never, never, never>', gave the following error.
    Argument of type '"events_local_meta"' is not assignable to parameter of type 'never'.
components/CreateActivityTaskModal.tsx(245,31): error TS2554: Expected 8 arguments, but got 7.
components/ExternalCalendarManager.tsx(94,20): error TS2345: Argument of type '{ created_at: string; enabled: boolean; event_count: number | null; ics_url: string; id: string; last_fetched: string | null; name: string; updated_at: string; user_id: string; }[]' is not assignable to parameter of type 'SetStateAction<ExternalCalendar[]>'.
  Type '{ created_at: string; enabled: boolean; event_count: number | null; ics_url: string; id: string; last_fetched: string | null; name: string; updated_at: string; user_id: string; }[]' is not assignable to type 'ExternalCalendar[]'.
    Type '{ created_at: string; enabled: boolean; event_count: number | null; ics_url: string; id: string; last_fetched: string | null; name: string; updated_at: string; user_id: string; }' is missing the following properties from type 'ExternalCalendar': auto_sync_enabled, sync_interval_minutes
components/ExternalCalendarManager.tsx(112,15): error TS2769: No overload matches this call.
  Overload 1 of 2, '(relation: "activity_categories" | "activity_tasks" | "activities" | "task_templates" | "activity_task_subtasks" | "external_calendars" | "task_template_categories" | "task_template_subtasks" | "weekly_performance"): PostgrestQueryBuilder<...>', gave the following error.
    Argument of type '"category_mappings"' is not assignable to parameter of type '"activity_categories" | "activity_tasks" | "activities" | "task_templates" | "activity_task_subtasks" | "external_calendars" | "task_template_categories" | "task_template_subtasks" | "weekly_performance"'.
  Overload 2 of 2, '(relation: never): PostgrestQueryBuilder<{ PostgrestVersion: "13.0.5"; }, { Tables: { activities: { Row: { activity_date: string; activity_time: string; category_id: string | null; created_at: string; external_calendar_id: string | null; ... 6 more ...; user_id: string; }; Insert: { ...; }; Update: { ...; }; Relationships: [...]; }; ... 7 more ...; weekly_performance: { ...; }; }; Views: {}; Functions: { ...; }; Enums: {}; CompositeTypes: {}; }, never, never, never>', gave the following error.
    Argument of type '"category_mappings"' is not assignable to parameter of type 'never'.
components/ExternalCalendarManager.tsx(327,19): error TS2353: Object literal may only specify known properties, and 'auto_sync_enabled' does not exist in type '{ created_at?: string | undefined; enabled?: boolean | undefined; event_count?: number | null | undefined; ics_url?: string | undefined; id?: string | undefined; last_fetched?: string | null | undefined; name?: string | undefined; updated_at?: string | undefined; user_id?: string | undefined; }'.
components/ListItem.tsx(40,23): error TS2322: Type '{ name: string; size: number; color: string; }' is not assignable to type 'IntrinsicAttributes & { ios_icon_name: SFSymbols7_0; android_material_icon_name: string; size?: number | undefined; color: string | OpaqueColorValue; style?: StyleProp<...>; weight?: SymbolWeight | undefined; }'.
  Property 'name' does not exist on type 'IntrinsicAttributes & { ios_icon_name: SFSymbols7_0; android_material_icon_name: string; size?: number | undefined; color: string | OpaqueColorValue; style?: StyleProp<...>; weight?: SymbolWeight | undefined; }'.
components/PlayersList.tsx(52,15): error TS2769: No overload matches this call.
  Overload 1 of 2, '(relation: "activity_categories" | "activity_tasks" | "activities" | "task_templates" | "activity_task_subtasks" | "external_calendars" | "task_template_categories" | "task_template_subtasks" | "weekly_performance"): PostgrestQueryBuilder<...>', gave the following error.
    Argument of type '"admin_player_relationships"' is not assignable to parameter of type '"activity_categories" | "activity_tasks" | "activities" | "task_templates" | "activity_task_subtasks" | "external_calendars" | "task_template_categories" | "task_template_subtasks" | "weekly_performance"'.
  Overload 2 of 2, '(relation: never): PostgrestQueryBuilder<{ PostgrestVersion: "13.0.5"; }, { Tables: { activities: { Row: { activity_date: string; activity_time: string; category_id: string | null; created_at: string; external_calendar_id: string | null; ... 6 more ...; user_id: string; }; Insert: { ...; }; Update: { ...; }; Relationships: [...]; }; ... 7 more ...; weekly_performance: { ...; }; }; Views: {}; Functions: { ...; }; Enums: {}; CompositeTypes: {}; }, never, never, never>', gave the following error.
    Argument of type '"admin_player_relationships"' is not assignable to parameter of type 'never'.
components/PlayersList.tsx(69,54): error TS2339: Property 'player_id' does not exist on type 'SelectQueryError<"column 'player_id' does not exist on 'activity_categories'."> | SelectQueryError<"column 'player_id' does not exist on 'activity_tasks'."> | ... 6 more ... | SelectQueryError<...>'.
  Property 'player_id' does not exist on type 'SelectQueryError<"column 'player_id' does not exist on 'activity_categories'.">'.
components/PlayersList.tsx(74,15): error TS2769: No overload matches this call.
  Overload 1 of 2, '(relation: "activity_categories" | "activity_tasks" | "activities" | "task_templates" | "activity_task_subtasks" | "external_calendars" | "task_template_categories" | "task_template_subtasks" | "weekly_performance"): PostgrestQueryBuilder<...>', gave the following error.
    Argument of type '"profiles"' is not assignable to parameter of type '"activity_categories" | "activity_tasks" | "activities" | "task_templates" | "activity_task_subtasks" | "external_calendars" | "task_template_categories" | "task_template_subtasks" | "weekly_performance"'.
  Overload 2 of 2, '(relation: never): PostgrestQueryBuilder<{ PostgrestVersion: "13.0.5"; }, { Tables: { activities: { Row: { activity_date: string; activity_time: string; category_id: string | null; created_at: string; external_calendar_id: string | null; ... 6 more ...; user_id: string; }; Insert: { ...; }; Update: { ...; }; Relationships: [...]; }; ... 7 more ...; weekly_performance: { ...; }; }; Views: {}; Functions: { ...; }; Enums: {}; CompositeTypes: {}; }, never, never, never>', gave the following error.
    Argument of type '"profiles"' is not assignable to parameter of type 'never'.
components/PlayersList.tsx(86,21): error TS2339: Property 'user_id' does not exist on type 'SelectQueryError<"column 'user_id' does not exist on 'activity_categories'."> | SelectQueryError<"column 'user_id' does not exist on 'activity_tasks'."> | ... 6 more ... | SelectQueryError<...>'.
  Property 'user_id' does not exist on type 'SelectQueryError<"column 'user_id' does not exist on 'activity_categories'.">'.
components/PlayersList.tsx(88,28): error TS2339: Property 'full_name' does not exist on type 'SelectQueryError<"column 'user_id' does not exist on 'activity_categories'."> | SelectQueryError<"column 'user_id' does not exist on 'activity_tasks'."> | ... 6 more ... | SelectQueryError<...>'.
  Property 'full_name' does not exist on type 'SelectQueryError<"column 'user_id' does not exist on 'activity_categories'.">'.
components/PlayersList.tsx(89,31): error TS2339: Property 'phone_number' does not exist on type 'SelectQueryError<"column 'user_id' does not exist on 'activity_categories'."> | SelectQueryError<"column 'user_id' does not exist on 'activity_tasks'."> | ... 6 more ... | SelectQueryError<...>'.
  Property 'phone_number' does not exist on type 'SelectQueryError<"column 'user_id' does not exist on 'activity_categories'.">'.
components/SubscriptionDiagnostic.dev.tsx(32,15): error TS2769: No overload matches this call.
  Overload 1 of 2, '(relation: "activity_categories" | "activity_tasks" | "activities" | "task_templates" | "activity_task_subtasks" | "external_calendars" | "task_template_categories" | "task_template_subtasks" | "weekly_performance"): PostgrestQueryBuilder<...>', gave the following error.
    Argument of type '"subscriptions"' is not assignable to parameter of type '"activity_categories" | "activity_tasks" | "activities" | "task_templates" | "activity_task_subtasks" | "external_calendars" | "task_template_categories" | "task_template_subtasks" | "weekly_performance"'.
  Overload 2 of 2, '(relation: never): PostgrestQueryBuilder<{ PostgrestVersion: "13.0.5"; }, { Tables: { activities: { Row: { activity_date: string; activity_time: string; category_id: string | null; created_at: string; external_calendar_id: string | null; ... 6 more ...; user_id: string; }; Insert: { ...; }; Update: { ...; }; Relationships: [...]; }; ... 7 more ...; weekly_performance: { ...; }; }; Views: {}; Functions: { ...; }; Enums: {}; CompositeTypes: {}; }, never, never, never>', gave the following error.
    Argument of type '"subscriptions"' is not assignable to parameter of type 'never'.
components/TaskDescriptionRenderer.tsx(6,10): error TS2614: Module '"@/components/VideoPlayer"' has no exported member 'VideoModal'. Did you mean to use 'import VideoModal from "@/components/VideoPlayer"' instead?
components/TaskDescriptionRenderer.tsx(6,22): error TS2614: Module '"@/components/VideoPlayer"' has no exported member 'VideoThumbnail'. Did you mean to use 'import VideoThumbnail from "@/components/VideoPlayer"' instead?
components/TaskDetailsModal.tsx(192,19): error TS2769: No overload matches this call.
  Overload 1 of 2, '(relation: "activity_categories" | "activity_tasks" | "activities" | "task_templates" | "activity_task_subtasks" | "external_calendars" | "task_template_categories" | "task_template_subtasks" | "weekly_performance"): PostgrestQueryBuilder<...>', gave the following error.
    Argument of type '"external_event_tasks"' is not assignable to parameter of type '"activity_categories" | "activity_tasks" | "activities" | "task_templates" | "activity_task_subtasks" | "external_calendars" | "task_template_categories" | "task_template_subtasks" | "weekly_performance"'.
  Overload 2 of 2, '(relation: never): PostgrestQueryBuilder<{ PostgrestVersion: "13.0.5"; }, { Tables: { activities: { Row: { activity_date: string; activity_time: string; category_id: string | null; created_at: string; external_calendar_id: string | null; ... 6 more ...; user_id: string; }; Insert: { ...; }; Update: { ...; }; Relationships: [...]; }; ... 7 more ...; weekly_performance: { ...; }; }; Views: {}; Functions: { ...; }; Enums: {}; CompositeTypes: {}; }, never, never, never>', gave the following error.
    Argument of type '"external_event_tasks"' is not assignable to parameter of type 'never'.
components/TaskDetailsModal.tsx(213,13): error TS2322: Type 'string | null' is not assignable to type 'string | undefined'.
  Type 'null' is not assignable to type 'string | undefined'.
components/TaskDetailsModal.tsx(222,57): error TS2339: Property 'video_url' does not exist on type 'SelectQueryError<"could not find the relation between activity_tasks and task_templates"> | SelectQueryError<"could not find the relation between activity_task_subtasks and task_templates"> | ... 4 more ... | { ...; }[]'.
  Property 'video_url' does not exist on type 'SelectQueryError<"could not find the relation between activity_tasks and task_templates">'.
components/TaskDetailsModal.tsx(224,19): error TS2345: Argument of type '{ video_url: any; is_external: true; activity_date: string; activity_time: string; category_id: string | null; created_at: string; external_calendar_id: string | null; external_event_id: string | null; ... 5 more ...; task_templates: { ...; }[]; } | ... 97 more ... | { ...; }' is not assignable to parameter of type 'SetStateAction<TaskData | null>'.
  Type '{ video_url: any; is_external: true; activity_date: string; activity_time: string; category_id: string | null; created_at: string; external_calendar_id: string | null; external_event_id: string | null; ... 5 more ...; task_templates: { ...; }[]; }' is not assignable to type 'SetStateAction<TaskData | null>'.
    Property 'completed' is missing in type '{ video_url: any; is_external: true; activity_date: string; activity_time: string; category_id: string | null; created_at: string; external_calendar_id: string | null; external_event_id: string | null; ... 5 more ...; task_templates: { ...; }[]; }' but required in type 'TaskData'.
components/TaskDetailsModal.tsx(335,31): error TS2339: Property 'border' does not exist on type '{ primary: string; secondary: string; accent: string; background: string; backgroundAlt: string; text: string; textSecondary: string; card: string; highlight: string; success: string; warning: string; ... 4 more ...; contextWarning: string; }'.
components/TaskDetailsModal.tsx(387,29): error TS2551: Property 'cardBackground' does not exist on type '{ primary: string; secondary: string; accent: string; background: string; backgroundAlt: string; text: string; textSecondary: string; card: string; highlight: string; success: string; warning: string; ... 4 more ...; contextWarning: string; }'. Did you mean 'background'?
components/TaskDetailsModal.tsx(390,25): error TS2339: Property 'border' does not exist on type '{ primary: string; secondary: string; accent: string; background: string; backgroundAlt: string; text: string; textSecondary: string; card: string; highlight: string; success: string; warning: string; ... 4 more ...; contextWarning: string; }'.
components/TaskDetailsModal.tsx(441,29): error TS2339: Property 'border' does not exist on type '{ primary: string; secondary: string; accent: string; background: string; backgroundAlt: string; text: string; textSecondary: string; card: string; highlight: string; success: string; warning: string; ... 4 more ...; contextWarning: string; }'.
components/TeamPlayerSelector.tsx(43,15): error TS2769: No overload matches this call.
  Overload 1 of 2, '(relation: "activity_categories" | "activity_tasks" | "activities" | "task_templates" | "activity_task_subtasks" | "external_calendars" | "task_template_categories" | "task_template_subtasks" | "weekly_performance"): PostgrestQueryBuilder<...>', gave the following error.
    Argument of type '"profiles"' is not assignable to parameter of type '"activity_categories" | "activity_tasks" | "activities" | "task_templates" | "activity_task_subtasks" | "external_calendars" | "task_template_categories" | "task_template_subtasks" | "weekly_performance"'.
  Overload 2 of 2, '(relation: never): PostgrestQueryBuilder<{ PostgrestVersion: "13.0.5"; }, { Tables: { activities: { Row: { activity_date: string; activity_time: string; category_id: string | null; created_at: string; external_calendar_id: string | null; ... 6 more ...; user_id: string; }; Insert: { ...; }; Update: { ...; }; Relationships: [...]; }; ... 7 more ...; weekly_performance: { ...; }; }; Views: {}; Functions: { ...; }; Enums: {}; CompositeTypes: {}; }, never, never, never>', gave the following error.
    Argument of type '"profiles"' is not assignable to parameter of type 'never'.
components/TeamPlayerSelector.tsx(50,23): error TS2339: Property 'user_id' does not exist on type 'SelectQueryError<"column 'user_id' does not exist on 'activity_categories'."> | SelectQueryError<"column 'user_id' does not exist on 'activity_tasks'."> | ... 6 more ... | SelectQueryError<...>'.
  Property 'user_id' does not exist on type 'SelectQueryError<"column 'user_id' does not exist on 'activity_categories'.">'.
components/TeamPlayerSelector.tsx(51,25): error TS2339: Property 'full_name' does not exist on type 'SelectQueryError<"column 'user_id' does not exist on 'activity_categories'."> | SelectQueryError<"column 'user_id' does not exist on 'activity_tasks'."> | ... 6 more ... | SelectQueryError<...>'.
  Property 'full_name' does not exist on type 'SelectQueryError<"column 'user_id' does not exist on 'activity_categories'.">'.
components/TeamPlayerSelector.tsx(153,15): error TS2322: Type 'string' is not assignable to type 'SFSymbols7_0'.
contexts/AppleIAPContext.tsx(311,15): error TS2769: No overload matches this call.
  Overload 1 of 2, '(relation: "activity_categories" | "activity_tasks" | "activities" | "task_templates" | "activity_task_subtasks" | "external_calendars" | "task_template_categories" | "task_template_subtasks" | "weekly_performance"): PostgrestQueryBuilder<...>', gave the following error.
    Argument of type '"profiles"' is not assignable to parameter of type '"activity_categories" | "activity_tasks" | "activities" | "task_templates" | "activity_task_subtasks" | "external_calendars" | "task_template_categories" | "task_template_subtasks" | "weekly_performance"'.
  Overload 2 of 2, '(relation: never): PostgrestQueryBuilder<{ PostgrestVersion: "13.0.5"; }, { Tables: { activities: { Row: { activity_date: string; activity_time: string; category_id: string | null; created_at: string; external_calendar_id: string | null; ... 6 more ...; user_id: string; }; Insert: { ...; }; Update: { ...; }; Relationships: [...]; }; ... 7 more ...; weekly_performance: { ...; }; }; Views: {}; Functions: { ...; }; Enums: {}; CompositeTypes: {}; }, never, never, never>', gave the following error.
    Argument of type '"profiles"' is not assignable to parameter of type 'never'.
contexts/AppleIAPContext.tsx(312,10): error TS2769: No overload matches this call.
  Overload 1 of 2, '(values: { activity_date: string; activity_time: string; category_id?: string | null | undefined; created_at?: string | undefined; external_calendar_id?: string | null | undefined; external_event_id?: string | ... 1 more ... | undefined; ... 5 more ...; user_id: string; } | ... 7 more ... | { ...; }, options?: { ...; } | undefined): PostgrestFilterBuilder<...>', gave the following error.
    Object literal may only specify known properties, and 'subscription_tier' does not exist in type '{ activity_date: string; activity_time: string; category_id?: string | null | undefined; created_at?: string | undefined; external_calendar_id?: string | null | undefined; external_event_id?: string | ... 1 more ... | undefined; ... 5 more ...; user_id: string; } | ... 7 more ... | { ...; }'.
  Overload 2 of 2, '(values: ({ activity_date: string; activity_time: string; category_id?: string | null | undefined; created_at?: string | undefined; external_calendar_id?: string | null | undefined; external_event_id?: string | ... 1 more ... | undefined; ... 5 more ...; user_id: string; } | ... 7 more ... | { ...; })[], options?: { ...; } | undefined): PostgrestFilterBuilder<...>', gave the following error.
    Object literal may only specify known properties, and 'user_id' does not exist in type '({ activity_date: string; activity_time: string; category_id?: string | null | undefined; created_at?: string | undefined; external_calendar_id?: string | null | undefined; external_event_id?: string | ... 1 more ... | undefined; ... 5 more ...; user_id: string; } | ... 7 more ... | { ...; })[]'.
contexts/FootballContext.tsx(146,64): error TS2551: Property 'category_id' does not exist on type '{ title: string; location: string; categoryId: string; date: Date; time: string; endTime?: string | undefined; intensity?: number | null | undefined; intensityEnabled?: boolean | undefined; isRecurring: boolean; recurrenceType?: "daily" | ... 4 more ... | undefined; recurrenceDays?: number[] | undefined; endDate?: D...'. Did you mean 'categoryId'?
contexts/FootballContext.tsx(242,31): error TS2322: Type '{ categories: ActivityCategory[]; tasks: Task[]; activities: Activity[]; trophies: Trophy[]; externalCalendars: ExternalCalendar[]; ... 28 more ...; refreshCategories: () => Promise<...>; }' is not assignable to type 'FootballContextType'.
  The types returned by 'addTask(...)' are incompatible between these types.
    Type 'Promise<Task>' is not assignable to type 'Promise<void>'.
      Type 'Task' is not assignable to type 'void'.
contexts/SubscriptionContext.tsx(40,15): error TS2769: No overload matches this call.
  Overload 1 of 2, '(relation: "activity_categories" | "activity_tasks" | "activities" | "task_templates" | "activity_task_subtasks" | "external_calendars" | "task_template_categories" | "task_template_subtasks" | "weekly_performance"): PostgrestQueryBuilder<...>', gave the following error.
    Argument of type '"subscription_plans"' is not assignable to parameter of type '"activity_categories" | "activity_tasks" | "activities" | "task_templates" | "activity_task_subtasks" | "external_calendars" | "task_template_categories" | "task_template_subtasks" | "weekly_performance"'.
  Overload 2 of 2, '(relation: never): PostgrestQueryBuilder<{ PostgrestVersion: "13.0.5"; }, { Tables: { activities: { Row: { activity_date: string; activity_time: string; category_id: string | null; created_at: string; external_calendar_id: string | null; ... 6 more ...; user_id: string; }; Insert: { ...; }; Update: { ...; }; Relationships: [...]; }; ... 7 more ...; weekly_performance: { ...; }; }; Views: {}; Functions: { ...; }; Enums: {}; CompositeTypes: {}; }, never, never, never>', gave the following error.
    Argument of type '"subscription_plans"' is not assignable to parameter of type 'never'.
contexts/SubscriptionContext.tsx(50,28): error TS2345: Argument of type '({ activity_date: string; activity_time: string; category_id: string | null; created_at: string; external_calendar_id: string | null; external_event_id: string | null; id: string; ... 4 more ...; user_id: string; } | ... 7 more ... | { ...; })[]' is not assignable to parameter of type 'SetStateAction<SubscriptionPlan[]>'.
  Type '({ activity_date: string; activity_time: string; category_id: string | null; created_at: string; external_calendar_id: string | null; external_event_id: string | null; id: string; ... 4 more ...; user_id: string; } | ... 7 more ... | { ...; })[]' is not assignable to type 'SubscriptionPlan[]'.
    Type '{ activity_date: string; activity_time: string; category_id: string | null; created_at: string; external_calendar_id: string | null; external_event_id: string | null; id: string; ... 4 more ...; user_id: string; } | ... 7 more ... | { ...; }' is not assignable to type 'SubscriptionPlan'.
      Type '{ activity_date: string; activity_time: string; category_id: string | null; created_at: string; external_calendar_id: string | null; external_event_id: string | null; id: string; is_external: boolean; location: string | null; title: string; updated_at: string; user_id: string; }' is missing the following properties from type 'SubscriptionPlan': name, price_dkk, max_players
contexts/TeamPlayerContext.tsx(95,15): error TS2769: No overload matches this call.
  Overload 1 of 2, '(relation: "activity_categories" | "activity_tasks" | "activities" | "task_templates" | "activity_task_subtasks" | "external_calendars" | "task_template_categories" | "task_template_subtasks" | "weekly_performance"): PostgrestQueryBuilder<...>', gave the following error.
    Argument of type '"teams"' is not assignable to parameter of type '"activity_categories" | "activity_tasks" | "activities" | "task_templates" | "activity_task_subtasks" | "external_calendars" | "task_template_categories" | "task_template_subtasks" | "weekly_performance"'.
  Overload 2 of 2, '(relation: never): PostgrestQueryBuilder<{ PostgrestVersion: "13.0.5"; }, { Tables: { activities: { Row: { activity_date: string; activity_time: string; category_id: string | null; created_at: string; external_calendar_id: string | null; ... 6 more ...; user_id: string; }; Insert: { ...; }; Update: { ...; }; Relationships: [...]; }; ... 7 more ...; weekly_performance: { ...; }; }; Views: {}; Functions: { ...; }; Enums: {}; CompositeTypes: {}; }, never, never, never>', gave the following error.
    Argument of type '"teams"' is not assignable to parameter of type 'never'.
contexts/TeamPlayerContext.tsx(107,24): error TS2339: Property 'admin_id' does not exist on type '{ activity_date: string; activity_time: string; category_id: string | null; created_at: string; external_calendar_id: string | null; external_event_id: string | null; id: string; ... 4 more ...; user_id: string; } | ... 7 more ... | { ...; }'.
  Property 'admin_id' does not exist on type '{ activity_date: string; activity_time: string; category_id: string | null; created_at: string; external_calendar_id: string | null; external_event_id: string | null; id: string; is_external: boolean; location: string | null; title: string; updated_at: string; user_id: string; }'.
contexts/TeamPlayerContext.tsx(108,20): error TS2339: Property 'name' does not exist on type '{ activity_date: string; activity_time: string; category_id: string | null; created_at: string; external_calendar_id: string | null; external_event_id: string | null; id: string; ... 4 more ...; user_id: string; } | ... 7 more ... | { ...; }'.
  Property 'name' does not exist on type '{ activity_date: string; activity_time: string; category_id: string | null; created_at: string; external_calendar_id: string | null; external_event_id: string | null; id: string; is_external: boolean; location: string | null; title: string; updated_at: string; user_id: string; }'.
contexts/TeamPlayerContext.tsx(109,27): error TS2339: Property 'description' does not exist on type '{ activity_date: string; activity_time: string; category_id: string | null; created_at: string; external_calendar_id: string | null; external_event_id: string | null; id: string; ... 4 more ...; user_id: string; } | ... 7 more ... | { ...; }'.
  Property 'description' does not exist on type '{ activity_date: string; activity_time: string; category_id: string | null; created_at: string; external_calendar_id: string | null; external_event_id: string | null; id: string; is_external: boolean; location: string | null; title: string; updated_at: string; user_id: string; }'.
contexts/TeamPlayerContext.tsx(111,35): error TS2339: Property 'updated_at' does not exist on type '{ activity_date: string; activity_time: string; category_id: string | null; created_at: string; external_calendar_id: string | null; external_event_id: string | null; id: string; ... 4 more ...; user_id: string; } | ... 7 more ... | { ...; }'.
  Property 'updated_at' does not exist on type '{ activity_task_id: string; completed: boolean; created_at: string; id: string; sort_order: number; title: string; }'.
contexts/TeamPlayerContext.tsx(130,15): error TS2769: No overload matches this call.
  Overload 1 of 2, '(relation: "activity_categories" | "activity_tasks" | "activities" | "task_templates" | "activity_task_subtasks" | "external_calendars" | "task_template_categories" | "task_template_subtasks" | "weekly_performance"): PostgrestQueryBuilder<...>', gave the following error.
    Argument of type '"admin_player_relationships"' is not assignable to parameter of type '"activity_categories" | "activity_tasks" | "activities" | "task_templates" | "activity_task_subtasks" | "external_calendars" | "task_template_categories" | "task_template_subtasks" | "weekly_performance"'.
  Overload 2 of 2, '(relation: never): PostgrestQueryBuilder<{ PostgrestVersion: "13.0.5"; }, { Tables: { activities: { Row: { activity_date: string; activity_time: string; category_id: string | null; created_at: string; external_calendar_id: string | null; ... 6 more ...; user_id: string; }; Insert: { ...; }; Update: { ...; }; Relationships: [...]; }; ... 7 more ...; weekly_performance: { ...; }; }; Views: {}; Functions: { ...; }; Enums: {}; CompositeTypes: {}; }, never, never, never>', gave the following error.
    Argument of type '"admin_player_relationships"' is not assignable to parameter of type 'never'.
contexts/TeamPlayerContext.tsx(145,54): error TS2339: Property 'player_id' does not exist on type 'SelectQueryError<"column 'player_id' does not exist on 'activity_categories'."> | SelectQueryError<"column 'player_id' does not exist on 'activity_tasks'."> | ... 6 more ... | SelectQueryError<...>'.
  Property 'player_id' does not exist on type 'SelectQueryError<"column 'player_id' does not exist on 'activity_categories'.">'.
contexts/TeamPlayerContext.tsx(149,15): error TS2769: No overload matches this call.
  Overload 1 of 2, '(relation: "activity_categories" | "activity_tasks" | "activities" | "task_templates" | "activity_task_subtasks" | "external_calendars" | "task_template_categories" | "task_template_subtasks" | "weekly_performance"): PostgrestQueryBuilder<...>', gave the following error.
    Argument of type '"profiles"' is not assignable to parameter of type '"activity_categories" | "activity_tasks" | "activities" | "task_templates" | "activity_task_subtasks" | "external_calendars" | "task_template_categories" | "task_template_subtasks" | "weekly_performance"'.
  Overload 2 of 2, '(relation: never): PostgrestQueryBuilder<{ PostgrestVersion: "13.0.5"; }, { Tables: { activities: { Row: { activity_date: string; activity_time: string; category_id: string | null; created_at: string; external_calendar_id: string | null; ... 6 more ...; user_id: string; }; Insert: { ...; }; Update: { ...; }; Relationships: [...]; }; ... 7 more ...; weekly_performance: { ...; }; }; Views: {}; Functions: { ...; }; Enums: {}; CompositeTypes: {}; }, never, never, never>', gave the following error.
    Argument of type '"profiles"' is not assignable to parameter of type 'never'.
contexts/TeamPlayerContext.tsx(159,21): error TS2339: Property 'user_id' does not exist on type 'SelectQueryError<"column 'user_id' does not exist on 'activity_categories'."> | SelectQueryError<"column 'user_id' does not exist on 'activity_tasks'."> | ... 6 more ... | SelectQueryError<...>'.
  Property 'user_id' does not exist on type 'SelectQueryError<"column 'user_id' does not exist on 'activity_categories'.">'.
contexts/TeamPlayerContext.tsx(161,28): error TS2339: Property 'full_name' does not exist on type 'SelectQueryError<"column 'user_id' does not exist on 'activity_categories'."> | SelectQueryError<"column 'user_id' does not exist on 'activity_tasks'."> | ... 6 more ... | SelectQueryError<...>'.
  Property 'full_name' does not exist on type 'SelectQueryError<"column 'user_id' does not exist on 'activity_categories'.">'.
contexts/TeamPlayerContext.tsx(162,31): error TS2339: Property 'phone_number' does not exist on type 'SelectQueryError<"column 'user_id' does not exist on 'activity_categories'."> | SelectQueryError<"column 'user_id' does not exist on 'activity_tasks'."> | ... 6 more ... | SelectQueryError<...>'.
  Property 'phone_number' does not exist on type 'SelectQueryError<"column 'user_id' does not exist on 'activity_categories'.">'.
contexts/TeamPlayerContext.tsx(210,13): error TS2769: No overload matches this call.
  Overload 1 of 2, '(relation: "activity_categories" | "activity_tasks" | "activities" | "task_templates" | "activity_task_subtasks" | "external_calendars" | "task_template_categories" | "task_template_subtasks" | "weekly_performance"): PostgrestQueryBuilder<...>', gave the following error.
    Argument of type '"teams"' is not assignable to parameter of type '"activity_categories" | "activity_tasks" | "activities" | "task_templates" | "activity_task_subtasks" | "external_calendars" | "task_template_categories" | "task_template_subtasks" | "weekly_performance"'.
  Overload 2 of 2, '(relation: never): PostgrestQueryBuilder<{ PostgrestVersion: "13.0.5"; }, { Tables: { activities: { Row: { activity_date: string; activity_time: string; category_id: string | null; created_at: string; external_calendar_id: string | null; ... 6 more ...; user_id: string; }; Insert: { ...; }; Update: { ...; }; Relationships: [...]; }; ... 7 more ...; weekly_performance: { ...; }; }; Views: {}; Functions: { ...; }; Enums: {}; CompositeTypes: {}; }, never, never, never>', gave the following error.
    Argument of type '"teams"' is not assignable to parameter of type 'never'.
contexts/TeamPlayerContext.tsx(212,9): error TS2769: No overload matches this call.
  Overload 1 of 2, '(values: { activity_date: string; activity_time: string; category_id?: string | null | undefined; created_at?: string | undefined; external_calendar_id?: string | null | undefined; external_event_id?: string | ... 1 more ... | undefined; ... 5 more ...; user_id: string; } | ... 7 more ... | { ...; }, options?: { ...; } | undefined): PostgrestFilterBuilder<...>', gave the following error.
    Object literal may only specify known properties, and 'admin_id' does not exist in type '{ activity_date: string; activity_time: string; category_id?: string | null | undefined; created_at?: string | undefined; external_calendar_id?: string | null | undefined; external_event_id?: string | ... 1 more ... | undefined; ... 5 more ...; user_id: string; } | ... 7 more ... | { ...; }'.
  Overload 2 of 2, '(values: ({ activity_date: string; activity_time: string; category_id?: string | null | undefined; created_at?: string | undefined; external_calendar_id?: string | null | undefined; external_event_id?: string | ... 1 more ... | undefined; ... 5 more ...; user_id: string; } | ... 7 more ... | { ...; })[], options?: { ...; } | undefined): PostgrestFilterBuilder<...>', gave the following error.
    Object literal may only specify known properties, and 'admin_id' does not exist in type '({ activity_date: string; activity_time: string; category_id?: string | null | undefined; created_at?: string | undefined; external_calendar_id?: string | null | undefined; external_event_id?: string | ... 1 more ... | undefined; ... 5 more ...; user_id: string; } | ... 7 more ... | { ...; })[]'.
contexts/TeamPlayerContext.tsx(226,22): error TS2339: Property 'admin_id' does not exist on type '{ activity_date: string; activity_time: string; category_id: string | null; created_at: string; external_calendar_id: string | null; external_event_id: string | null; id: string; ... 4 more ...; user_id: string; } | ... 7 more ... | { ...; }'.
  Property 'admin_id' does not exist on type '{ activity_date: string; activity_time: string; category_id: string | null; created_at: string; external_calendar_id: string | null; external_event_id: string | null; id: string; is_external: boolean; location: string | null; title: string; updated_at: string; user_id: string; }'.
contexts/TeamPlayerContext.tsx(227,18): error TS2339: Property 'name' does not exist on type '{ activity_date: string; activity_time: string; category_id: string | null; created_at: string; external_calendar_id: string | null; external_event_id: string | null; id: string; ... 4 more ...; user_id: string; } | ... 7 more ... | { ...; }'.
  Property 'name' does not exist on type '{ activity_date: string; activity_time: string; category_id: string | null; created_at: string; external_calendar_id: string | null; external_event_id: string | null; id: string; is_external: boolean; location: string | null; title: string; updated_at: string; user_id: string; }'.
contexts/TeamPlayerContext.tsx(228,25): error TS2339: Property 'description' does not exist on type '{ activity_date: string; activity_time: string; category_id: string | null; created_at: string; external_calendar_id: string | null; external_event_id: string | null; id: string; ... 4 more ...; user_id: string; } | ... 7 more ... | { ...; }'.
  Property 'description' does not exist on type '{ activity_date: string; activity_time: string; category_id: string | null; created_at: string; external_calendar_id: string | null; external_event_id: string | null; id: string; is_external: boolean; location: string | null; title: string; updated_at: string; user_id: string; }'.
contexts/TeamPlayerContext.tsx(230,33): error TS2339: Property 'updated_at' does not exist on type '{ activity_date: string; activity_time: string; category_id: string | null; created_at: string; external_calendar_id: string | null; external_event_id: string | null; id: string; ... 4 more ...; user_id: string; } | ... 7 more ... | { ...; }'.
  Property 'updated_at' does not exist on type '{ activity_task_id: string; completed: boolean; created_at: string; id: string; sort_order: number; title: string; }'.
contexts/TeamPlayerContext.tsx(247,13): error TS2769: No overload matches this call.
  Overload 1 of 2, '(relation: "activity_categories" | "activity_tasks" | "activities" | "task_templates" | "activity_task_subtasks" | "external_calendars" | "task_template_categories" | "task_template_subtasks" | "weekly_performance"): PostgrestQueryBuilder<...>', gave the following error.
    Argument of type '"teams"' is not assignable to parameter of type '"activity_categories" | "activity_tasks" | "activities" | "task_templates" | "activity_task_subtasks" | "external_calendars" | "task_template_categories" | "task_template_subtasks" | "weekly_performance"'.
  Overload 2 of 2, '(relation: never): PostgrestQueryBuilder<{ PostgrestVersion: "13.0.5"; }, { Tables: { activities: { Row: { activity_date: string; activity_time: string; category_id: string | null; created_at: string; external_calendar_id: string | null; ... 6 more ...; user_id: string; }; Insert: { ...; }; Update: { ...; }; Relationships: [...]; }; ... 7 more ...; weekly_performance: { ...; }; }; Views: {}; Functions: { ...; }; Enums: {}; CompositeTypes: {}; }, never, never, never>', gave the following error.
    Argument of type '"teams"' is not assignable to parameter of type 'never'.
contexts/TeamPlayerContext.tsx(274,13): error TS2769: No overload matches this call.
  Overload 1 of 2, '(relation: "activity_categories" | "activity_tasks" | "activities" | "task_templates" | "activity_task_subtasks" | "external_calendars" | "task_template_categories" | "task_template_subtasks" | "weekly_performance"): PostgrestQueryBuilder<...>', gave the following error.
    Argument of type '"teams"' is not assignable to parameter of type '"activity_categories" | "activity_tasks" | "activities" | "task_templates" | "activity_task_subtasks" | "external_calendars" | "task_template_categories" | "task_template_subtasks" | "weekly_performance"'.
  Overload 2 of 2, '(relation: never): PostgrestQueryBuilder<{ PostgrestVersion: "13.0.5"; }, { Tables: { activities: { Row: { activity_date: string; activity_time: string; category_id: string | null; created_at: string; external_calendar_id: string | null; ... 6 more ...; user_id: string; }; Insert: { ...; }; Update: { ...; }; Relationships: [...]; }; ... 7 more ...; weekly_performance: { ...; }; }; Views: {}; Functions: { ...; }; Enums: {}; CompositeTypes: {}; }, never, never, never>', gave the following error.
    Argument of type '"teams"' is not assignable to parameter of type 'never'.
contexts/TeamPlayerContext.tsx(303,13): error TS2769: No overload matches this call.
  Overload 1 of 2, '(relation: "activity_categories" | "activity_tasks" | "activities" | "task_templates" | "activity_task_subtasks" | "external_calendars" | "task_template_categories" | "task_template_subtasks" | "weekly_performance"): PostgrestQueryBuilder<...>', gave the following error.
    Argument of type '"team_members"' is not assignable to parameter of type '"activity_categories" | "activity_tasks" | "activities" | "task_templates" | "activity_task_subtasks" | "external_calendars" | "task_template_categories" | "task_template_subtasks" | "weekly_performance"'.
  Overload 2 of 2, '(relation: never): PostgrestQueryBuilder<{ PostgrestVersion: "13.0.5"; }, { Tables: { activities: { Row: { activity_date: string; activity_time: string; category_id: string | null; created_at: string; external_calendar_id: string | null; ... 6 more ...; user_id: string; }; Insert: { ...; }; Update: { ...; }; Relationships: [...]; }; ... 7 more ...; weekly_performance: { ...; }; }; Views: {}; Functions: { ...; }; Enums: {}; CompositeTypes: {}; }, never, never, never>', gave the following error.
    Argument of type '"team_members"' is not assignable to parameter of type 'never'.
contexts/TeamPlayerContext.tsx(304,8): error TS2769: No overload matches this call.
  Overload 1 of 2, '(values: { activity_date: string; activity_time: string; category_id?: string | null | undefined; created_at?: string | undefined; external_calendar_id?: string | null | undefined; external_event_id?: string | ... 1 more ... | undefined; ... 5 more ...; user_id: string; } | ... 7 more ... | { ...; }, options?: { ...; } | undefined): PostgrestFilterBuilder<...>', gave the following error.
    Argument of type '{ team_id: string; player_id: string; }' is not assignable to parameter of type '{ activity_date: string; activity_time: string; category_id?: string | null | undefined; created_at?: string | undefined; external_calendar_id?: string | null | undefined; external_event_id?: string | ... 1 more ... | undefined; ... 5 more ...; user_id: string; } | ... 7 more ... | { ...; }'.
      Type '{ team_id: string; player_id: string; }' is missing the following properties from type '{ created_at?: string | undefined; description?: string | null | undefined; id?: string | undefined; reminder_minutes?: number | null | undefined; after_training_delay_minutes?: number | null | undefined; ... 7 more ...; source_folder?: string | ... 1 more ... | undefined; }': title, user_id
  Overload 2 of 2, '(values: ({ activity_date: string; activity_time: string; category_id?: string | null | undefined; created_at?: string | undefined; external_calendar_id?: string | null | undefined; external_event_id?: string | ... 1 more ... | undefined; ... 5 more ...; user_id: string; } | ... 7 more ... | { ...; })[], options?: { ...; } | undefined): PostgrestFilterBuilder<...>', gave the following error.
    Object literal may only specify known properties, and 'team_id' does not exist in type '({ activity_date: string; activity_time: string; category_id?: string | null | undefined; created_at?: string | undefined; external_calendar_id?: string | null | undefined; external_event_id?: string | ... 1 more ... | undefined; ... 5 more ...; user_id: string; } | ... 7 more ... | { ...; })[]'.
contexts/TeamPlayerContext.tsx(326,13): error TS2769: No overload matches this call.
  Overload 1 of 2, '(relation: "activity_categories" | "activity_tasks" | "activities" | "task_templates" | "activity_task_subtasks" | "external_calendars" | "task_template_categories" | "task_template_subtasks" | "weekly_performance"): PostgrestQueryBuilder<...>', gave the following error.
    Argument of type '"team_members"' is not assignable to parameter of type '"activity_categories" | "activity_tasks" | "activities" | "task_templates" | "activity_task_subtasks" | "external_calendars" | "task_template_categories" | "task_template_subtasks" | "weekly_performance"'.
  Overload 2 of 2, '(relation: never): PostgrestQueryBuilder<{ PostgrestVersion: "13.0.5"; }, { Tables: { activities: { Row: { activity_date: string; activity_time: string; category_id: string | null; created_at: string; external_calendar_id: string | null; ... 6 more ...; user_id: string; }; Insert: { ...; }; Update: { ...; }; Relationships: [...]; }; ... 7 more ...; weekly_performance: { ...; }; }; Views: {}; Functions: { ...; }; Enums: {}; CompositeTypes: {}; }, never, never, never>', gave the following error.
    Argument of type '"team_members"' is not assignable to parameter of type 'never'.
contexts/TeamPlayerContext.tsx(348,13): error TS2769: No overload matches this call.
  Overload 1 of 2, '(relation: "activity_categories" | "activity_tasks" | "activities" | "task_templates" | "activity_task_subtasks" | "external_calendars" | "task_template_categories" | "task_template_subtasks" | "weekly_performance"): PostgrestQueryBuilder<...>', gave the following error.
    Argument of type '"team_members"' is not assignable to parameter of type '"activity_categories" | "activity_tasks" | "activities" | "task_templates" | "activity_task_subtasks" | "external_calendars" | "task_template_categories" | "task_template_subtasks" | "weekly_performance"'.
  Overload 2 of 2, '(relation: never): PostgrestQueryBuilder<{ PostgrestVersion: "13.0.5"; }, { Tables: { activities: { Row: { activity_date: string; activity_time: string; category_id: string | null; created_at: string; external_calendar_id: string | null; ... 6 more ...; user_id: string; }; Insert: { ...; }; Update: { ...; }; Relationships: [...]; }; ... 7 more ...; weekly_performance: { ...; }; }; Views: {}; Functions: { ...; }; Enums: {}; CompositeTypes: {}; }, never, never, never>', gave the following error.
    Argument of type '"team_members"' is not assignable to parameter of type 'never'.
contexts/TeamPlayerContext.tsx(361,45): error TS2339: Property 'player_id' does not exist on type 'SelectQueryError<"column 'player_id' does not exist on 'activity_categories'."> | SelectQueryError<"column 'player_id' does not exist on 'activity_tasks'."> | ... 6 more ... | SelectQueryError<...>'.
  Property 'player_id' does not exist on type 'SelectQueryError<"column 'player_id' does not exist on 'activity_categories'.">'.
contexts/TeamPlayerContext.tsx(364,13): error TS2769: No overload matches this call.
  Overload 1 of 2, '(relation: "activity_categories" | "activity_tasks" | "activities" | "task_templates" | "activity_task_subtasks" | "external_calendars" | "task_template_categories" | "task_template_subtasks" | "weekly_performance"): PostgrestQueryBuilder<...>', gave the following error.
    Argument of type '"profiles"' is not assignable to parameter of type '"activity_categories" | "activity_tasks" | "activities" | "task_templates" | "activity_task_subtasks" | "external_calendars" | "task_template_categories" | "task_template_subtasks" | "weekly_performance"'.
  Overload 2 of 2, '(relation: never): PostgrestQueryBuilder<{ PostgrestVersion: "13.0.5"; }, { Tables: { activities: { Row: { activity_date: string; activity_time: string; category_id: string | null; created_at: string; external_calendar_id: string | null; ... 6 more ...; user_id: string; }; Insert: { ...; }; Update: { ...; }; Relationships: [...]; }; ... 7 more ...; weekly_performance: { ...; }; }; Views: {}; Functions: { ...; }; Enums: {}; CompositeTypes: {}; }, never, never, never>', gave the following error.
    Argument of type '"profiles"' is not assignable to parameter of type 'never'.
contexts/TeamPlayerContext.tsx(374,19): error TS2339: Property 'user_id' does not exist on type 'SelectQueryError<"column 'user_id' does not exist on 'activity_categories'."> | SelectQueryError<"column 'user_id' does not exist on 'activity_tasks'."> | ... 6 more ... | SelectQueryError<...>'.
  Property 'user_id' does not exist on type 'SelectQueryError<"column 'user_id' does not exist on 'activity_categories'.">'.
contexts/TeamPlayerContext.tsx(376,26): error TS2339: Property 'full_name' does not exist on type 'SelectQueryError<"column 'user_id' does not exist on 'activity_categories'."> | SelectQueryError<"column 'user_id' does not exist on 'activity_tasks'."> | ... 6 more ... | SelectQueryError<...>'.
  Property 'full_name' does not exist on type 'SelectQueryError<"column 'user_id' does not exist on 'activity_categories'.">'.
contexts/TeamPlayerContext.tsx(377,29): error TS2339: Property 'phone_number' does not exist on type 'SelectQueryError<"column 'user_id' does not exist on 'activity_categories'."> | SelectQueryError<"column 'user_id' does not exist on 'activity_tasks'."> | ... 6 more ... | SelectQueryError<...>'.
  Property 'phone_number' does not exist on type 'SelectQueryError<"column 'user_id' does not exist on 'activity_categories'.">'.
hooks/useFootballData.ts(184,19): error TS2339: Property 'intensityEnabled' does not exist on type '{ title?: string | undefined; location?: string | undefined; categoryId?: string | undefined; date?: Date | undefined; time?: string | undefined; endTime?: string | undefined; intensity?: number | ... 1 more ... | undefined; }'.
hooks/useFootballData.ts(185,44): error TS2339: Property 'intensityEnabled' does not exist on type '{ title?: string | undefined; location?: string | undefined; categoryId?: string | undefined; date?: Date | undefined; time?: string | undefined; endTime?: string | undefined; intensity?: number | ... 1 more ... | undefined; }'.
hooks/useFootballData.ts(186,45): error TS2339: Property 'intensityEnabled' does not exist on type '{ title?: string | undefined; location?: string | undefined; categoryId?: string | undefined; date?: Date | undefined; time?: string | undefined; endTime?: string | undefined; intensity?: number | ... 1 more ... | undefined; }'.
hooks/useFootballData.ts(188,22): error TS2339: Property 'intensityEnabled' does not exist on type '{ title?: string | undefined; location?: string | undefined; categoryId?: string | undefined; date?: Date | undefined; time?: string | undefined; endTime?: string | undefined; intensity?: number | ... 1 more ... | undefined; }'.
hooks/useFootballData.ts(241,15): error TS2769: No overload matches this call.
  Overload 1 of 2, '(relation: "activity_categories" | "activity_tasks" | "activities" | "task_templates" | "activity_task_subtasks" | "external_calendars" | "task_template_categories" | "task_template_subtasks" | "weekly_performance"): PostgrestQueryBuilder<...>', gave the following error.
    Argument of type '"hidden_activity_categories"' is not assignable to parameter of type '"activity_categories" | "activity_tasks" | "activities" | "task_templates" | "activity_task_subtasks" | "external_calendars" | "task_template_categories" | "task_template_subtasks" | "weekly_performance"'.
  Overload 2 of 2, '(relation: never): PostgrestQueryBuilder<{ PostgrestVersion: "13.0.5"; }, { Tables: { activities: { Row: { activity_date: string; activity_time: string; category_id: string | null; created_at: string; external_calendar_id: string | null; ... 6 more ...; user_id: string; }; Insert: { ...; }; Update: { ...; }; Relationships: [...]; }; ... 7 more ...; weekly_performance: { ...; }; }; Views: {}; Functions: { ...; }; Enums: {}; CompositeTypes: {}; }, never, never, never>', gave the following error.
    Argument of type '"hidden_activity_categories"' is not assignable to parameter of type 'never'.
hooks/useFootballData.ts(287,15): error TS2769: No overload matches this call.
  Overload 1 of 2, '(relation: "activity_categories" | "activity_tasks" | "activities" | "task_templates" | "activity_task_subtasks" | "external_calendars" | "task_template_categories" | "task_template_subtasks" | "weekly_performance"): PostgrestQueryBuilder<...>', gave the following error.
    Argument of type '"hidden_activity_categories"' is not assignable to parameter of type '"activity_categories" | "activity_tasks" | "activities" | "task_templates" | "activity_task_subtasks" | "external_calendars" | "task_template_categories" | "task_template_subtasks" | "weekly_performance"'.
  Overload 2 of 2, '(relation: never): PostgrestQueryBuilder<{ PostgrestVersion: "13.0.5"; }, { Tables: { activities: { Row: { activity_date: string; activity_time: string; category_id: string | null; created_at: string; external_calendar_id: string | null; ... 6 more ...; user_id: string; }; Insert: { ...; }; Update: { ...; }; Relationships: [...]; }; ... 7 more ...; weekly_performance: { ...; }; }; Views: {}; Functions: { ...; }; Enums: {}; CompositeTypes: {}; }, never, never, never>', gave the following error.
    Argument of type '"hidden_activity_categories"' is not assignable to parameter of type 'never'.
hooks/useFootballData.ts(313,19): error TS2345: Argument of type '{ activity_date: string; activity_time: string; category_id: string | null; created_at: string; external_calendar_id: string | null; external_event_id: string | null; id: string; is_external: boolean; location: string | null; title: string; updated_at: string; user_id: string; }[]' is not assignable to parameter of type 'SetStateAction<Activity[]>'.
  Type '{ activity_date: string; activity_time: string; category_id: string | null; created_at: string; external_calendar_id: string | null; external_event_id: string | null; id: string; is_external: boolean; location: string | null; title: string; updated_at: string; user_id: string; }[]' is not assignable to type 'Activity[]'.
    Type '{ activity_date: string; activity_time: string; category_id: string | null; created_at: string; external_calendar_id: string | null; external_event_id: string | null; id: string; is_external: boolean; location: string | null; title: string; updated_at: string; user_id: string; }' is missing the following properties from type 'Activity': date, time, category, tasks
hooks/useFootballData.ts(406,13): error TS2769: No overload matches this call.
  Overload 1 of 2, '(relation: "activity_categories" | "activity_tasks" | "activities" | "task_templates" | "activity_task_subtasks" | "external_calendars" | "task_template_categories" | "task_template_subtasks" | "weekly_performance"): PostgrestQueryBuilder<...>', gave the following error.
    Argument of type '"trophies"' is not assignable to parameter of type '"activity_categories" | "activity_tasks" | "activities" | "task_templates" | "activity_task_subtasks" | "external_calendars" | "task_template_categories" | "task_template_subtasks" | "weekly_performance"'.
  Overload 2 of 2, '(relation: never): PostgrestQueryBuilder<{ PostgrestVersion: "13.0.5"; }, { Tables: { activities: { Row: { activity_date: string; activity_time: string; category_id: string | null; created_at: string; external_calendar_id: string | null; ... 6 more ...; user_id: string; }; Insert: { ...; }; Update: { ...; }; Relationships: [...]; }; ... 7 more ...; weekly_performance: { ...; }; }; Views: {}; Functions: { ...; }; Enums: {}; CompositeTypes: {}; }, never, never, never>', gave the following error.
    Argument of type '"trophies"' is not assignable to parameter of type 'never'.
hooks/useFootballData.ts(411,17): error TS2345: Argument of type '({ activity_date: string; activity_time: string; category_id: string | null; created_at: string; external_calendar_id: string | null; external_event_id: string | null; id: string; ... 4 more ...; user_id: string; } | ... 7 more ... | { ...; })[]' is not assignable to parameter of type 'SetStateAction<Trophy[]>'.
  Type '({ activity_date: string; activity_time: string; category_id: string | null; created_at: string; external_calendar_id: string | null; external_event_id: string | null; id: string; ... 4 more ...; user_id: string; } | ... 7 more ... | { ...; })[]' is not assignable to type 'Trophy[]'.
    Type '{ activity_date: string; activity_time: string; category_id: string | null; created_at: string; external_calendar_id: string | null; external_event_id: string | null; id: string; ... 4 more ...; user_id: string; } | ... 7 more ... | { ...; }' is not assignable to type 'Trophy'.
      Type '{ activity_date: string; activity_time: string; category_id: string | null; created_at: string; external_calendar_id: string | null; external_event_id: string | null; id: string; is_external: boolean; location: string | null; title: string; updated_at: string; user_id: string; }' is missing the following properties from type 'Trophy': week, year, type, percentage, and 2 more.
hooks/useFootballData.ts(446,28): error TS2345: Argument of type '{ created_at: string; enabled: boolean; event_count: number | null; ics_url: string; id: string; last_fetched: string | null; name: string; updated_at: string; user_id: string; }[]' is not assignable to parameter of type 'SetStateAction<ExternalCalendar[]>'.
  Type '{ created_at: string; enabled: boolean; event_count: number | null; ics_url: string; id: string; last_fetched: string | null; name: string; updated_at: string; user_id: string; }[]' is not assignable to type 'ExternalCalendar[]'.
    Property 'icsUrl' is missing in type '{ created_at: string; enabled: boolean; event_count: number | null; ics_url: string; id: string; last_fetched: string | null; name: string; updated_at: string; user_id: string; }' but required in type 'ExternalCalendar'.
hooks/useFootballData.ts(455,13): error TS2769: No overload matches this call.
  Overload 1 of 2, '(relation: "activity_categories" | "activity_tasks" | "activities" | "task_templates" | "activity_task_subtasks" | "external_calendars" | "task_template_categories" | "task_template_subtasks" | "weekly_performance"): PostgrestQueryBuilder<...>', gave the following error.
    Argument of type '"activity_series"' is not assignable to parameter of type '"activity_categories" | "activity_tasks" | "activities" | "task_templates" | "activity_task_subtasks" | "external_calendars" | "task_template_categories" | "task_template_subtasks" | "weekly_performance"'.
  Overload 2 of 2, '(relation: never): PostgrestQueryBuilder<{ PostgrestVersion: "13.0.5"; }, { Tables: { activities: { Row: { activity_date: string; activity_time: string; category_id: string | null; created_at: string; external_calendar_id: string | null; ... 6 more ...; user_id: string; }; Insert: { ...; }; Update: { ...; }; Relationships: [...]; }; ... 7 more ...; weekly_performance: { ...; }; }; Views: {}; Functions: { ...; }; Enums: {}; CompositeTypes: {}; }, never, never, never>', gave the following error.
    Argument of type '"activity_series"' is not assignable to parameter of type 'never'.
hooks/useFootballData.ts(460,23): error TS2345: Argument of type '({ activity_date: string; activity_time: string; category_id: string | null; created_at: string; external_calendar_id: string | null; external_event_id: string | null; id: string; ... 4 more ...; user_id: string; } | ... 7 more ... | { ...; })[]' is not assignable to parameter of type 'SetStateAction<ActivitySeries[]>'.
  Type '({ activity_date: string; activity_time: string; category_id: string | null; created_at: string; external_calendar_id: string | null; external_event_id: string | null; id: string; ... 4 more ...; user_id: string; } | ... 7 more ... | { ...; })[]' is not assignable to type 'ActivitySeries[]'.
    Type '{ activity_date: string; activity_time: string; category_id: string | null; created_at: string; external_calendar_id: string | null; external_event_id: string | null; id: string; ... 4 more ...; user_id: string; } | ... 7 more ... | { ...; }' is not assignable to type 'ActivitySeries'.
      Type '{ activity_date: string; activity_time: string; category_id: string | null; created_at: string; external_calendar_id: string | null; external_event_id: string | null; id: string; is_external: boolean; location: string | null; title: string; updated_at: string; user_id: string; }' is missing the following properties from type 'ActivitySeries': userId, categoryId, recurrenceType, recurrenceDays, and 4 more.
hooks/useFootballData.ts(1019,19): error TS2769: No overload matches this call.
  Overload 1 of 2, '(relation: "activity_categories" | "activity_tasks" | "activities" | "task_templates" | "activity_task_subtasks" | "external_calendars" | "task_template_categories" | "task_template_subtasks" | "weekly_performance"): PostgrestQueryBuilder<...>', gave the following error.
    Argument of type '"external_event_tasks"' is not assignable to parameter of type '"activity_categories" | "activity_tasks" | "activities" | "task_templates" | "activity_task_subtasks" | "external_calendars" | "task_template_categories" | "task_template_subtasks" | "weekly_performance"'.
  Overload 2 of 2, '(relation: never): PostgrestQueryBuilder<{ PostgrestVersion: "13.0.5"; }, { Tables: { activities: { Row: { activity_date: string; activity_time: string; category_id: string | null; created_at: string; external_calendar_id: string | null; ... 6 more ...; user_id: string; }; Insert: { ...; }; Update: { ...; }; Relationships: [...]; }; ... 7 more ...; weekly_performance: { ...; }; }; Views: {}; Functions: { ...; }; Enums: {}; CompositeTypes: {}; }, never, never, never>', gave the following error.
    Argument of type '"external_event_tasks"' is not assignable to parameter of type 'never'.
hooks/useFootballData.ts(1066,13): error TS2769: No overload matches this call.
  Overload 1 of 2, '(relation: "activity_categories" | "activity_tasks" | "activities" | "task_templates" | "activity_task_subtasks" | "external_calendars" | "task_template_categories" | "task_template_subtasks" | "weekly_performance"): PostgrestQueryBuilder<...>', gave the following error.
    Argument of type '"events_local_meta"' is not assignable to parameter of type '"activity_categories" | "activity_tasks" | "activities" | "task_templates" | "activity_task_subtasks" | "external_calendars" | "task_template_categories" | "task_template_subtasks" | "weekly_performance"'.
  Overload 2 of 2, '(relation: never): PostgrestQueryBuilder<{ PostgrestVersion: "13.0.5"; }, { Tables: { activities: { Row: { activity_date: string; activity_time: string; category_id: string | null; created_at: string; external_calendar_id: string | null; ... 6 more ...; user_id: string; }; Insert: { ...; }; Update: { ...; }; Relationships: [...]; }; ... 7 more ...; weekly_performance: { ...; }; }; Views: {}; Functions: { ...; }; Enums: {}; CompositeTypes: {}; }, never, never, never>', gave the following error.
    Argument of type '"events_local_meta"' is not assignable to parameter of type 'never'.
hooks/useHomeActivities.ts(293,17): error TS2769: No overload matches this call.
  Overload 1 of 2, '(relation: "activity_categories" | "activity_tasks" | "activities" | "task_templates" | "activity_task_subtasks" | "external_calendars" | "task_template_categories" | "task_template_subtasks" | "weekly_performance"): PostgrestQueryBuilder<...>', gave the following error.
    Argument of type '"category_mappings"' is not assignable to parameter of type '"activity_categories" | "activity_tasks" | "activities" | "task_templates" | "activity_task_subtasks" | "external_calendars" | "task_template_categories" | "task_template_subtasks" | "weekly_performance"'.
  Overload 2 of 2, '(relation: never): PostgrestQueryBuilder<{ PostgrestVersion: "13.0.5"; }, { Tables: { activities: { Row: { activity_date: string; activity_time: string; category_id: string | null; created_at: string; external_calendar_id: string | null; ... 6 more ...; user_id: string; }; Insert: { ...; }; Update: { ...; }; Relationships: [...]; }; ... 7 more ...; weekly_performance: { ...; }; }; Views: {}; Functions: { ...; }; Enums: {}; CompositeTypes: {}; }, never, never, never>', gave the following error.
    Argument of type '"category_mappings"' is not assignable to parameter of type 'never'.
hooks/useHomeActivities.ts(316,32): error TS2352: Conversion of type '(SelectQueryError<"column 'external_category' does not exist on 'activity_categories'."> | SelectQueryError<"column 'external_category' does not exist on 'activity_tasks'."> | ... 6 more ... | SelectQueryError<...>)[]' to type 'CategoryMappingRecord[]' may be a mistake because neither type sufficiently overlaps with the other. If this was intentional, convert the expression to 'unknown' first.
  Type 'SelectQueryError<"column 'external_category' does not exist on 'activity_categories'."> | SelectQueryError<"column 'external_category' does not exist on 'activity_tasks'."> | ... 6 more ... | SelectQueryError<...>' is not comparable to type 'CategoryMappingRecord'.
    Type '{ error: true; } & String' is missing the following properties from type 'CategoryMappingRecord': external_category, internal_category_id
hooks/useHomeActivities.ts(348,59): error TS2339: Property 'title' does not exist on type 'SelectQueryError<"column 'intensity' does not exist on 'activities'.">'.
hooks/useHomeActivities.ts(348,75): error TS2339: Property 'category_id' does not exist on type 'SelectQueryError<"column 'intensity' does not exist on 'activities'.">'.
hooks/useHomeActivities.ts(349,50): error TS2339: Property 'intensity_enabled' does not exist on type 'SelectQueryError<"column 'intensity' does not exist on 'activities'.">'.
hooks/useHomeActivities.ts(350,22): error TS2339: Property 'intensity_enabled' does not exist on type 'SelectQueryError<"column 'intensity' does not exist on 'activities'.">'.
hooks/useHomeActivities.ts(351,29): error TS2339: Property 'intensity' does not exist on type 'SelectQueryError<"column 'intensity' does not exist on 'activities'.">'.
hooks/useHomeActivities.ts(354,49): error TS2339: Property 'activity_tasks' does not exist on type 'SelectQueryError<"column 'intensity' does not exist on 'activities'.">'.
hooks/useHomeActivities.ts(363,24): error TS2339: Property 'id' does not exist on type 'SelectQueryError<"column 'intensity' does not exist on 'activities'.">'.
hooks/useHomeActivities.ts(364,29): error TS2339: Property 'user_id' does not exist on type 'SelectQueryError<"column 'intensity' does not exist on 'activities'.">'.
hooks/useHomeActivities.ts(365,27): error TS2339: Property 'title' does not exist on type 'SelectQueryError<"column 'intensity' does not exist on 'activities'.">'.
hooks/useHomeActivities.ts(366,35): error TS2339: Property 'activity_date' does not exist on type 'SelectQueryError<"column 'intensity' does not exist on 'activities'.">'.
hooks/useHomeActivities.ts(367,35): error TS2339: Property 'activity_time' does not exist on type 'SelectQueryError<"column 'intensity' does not exist on 'activities'.">'.
hooks/useHomeActivities.ts(368,30): error TS2339: Property 'location' does not exist on type 'SelectQueryError<"column 'intensity' does not exist on 'activities'.">'.
hooks/useHomeActivities.ts(369,33): error TS2339: Property 'category_id' does not exist on type 'SelectQueryError<"column 'intensity' does not exist on 'activities'.">'.
hooks/useHomeActivities.ts(371,31): error TS2339: Property 'intensity' does not exist on type 'SelectQueryError<"column 'intensity' does not exist on 'activities'.">'.
hooks/useHomeActivities.ts(375,32): error TS2339: Property 'created_at' does not exist on type 'SelectQueryError<"column 'intensity' does not exist on 'activities'.">'.
hooks/useHomeActivities.ts(376,32): error TS2339: Property 'updated_at' does not exist on type 'SelectQueryError<"column 'intensity' does not exist on 'activities'.">'.
hooks/useHomeActivities.ts(389,17): error TS2769: No overload matches this call.
  Overload 1 of 2, '(relation: "activity_categories" | "activity_tasks" | "activities" | "task_templates" | "activity_task_subtasks" | "external_calendars" | "task_template_categories" | "task_template_subtasks" | "weekly_performance"): PostgrestQueryBuilder<...>', gave the following error.
    Argument of type '"events_external"' is not assignable to parameter of type '"activity_categories" | "activity_tasks" | "activities" | "task_templates" | "activity_task_subtasks" | "external_calendars" | "task_template_categories" | "task_template_subtasks" | "weekly_performance"'.
  Overload 2 of 2, '(relation: never): PostgrestQueryBuilder<{ PostgrestVersion: "13.0.5"; }, { Tables: { activities: { Row: { activity_date: string; activity_time: string; category_id: string | null; created_at: string; external_calendar_id: string | null; ... 6 more ...; user_id: string; }; Insert: { ...; }; Update: { ...; }; Relationships: [...]; }; ... 7 more ...; weekly_performance: { ...; }; }; Views: {}; Functions: { ...; }; Enums: {}; CompositeTypes: {}; }, never, never, never>', gave the following error.
    Argument of type '"events_external"' is not assignable to parameter of type 'never'.
hooks/useHomeActivities.ts(400,58): error TS2339: Property 'id' does not exist on type 'SelectQueryError<"column 'title' does not exist on 'activity_categories'."> | SelectQueryError<"column 'title' does not exist on 'activity_tasks'."> | ... 6 more ... | SelectQueryError<...>'.
  Property 'id' does not exist on type 'SelectQueryError<"column 'title' does not exist on 'activity_categories'.">'.
hooks/useHomeActivities.ts(402,19): error TS2769: No overload matches this call.
  Overload 1 of 2, '(relation: "activity_categories" | "activity_tasks" | "activities" | "task_templates" | "activity_task_subtasks" | "external_calendars" | "task_template_categories" | "task_template_subtasks" | "weekly_performance"): PostgrestQueryBuilder<...>', gave the following error.
    Argument of type '"events_local_meta"' is not assignable to parameter of type '"activity_categories" | "activity_tasks" | "activities" | "task_templates" | "activity_task_subtasks" | "external_calendars" | "task_template_categories" | "task_template_subtasks" | "weekly_performance"'.
  Overload 2 of 2, '(relation: never): PostgrestQueryBuilder<{ PostgrestVersion: "13.0.5"; }, { Tables: { activities: { Row: { activity_date: string; activity_time: string; category_id: string | null; created_at: string; external_calendar_id: string | null; ... 6 more ...; user_id: string; }; Insert: { ...; }; Update: { ...; }; Relationships: [...]; }; ... 7 more ...; weekly_performance: { ...; }; }; Views: {}; Functions: { ...; }; Enums: {}; CompositeTypes: {}; }, never, never, never>', gave the following error.
    Argument of type '"events_local_meta"' is not assignable to parameter of type 'never'.
hooks/useHomeActivities.ts(426,48): error TS2339: Property 'external_event_id' does not exist on type 'SelectQueryError<"column 'external_event_id' does not exist on 'activity_categories'."> | SelectQueryError<"column 'external_event_id' does not exist on 'activity_tasks'."> | ... 6 more ... | SelectQueryError<...>'.
  Property 'external_event_id' does not exist on type 'SelectQueryError<"column 'external_event_id' does not exist on 'activity_categories'.">'.
hooks/useHomeActivities.ts(426,76): error TS2339: Property 'id' does not exist on type 'SelectQueryError<"column 'title' does not exist on 'activity_categories'."> | SelectQueryError<"column 'title' does not exist on 'activity_tasks'."> | ... 6 more ... | SelectQueryError<...>'.
  Property 'id' does not exist on type 'SelectQueryError<"column 'title' does not exist on 'activity_categories'.">'.
hooks/useHomeActivities.ts(427,38): error TS2339: Property 'category_id' does not exist on type 'SelectQueryError<"column 'external_event_id' does not exist on 'activity_categories'."> | SelectQueryError<"column 'external_event_id' does not exist on 'activity_tasks'."> | ... 6 more ... | SelectQueryError<...>'.
  Property 'category_id' does not exist on type 'SelectQueryError<"column 'external_event_id' does not exist on 'activity_categories'.">'.
hooks/useHomeActivities.ts(428,60): error TS2339: Property 'raw_payload' does not exist on type 'SelectQueryError<"column 'title' does not exist on 'activity_categories'."> | SelectQueryError<"column 'title' does not exist on 'activity_tasks'."> | ... 6 more ... | SelectQueryError<...>'.
  Property 'raw_payload' does not exist on type 'SelectQueryError<"column 'title' does not exist on 'activity_categories'.">'.
hooks/useHomeActivities.ts(429,24): error TS2339: Property 'raw_payload' does not exist on type 'SelectQueryError<"column 'title' does not exist on 'activity_categories'."> | SelectQueryError<"column 'title' does not exist on 'activity_tasks'."> | ... 6 more ... | SelectQueryError<...>'.
  Property 'raw_payload' does not exist on type 'SelectQueryError<"column 'title' does not exist on 'activity_categories'.">'.
hooks/useHomeActivities.ts(432,21): error TS2339: Property 'local_title_override' does not exist on type 'SelectQueryError<"column 'external_event_id' does not exist on 'activity_categories'."> | SelectQueryError<"column 'external_event_id' does not exist on 'activity_tasks'."> | ... 6 more ... | SelectQueryError<...>'.
  Property 'local_title_override' does not exist on type 'SelectQueryError<"column 'external_event_id' does not exist on 'activity_categories'.">'.
hooks/useHomeActivities.ts(432,51): error TS2339: Property 'title' does not exist on type 'SelectQueryError<"column 'title' does not exist on 'activity_categories'."> | SelectQueryError<"column 'title' does not exist on 'activity_tasks'."> | ... 6 more ... | SelectQueryError<...>'.
  Property 'title' does not exist on type 'SelectQueryError<"column 'title' does not exist on 'activity_categories'.">'.
hooks/useHomeActivities.ts(438,50): error TS2339: Property 'external_event_tasks' does not exist on type 'SelectQueryError<"column 'external_event_id' does not exist on 'activity_categories'."> | SelectQueryError<"column 'external_event_id' does not exist on 'activity_tasks'."> | ... 6 more ... | SelectQueryError<...>'.
  Property 'external_event_tasks' does not exist on type 'SelectQueryError<"column 'external_event_id' does not exist on 'activity_categories'.">'.
hooks/useHomeActivities.ts(447,25): error TS2339: Property 'id' does not exist on type 'SelectQueryError<"column 'external_event_id' does not exist on 'activity_categories'."> | SelectQueryError<"column 'external_event_id' does not exist on 'activity_tasks'."> | ... 6 more ... | SelectQueryError<...>'.
  Property 'id' does not exist on type 'SelectQueryError<"column 'external_event_id' does not exist on 'activity_categories'.">'.
hooks/useHomeActivities.ts(447,37): error TS2339: Property 'id' does not exist on type 'SelectQueryError<"column 'title' does not exist on 'activity_categories'."> | SelectQueryError<"column 'title' does not exist on 'activity_tasks'."> | ... 6 more ... | SelectQueryError<...>'.
  Property 'id' does not exist on type 'SelectQueryError<"column 'title' does not exist on 'activity_categories'.">'.
hooks/useHomeActivities.ts(449,28): error TS2339: Property 'local_title_override' does not exist on type 'SelectQueryError<"column 'external_event_id' does not exist on 'activity_categories'."> | SelectQueryError<"column 'external_event_id' does not exist on 'activity_tasks'."> | ... 6 more ... | SelectQueryError<...>'.
  Property 'local_title_override' does not exist on type 'SelectQueryError<"column 'external_event_id' does not exist on 'activity_categories'.">'.
hooks/useHomeActivities.ts(449,58): error TS2339: Property 'title' does not exist on type 'SelectQueryError<"column 'title' does not exist on 'activity_categories'."> | SelectQueryError<"column 'title' does not exist on 'activity_tasks'."> | ... 6 more ... | SelectQueryError<...>'.
  Property 'title' does not exist on type 'SelectQueryError<"column 'title' does not exist on 'activity_categories'.">'.
hooks/useHomeActivities.ts(450,36): error TS2339: Property 'start_date' does not exist on type 'SelectQueryError<"column 'title' does not exist on 'activity_categories'."> | SelectQueryError<"column 'title' does not exist on 'activity_tasks'."> | ... 6 more ... | SelectQueryError<...>'.
  Property 'start_date' does not exist on type 'SelectQueryError<"column 'title' does not exist on 'activity_categories'.">'.
hooks/useHomeActivities.ts(451,36): error TS2339: Property 'start_time' does not exist on type 'SelectQueryError<"column 'title' does not exist on 'activity_categories'."> | SelectQueryError<"column 'title' does not exist on 'activity_tasks'."> | ... 6 more ... | SelectQueryError<...>'.
  Property 'start_time' does not exist on type 'SelectQueryError<"column 'title' does not exist on 'activity_categories'.">'.
hooks/useHomeActivities.ts(452,31): error TS2339: Property 'location' does not exist on type 'SelectQueryError<"column 'title' does not exist on 'activity_categories'."> | SelectQueryError<"column 'title' does not exist on 'activity_tasks'."> | ... 6 more ... | SelectQueryError<...>'.
  Property 'location' does not exist on type 'SelectQueryError<"column 'title' does not exist on 'activity_categories'.">'.
hooks/useHomeActivities.ts(459,43): error TS2339: Property 'provider_calendar_id' does not exist on type 'SelectQueryError<"column 'title' does not exist on 'activity_categories'."> | SelectQueryError<"column 'title' does not exist on 'activity_tasks'."> | ... 6 more ... | SelectQueryError<...>'.
  Property 'provider_calendar_id' does not exist on type 'SelectQueryError<"column 'title' does not exist on 'activity_categories'.">'.
hooks/useHomeActivities.ts(460,40): error TS2339: Property 'provider_event_uid' does not exist on type 'SelectQueryError<"column 'title' does not exist on 'activity_categories'."> | SelectQueryError<"column 'title' does not exist on 'activity_tasks'."> | ... 6 more ... | SelectQueryError<...>'.
  Property 'provider_event_uid' does not exist on type 'SelectQueryError<"column 'title' does not exist on 'activity_categories'.">'.
hooks/useProgressionData.ts(146,17): error TS2769: No overload matches this call.
  Overload 1 of 2, '(relation: "activity_categories" | "activity_tasks" | "activities" | "task_templates" | "activity_task_subtasks" | "external_calendars" | "task_template_categories" | "task_template_subtasks" | "weekly_performance"): PostgrestQueryBuilder<...>', gave the following error.
    Argument of type '"task_template_self_feedback"' is not assignable to parameter of type '"activity_categories" | "activity_tasks" | "activities" | "task_templates" | "activity_task_subtasks" | "external_calendars" | "task_template_categories" | "task_template_subtasks" | "weekly_performance"'.
  Overload 2 of 2, '(relation: never): PostgrestQueryBuilder<{ PostgrestVersion: "13.0.5"; }, { Tables: { activities: { Row: { activity_date: string; activity_time: string; category_id: string | null; created_at: string; external_calendar_id: string | null; ... 6 more ...; user_id: string; }; Insert: { ...; }; Update: { ...; }; Relationships: [...]; }; ... 7 more ...; weekly_performance: { ...; }; }; Views: {}; Functions: { ...; }; Enums: {}; CompositeTypes: {}; }, never, never, never>', gave the following error.
    Argument of type '"task_template_self_feedback"' is not assignable to parameter of type 'never'.
hooks/useProgressionData.ts(152,17): error TS2769: No overload matches this call.
  Overload 1 of 2, '(relation: "activity_categories" | "activity_tasks" | "activities" | "task_templates" | "activity_task_subtasks" | "external_calendars" | "task_template_categories" | "task_template_subtasks" | "weekly_performance"): PostgrestQueryBuilder<...>', gave the following error.
    Argument of type '"task_template_self_feedback"' is not assignable to parameter of type '"activity_categories" | "activity_tasks" | "activities" | "task_templates" | "activity_task_subtasks" | "external_calendars" | "task_template_categories" | "task_template_subtasks" | "weekly_performance"'.
  Overload 2 of 2, '(relation: never): PostgrestQueryBuilder<{ PostgrestVersion: "13.0.5"; }, { Tables: { activities: { Row: { activity_date: string; activity_time: string; category_id: string | null; created_at: string; external_calendar_id: string | null; ... 6 more ...; user_id: string; }; Insert: { ...; }; Update: { ...; }; Relationships: [...]; }; ... 7 more ...; weekly_performance: { ...; }; }; Views: {}; Functions: { ...; }; Enums: {}; CompositeTypes: {}; }, never, never, never>', gave the following error.
    Argument of type '"task_template_self_feedback"' is not assignable to parameter of type 'never'.
hooks/useProgressionData.ts(170,18): error TS2339: Property 'task_template_id' does not exist on type 'SelectQueryError<"column 'rating' does not exist on 'activity_categories'."> | SelectQueryError<"column 'rating' does not exist on 'activity_tasks'."> | ... 6 more ... | SelectQueryError<...>'.
  Property 'task_template_id' does not exist on type 'SelectQueryError<"column 'rating' does not exist on 'activity_categories'.">'.
hooks/useProgressionData.ts(171,38): error TS2339: Property 'task_template_id' does not exist on type 'SelectQueryError<"column 'rating' does not exist on 'activity_categories'."> | SelectQueryError<"column 'rating' does not exist on 'activity_tasks'."> | ... 6 more ... | SelectQueryError<...>'.
  Property 'task_template_id' does not exist on type 'SelectQueryError<"column 'rating' does not exist on 'activity_categories'.">'.
hooks/useProgressionData.ts(175,18): error TS2339: Property 'task_template_id' does not exist on type 'SelectQueryError<"column 'rating' does not exist on 'activity_categories'."> | SelectQueryError<"column 'rating' does not exist on 'activity_tasks'."> | ... 6 more ... | SelectQueryError<...>'.
  Property 'task_template_id' does not exist on type 'SelectQueryError<"column 'rating' does not exist on 'activity_categories'.">'.
hooks/useProgressionData.ts(176,38): error TS2339: Property 'task_template_id' does not exist on type 'SelectQueryError<"column 'rating' does not exist on 'activity_categories'."> | SelectQueryError<"column 'rating' does not exist on 'activity_tasks'."> | ... 6 more ... | SelectQueryError<...>'.
  Property 'task_template_id' does not exist on type 'SelectQueryError<"column 'rating' does not exist on 'activity_categories'.">'.
hooks/useSubscriptionFeatures.ts(36,15): error TS2769: No overload matches this call.
  Overload 1 of 2, '(relation: "activity_categories" | "activity_tasks" | "activities" | "task_templates" | "activity_task_subtasks" | "external_calendars" | "task_template_categories" | "task_template_subtasks" | "weekly_performance"): PostgrestQueryBuilder<...>', gave the following error.
    Argument of type '"profiles"' is not assignable to parameter of type '"activity_categories" | "activity_tasks" | "activities" | "task_templates" | "activity_task_subtasks" | "external_calendars" | "task_template_categories" | "task_template_subtasks" | "weekly_performance"'.
  Overload 2 of 2, '(relation: never): PostgrestQueryBuilder<{ PostgrestVersion: "13.0.5"; }, { Tables: { activities: { Row: { activity_date: string; activity_time: string; category_id: string | null; created_at: string; external_calendar_id: string | null; ... 6 more ...; user_id: string; }; Insert: { ...; }; Update: { ...; }; Relationships: [...]; }; ... 7 more ...; weekly_performance: { ...; }; }; Views: {}; Functions: { ...; }; Enums: {}; CompositeTypes: {}; }, never, never, never>', gave the following error.
    Argument of type '"profiles"' is not assignable to parameter of type 'never'.
hooks/useUserRole.ts(27,17): error TS2769: No overload matches this call.
  Overload 1 of 2, '(relation: "activity_categories" | "activity_tasks" | "activities" | "task_templates" | "activity_task_subtasks" | "external_calendars" | "task_template_categories" | "task_template_subtasks" | "weekly_performance"): PostgrestQueryBuilder<...>', gave the following error.
    Argument of type '"user_roles"' is not assignable to parameter of type '"activity_categories" | "activity_tasks" | "activities" | "task_templates" | "activity_task_subtasks" | "external_calendars" | "task_template_categories" | "task_template_subtasks" | "weekly_performance"'.
  Overload 2 of 2, '(relation: never): PostgrestQueryBuilder<{ PostgrestVersion: "13.0.5"; }, { Tables: { activities: { Row: { activity_date: string; activity_time: string; category_id: string | null; created_at: string; external_calendar_id: string | null; ... 6 more ...; user_id: string; }; Insert: { ...; }; Update: { ...; }; Relationships: [...]; }; ... 7 more ...; weekly_performance: { ...; }; }; Views: {}; Functions: { ...; }; Enums: {}; CompositeTypes: {}; }, never, never, never>', gave the following error.
    Argument of type '"user_roles"' is not assignable to parameter of type 'never'.
hooks/useUserRole.ts(39,28): error TS2339: Property 'role' does not exist on type 'SelectQueryError<"column 'role' does not exist on 'activity_categories'."> | SelectQueryError<"column 'role' does not exist on 'activity_tasks'."> | ... 6 more ... | SelectQueryError<...>'.
  Property 'role' does not exist on type 'SelectQueryError<"column 'role' does not exist on 'activity_categories'.">'.
hooks/useUserRole.ts(46,19): error TS2769: No overload matches this call.
  Overload 1 of 2, '(relation: "activity_categories" | "activity_tasks" | "activities" | "task_templates" | "activity_task_subtasks" | "external_calendars" | "task_template_categories" | "task_template_subtasks" | "weekly_performance"): PostgrestQueryBuilder<...>', gave the following error.
    Argument of type '"user_roles"' is not assignable to parameter of type '"activity_categories" | "activity_tasks" | "activities" | "task_templates" | "activity_task_subtasks" | "external_calendars" | "task_template_categories" | "task_template_subtasks" | "weekly_performance"'.
  Overload 2 of 2, '(relation: never): PostgrestQueryBuilder<{ PostgrestVersion: "13.0.5"; }, { Tables: { activities: { Row: { activity_date: string; activity_time: string; category_id: string | null; created_at: string; external_calendar_id: string | null; ... 6 more ...; user_id: string; }; Insert: { ...; }; Update: { ...; }; Relationships: [...]; }; ... 7 more ...; weekly_performance: { ...; }; }; Views: {}; Functions: { ...; }; Enums: {}; CompositeTypes: {}; }, never, never, never>', gave the following error.
    Argument of type '"user_roles"' is not assignable to parameter of type 'never'.
hooks/useUserRole.ts(47,14): error TS2769: No overload matches this call.
  Overload 1 of 2, '(values: { activity_date: string; activity_time: string; category_id?: string | null | undefined; created_at?: string | undefined; external_calendar_id?: string | null | undefined; external_event_id?: string | ... 1 more ... | undefined; ... 5 more ...; user_id: string; } | ... 7 more ... | { ...; }, options?: { ...; } | undefined): PostgrestFilterBuilder<...>', gave the following error.
    Object literal may only specify known properties, and 'role' does not exist in type '{ activity_date: string; activity_time: string; category_id?: string | null | undefined; created_at?: string | undefined; external_calendar_id?: string | null | undefined; external_event_id?: string | ... 1 more ... | undefined; ... 5 more ...; user_id: string; } | ... 7 more ... | { ...; }'.
  Overload 2 of 2, '(values: ({ activity_date: string; activity_time: string; category_id?: string | null | undefined; created_at?: string | undefined; external_calendar_id?: string | null | undefined; external_event_id?: string | ... 1 more ... | undefined; ... 5 more ...; user_id: string; } | ... 7 more ... | { ...; })[], options?: { ...; } | undefined): PostgrestFilterBuilder<...>', gave the following error.
    Object literal may only specify known properties, and 'user_id' does not exist in type '({ activity_date: string; activity_time: string; category_id?: string | null | undefined; created_at?: string | undefined; external_calendar_id?: string | null | undefined; external_event_id?: string | ... 1 more ... | undefined; ... 5 more ...; user_id: string; } | ... 7 more ... | { ...; })[]'.
screens/TasksScreen.tsx(93,27): error TS2345: Argument of type 'boolean' is not assignable to parameter of type '"light" | "dark" | null | undefined'.
screens/TasksScreen.tsx(167,8): error TS2739: Type '{ task: Task; onDuplicate: () => undefined; onDelete: () => undefined; }' is missing the following properties from type '{ task: Task; isDark: boolean; onPress: () => void; onDuplicate: () => void; onDelete: () => void; onVideoPress: (url: string) => void; getCategoryNames: (categoryIds: string[]) => string; }': isDark, onPress, onVideoPress, getCategoryNames
services/activities.ts(53,18): error TS2345: Argument of type 'AbortSignal | undefined' is not assignable to parameter of type 'AbortSignal'.
  Type 'undefined' is not assignable to type 'AbortSignal'.
services/activities.ts(60,3): error TS2322: Type '{ activity_date: string; activity_time: string; category_id: string | null; created_at: string; external_calendar_id: string | null; external_event_id: string | null; id: string; is_external: boolean; location: string | null; title: string; updated_at: string; user_id: string; }[]' is not assignable to type 'DatabaseActivity[]'.
  Type '{ activity_date: string; activity_time: string; category_id: string | null; created_at: string; external_calendar_id: string | null; external_event_id: string | null; id: string; is_external: boolean; location: string | null; title: string; updated_at: string; user_id: string; }' is not assignable to type 'DatabaseActivity'.
    Types of property 'location' are incompatible.
      Type 'string | null' is not assignable to type 'string | undefined'.
        Type 'null' is not assignable to type 'string | undefined'.
services/activities.ts(77,18): error TS2345: Argument of type 'AbortSignal | undefined' is not assignable to parameter of type 'AbortSignal'.
  Type 'undefined' is not assignable to type 'AbortSignal'.
services/activities.ts(119,18): error TS2345: Argument of type 'AbortSignal | undefined' is not assignable to parameter of type 'AbortSignal'.
  Type 'undefined' is not assignable to type 'AbortSignal'.
services/activityService.ts(143,15): error TS2769: No overload matches this call.
  Overload 1 of 2, '(relation: "activity_categories" | "activity_tasks" | "activities" | "task_templates" | "activity_task_subtasks" | "external_calendars" | "task_template_categories" | "task_template_subtasks" | "weekly_performance"): PostgrestQueryBuilder<...>', gave the following error.
    Argument of type '"activity_series"' is not assignable to parameter of type '"activity_categories" | "activity_tasks" | "activities" | "task_templates" | "activity_task_subtasks" | "external_calendars" | "task_template_categories" | "task_template_subtasks" | "weekly_performance"'.
  Overload 2 of 2, '(relation: never): PostgrestQueryBuilder<{ PostgrestVersion: "13.0.5"; }, { Tables: { activities: { Row: { activity_date: string; activity_time: string; category_id: string | null; created_at: string; external_calendar_id: string | null; ... 6 more ...; user_id: string; }; Insert: { ...; }; Update: { ...; }; Relationships: [...]; }; ... 7 more ...; weekly_performance: { ...; }; }; Views: {}; Functions: { ...; }; Enums: {}; CompositeTypes: {}; }, never, never, never>', gave the following error.
    Argument of type '"activity_series"' is not assignable to parameter of type 'never'.
services/activityService.ts(160,22): error TS2345: Argument of type 'AbortSignal | undefined' is not assignable to parameter of type 'AbortSignal'.
  Type 'undefined' is not assignable to type 'AbortSignal'.
services/activityService.ts(192,22): error TS2345: Argument of type 'AbortSignal | undefined' is not assignable to parameter of type 'AbortSignal'.
  Type 'undefined' is not assignable to type 'AbortSignal'.
services/activityService.ts(212,22): error TS2345: Argument of type 'AbortSignal | undefined' is not assignable to parameter of type 'AbortSignal'.
  Type 'undefined' is not assignable to type 'AbortSignal'.
services/activityService.ts(236,15): error TS2769: No overload matches this call.
  Overload 1 of 2, '(relation: "activity_categories" | "activity_tasks" | "activities" | "task_templates" | "activity_task_subtasks" | "external_calendars" | "task_template_categories" | "task_template_subtasks" | "weekly_performance"): PostgrestQueryBuilder<...>', gave the following error.
    Argument of type '"events_local_meta"' is not assignable to parameter of type '"activity_categories" | "activity_tasks" | "activities" | "task_templates" | "activity_task_subtasks" | "external_calendars" | "task_template_categories" | "task_template_subtasks" | "weekly_performance"'.
  Overload 2 of 2, '(relation: never): PostgrestQueryBuilder<{ PostgrestVersion: "13.0.5"; }, { Tables: { activities: { Row: { activity_date: string; activity_time: string; category_id: string | null; created_at: string; external_calendar_id: string | null; ... 6 more ...; user_id: string; }; Insert: { ...; }; Update: { ...; }; Relationships: [...]; }; ... 7 more ...; weekly_performance: { ...; }; }; Views: {}; Functions: { ...; }; Enums: {}; CompositeTypes: {}; }, never, never, never>', gave the following error.
    Argument of type '"events_local_meta"' is not assignable to parameter of type 'never'.
services/activityService.ts(239,22): error TS2345: Argument of type 'AbortSignal | undefined' is not assignable to parameter of type 'AbortSignal'.
  Type 'undefined' is not assignable to type 'AbortSignal'.
services/activityService.ts(270,22): error TS2345: Argument of type 'AbortSignal | undefined' is not assignable to parameter of type 'AbortSignal'.
  Type 'undefined' is not assignable to type 'AbortSignal'.
services/activityService.ts(288,13): error TS2769: No overload matches this call.
  Overload 1 of 2, '(relation: "activity_categories" | "activity_tasks" | "activities" | "task_templates" | "activity_task_subtasks" | "external_calendars" | "task_template_categories" | "task_template_subtasks" | "weekly_performance"): PostgrestQueryBuilder<...>', gave the following error.
    Argument of type '"activity_series"' is not assignable to parameter of type '"activity_categories" | "activity_tasks" | "activities" | "task_templates" | "activity_task_subtasks" | "external_calendars" | "task_template_categories" | "task_template_subtasks" | "weekly_performance"'.
  Overload 2 of 2, '(relation: never): PostgrestQueryBuilder<{ PostgrestVersion: "13.0.5"; }, { Tables: { activities: { Row: { activity_date: string; activity_time: string; category_id: string | null; created_at: string; external_calendar_id: string | null; ... 6 more ...; user_id: string; }; Insert: { ...; }; Update: { ...; }; Relationships: [...]; }; ... 7 more ...; weekly_performance: { ...; }; }; Views: {}; Functions: { ...; }; Enums: {}; CompositeTypes: {}; }, never, never, never>', gave the following error.
    Argument of type '"activity_series"' is not assignable to parameter of type 'never'.
services/activityService.ts(292,20): error TS2345: Argument of type 'AbortSignal | undefined' is not assignable to parameter of type 'AbortSignal'.
  Type 'undefined' is not assignable to type 'AbortSignal'.
services/activityService.ts(324,22): error TS2345: Argument of type 'AbortSignal | undefined' is not assignable to parameter of type 'AbortSignal'.
  Type 'undefined' is not assignable to type 'AbortSignal'.
services/activityService.ts(336,20): error TS2345: Argument of type 'AbortSignal | undefined' is not assignable to parameter of type 'AbortSignal'.
  Type 'undefined' is not assignable to type 'AbortSignal'.
services/activityService.ts(347,20): error TS2345: Argument of type 'AbortSignal | undefined' is not assignable to parameter of type 'AbortSignal'.
  Type 'undefined' is not assignable to type 'AbortSignal'.
services/activityService.ts(352,13): error TS2769: No overload matches this call.
  Overload 1 of 2, '(relation: "activity_categories" | "activity_tasks" | "activities" | "task_templates" | "activity_task_subtasks" | "external_calendars" | "task_template_categories" | "task_template_subtasks" | "weekly_performance"): PostgrestQueryBuilder<...>', gave the following error.
    Argument of type '"activity_series"' is not assignable to parameter of type '"activity_categories" | "activity_tasks" | "activities" | "task_templates" | "activity_task_subtasks" | "external_calendars" | "task_template_categories" | "task_template_subtasks" | "weekly_performance"'.
  Overload 2 of 2, '(relation: never): PostgrestQueryBuilder<{ PostgrestVersion: "13.0.5"; }, { Tables: { activities: { Row: { activity_date: string; activity_time: string; category_id: string | null; created_at: string; external_calendar_id: string | null; ... 6 more ...; user_id: string; }; Insert: { ...; }; Update: { ...; }; Relationships: [...]; }; ... 7 more ...; weekly_performance: { ...; }; }; Views: {}; Functions: { ...; }; Enums: {}; CompositeTypes: {}; }, never, never, never>', gave the following error.
    Argument of type '"activity_series"' is not assignable to parameter of type 'never'.
services/activityService.ts(356,20): error TS2345: Argument of type 'AbortSignal | undefined' is not assignable to parameter of type 'AbortSignal'.
  Type 'undefined' is not assignable to type 'AbortSignal'.
services/activityService.ts(375,20): error TS2345: Argument of type 'AbortSignal | undefined' is not assignable to parameter of type 'AbortSignal'.
  Type 'undefined' is not assignable to type 'AbortSignal'.
services/activityService.ts(382,23): error TS2339: Property 'intensity_enabled' does not exist on type '{ activity_date: string; activity_time: string; category_id: string | null; created_at: string; external_calendar_id: string | null; external_event_id: string | null; id: string; is_external: boolean; ... 4 more ...; activity_tasks: { ...; }[]; }'.
services/activityService.ts(383,20): error TS2339: Property 'intensity_enabled' does not exist on type '{ activity_date: string; activity_time: string; category_id: string | null; created_at: string; external_calendar_id: string | null; external_event_id: string | null; id: string; is_external: boolean; ... 4 more ...; activity_tasks: { ...; }[]; }'.
services/activityService.ts(384,20): error TS2339: Property 'intensity' does not exist on type '{ activity_date: string; activity_time: string; category_id: string | null; created_at: string; external_calendar_id: string | null; external_event_id: string | null; id: string; is_external: boolean; ... 4 more ...; activity_tasks: { ...; }[]; }'.
services/activityService.ts(384,51): error TS2339: Property 'intensity' does not exist on type '{ activity_date: string; activity_time: string; category_id: string | null; created_at: string; external_calendar_id: string | null; external_event_id: string | null; id: string; is_external: boolean; ... 4 more ...; activity_tasks: { ...; }[]; }'.
services/activityService.ts(393,54): error TS2551: Property 'activity_end_time' does not exist on type '{ activity_date: string; activity_time: string; category_id: string | null; created_at: string; external_calendar_id: string | null; external_event_id: string | null; id: string; is_external: boolean; ... 4 more ...; activity_tasks: { ...; }[]; }'. Did you mean 'activity_time'?
services/activityService.ts(396,48): error TS2339: Property 'intensity' does not exist on type '{ activity_date: string; activity_time: string; category_id: string | null; created_at: string; external_calendar_id: string | null; external_event_id: string | null; id: string; is_external: boolean; ... 4 more ...; activity_tasks: { ...; }[]; }'.
services/activityService.ts(403,20): error TS2345: Argument of type 'AbortSignal | undefined' is not assignable to parameter of type 'AbortSignal'.
  Type 'undefined' is not assignable to type 'AbortSignal'.
services/activityService.ts(421,22): error TS2345: Argument of type 'AbortSignal | undefined' is not assignable to parameter of type 'AbortSignal'.
  Type 'undefined' is not assignable to type 'AbortSignal'.
services/calendarService.ts(21,20): error TS2345: Argument of type 'AbortSignal | undefined' is not assignable to parameter of type 'AbortSignal'.
  Type 'undefined' is not assignable to type 'AbortSignal'.
services/calendarService.ts(42,20): error TS2345: Argument of type 'AbortSignal | undefined' is not assignable to parameter of type 'AbortSignal'.
  Type 'undefined' is not assignable to type 'AbortSignal'.
services/calendarService.ts(49,13): error TS2769: No overload matches this call.
  Overload 1 of 2, '(relation: "activity_categories" | "activity_tasks" | "activities" | "task_templates" | "activity_task_subtasks" | "external_calendars" | "task_template_categories" | "task_template_subtasks" | "weekly_performance"): PostgrestQueryBuilder<...>', gave the following error.
    Argument of type '"events_external"' is not assignable to parameter of type '"activity_categories" | "activity_tasks" | "activities" | "task_templates" | "activity_task_subtasks" | "external_calendars" | "task_template_categories" | "task_template_subtasks" | "weekly_performance"'.
  Overload 2 of 2, '(relation: never): PostgrestQueryBuilder<{ PostgrestVersion: "13.0.5"; }, { Tables: { activities: { Row: { activity_date: string; activity_time: string; category_id: string | null; created_at: string; external_calendar_id: string | null; ... 6 more ...; user_id: string; }; Insert: { ...; }; Update: { ...; }; Relationships: [...]; }; ... 7 more ...; weekly_performance: { ...; }; }; Views: {}; Functions: { ...; }; Enums: {}; CompositeTypes: {}; }, never, never, never>', gave the following error.
    Argument of type '"events_external"' is not assignable to parameter of type 'never'.
services/calendarService.ts(52,20): error TS2345: Argument of type 'AbortSignal | undefined' is not assignable to parameter of type 'AbortSignal'.
  Type 'undefined' is not assignable to type 'AbortSignal'.
services/calendarService.ts(61,20): error TS2345: Argument of type 'AbortSignal | undefined' is not assignable to parameter of type 'AbortSignal'.
  Type 'undefined' is not assignable to type 'AbortSignal'.
services/calendarService.ts(85,20): error TS2345: Argument of type 'AbortSignal | undefined' is not assignable to parameter of type 'AbortSignal'.
  Type 'undefined' is not assignable to type 'AbortSignal'.
services/feedbackService.ts(34,11): error TS2769: No overload matches this call.
  Overload 1 of 2, '(relation: "activity_categories" | "activity_tasks" | "activities" | "task_templates" | "activity_task_subtasks" | "external_calendars" | "task_template_categories" | "task_template_subtasks" | "weekly_performance"): PostgrestQueryBuilder<...>', gave the following error.
    Argument of type '"task_template_self_feedback"' is not assignable to parameter of type '"activity_categories" | "activity_tasks" | "activities" | "task_templates" | "activity_task_subtasks" | "external_calendars" | "task_template_categories" | "task_template_subtasks" | "weekly_performance"'.
  Overload 2 of 2, '(relation: never): PostgrestQueryBuilder<{ PostgrestVersion: "13.0.5"; }, { Tables: { activities: { Row: { activity_date: string; activity_time: string; category_id: string | null; created_at: string; external_calendar_id: string | null; ... 6 more ...; user_id: string; }; Insert: { ...; }; Update: { ...; }; Relationships: [...]; }; ... 7 more ...; weekly_performance: { ...; }; }; Views: {}; Functions: { ...; }; Enums: {}; CompositeTypes: {}; }, never, never, never>', gave the following error.
    Argument of type '"task_template_self_feedback"' is not assignable to parameter of type 'never'.
services/feedbackService.ts(53,11): error TS2769: No overload matches this call.
  Overload 1 of 2, '(relation: "activity_categories" | "activity_tasks" | "activities" | "task_templates" | "activity_task_subtasks" | "external_calendars" | "task_template_categories" | "task_template_subtasks" | "weekly_performance"): PostgrestQueryBuilder<...>', gave the following error.
    Argument of type '"task_template_self_feedback"' is not assignable to parameter of type '"activity_categories" | "activity_tasks" | "activities" | "task_templates" | "activity_task_subtasks" | "external_calendars" | "task_template_categories" | "task_template_subtasks" | "weekly_performance"'.
  Overload 2 of 2, '(relation: never): PostgrestQueryBuilder<{ PostgrestVersion: "13.0.5"; }, { Tables: { activities: { Row: { activity_date: string; activity_time: string; category_id: string | null; created_at: string; external_calendar_id: string | null; ... 6 more ...; user_id: string; }; Insert: { ...; }; Update: { ...; }; Relationships: [...]; }; ... 7 more ...; weekly_performance: { ...; }; }; Views: {}; Functions: { ...; }; Enums: {}; CompositeTypes: {}; }, never, never, never>', gave the following error.
    Argument of type '"task_template_self_feedback"' is not assignable to parameter of type 'never'.
services/feedbackService.ts(54,6): error TS2769: No overload matches this call.
  Overload 1 of 2, '(values: { activity_date: string; activity_time: string; category_id?: string | null | undefined; created_at?: string | undefined; external_calendar_id?: string | null | undefined; external_event_id?: string | ... 1 more ... | undefined; ... 5 more ...; user_id: string; } | ... 7 more ... | { ...; }, options?: { ...; } | undefined): PostgrestFilterBuilder<...>', gave the following error.
    Object literal may only specify known properties, and 'rating' does not exist in type '{ activity_date: string; activity_time: string; category_id?: string | null | undefined; created_at?: string | undefined; external_calendar_id?: string | null | undefined; external_event_id?: string | ... 1 more ... | undefined; ... 5 more ...; user_id: string; } | ... 7 more ... | { ...; }'.
  Overload 2 of 2, '(values: ({ activity_date: string; activity_time: string; category_id?: string | null | undefined; created_at?: string | undefined; external_calendar_id?: string | null | undefined; external_event_id?: string | ... 1 more ... | undefined; ... 5 more ...; user_id: string; } | ... 7 more ... | { ...; })[], options?: { ...; } | undefined): PostgrestFilterBuilder<...>', gave the following error.
    Object literal may only specify known properties, and 'user_id' does not exist in type '({ activity_date: string; activity_time: string; category_id?: string | null | undefined; created_at?: string | undefined; external_calendar_id?: string | null | undefined; external_event_id?: string | ... 1 more ... | undefined; ... 5 more ...; user_id: string; } | ... 7 more ... | { ...; })[]'.
services/taskService.ts(85,20): error TS2345: Argument of type 'AbortSignal | undefined' is not assignable to parameter of type 'AbortSignal'.
  Type 'undefined' is not assignable to type 'AbortSignal'.
services/taskService.ts(97,36): error TS2339: Property 'id' does not exist on type 'SelectQueryError<"column 'after_training_feedback_enable_score' does not exist on 'task_templates'.">'.
services/taskService.ts(104,22): error TS2345: Argument of type 'AbortSignal | undefined' is not assignable to parameter of type 'AbortSignal'.
  Type 'undefined' is not assignable to type 'AbortSignal'.
services/taskService.ts(113,20): error TS2339: Property 'id' does not exist on type 'SelectQueryError<"column 'after_training_feedback_enable_score' does not exist on 'task_templates'.">'.
services/taskService.ts(114,23): error TS2339: Property 'title' does not exist on type 'SelectQueryError<"column 'after_training_feedback_enable_score' does not exist on 'task_templates'.">'.
services/taskService.ts(115,29): error TS2339: Property 'description' does not exist on type 'SelectQueryError<"column 'after_training_feedback_enable_score' does not exist on 'task_templates'.">'.
services/taskService.ts(119,26): error TS2339: Property 'reminder_minutes' does not exist on type 'SelectQueryError<"column 'after_training_feedback_enable_score' does not exist on 'task_templates'.">'.
services/taskService.ts(121,26): error TS2339: Property 'video_url' does not exist on type 'SelectQueryError<"column 'after_training_feedback_enable_score' does not exist on 'task_templates'.">'.
services/taskService.ts(122,7): error TS2353: Object literal may only specify known properties, and 'source_folder' does not exist in type 'Task'.
services/taskService.ts(122,31): error TS2339: Property 'source_folder' does not exist on type 'SelectQueryError<"column 'after_training_feedback_enable_score' does not exist on 'task_templates'.">'.
services/taskService.ts(123,38): error TS2339: Property 'after_training_enabled' does not exist on type 'SelectQueryError<"column 'after_training_feedback_enable_score' does not exist on 'task_templates'.">'.
services/taskService.ts(124,43): error TS2339: Property 'after_training_delay_minutes' does not exist on type 'SelectQueryError<"column 'after_training_feedback_enable_score' does not exist on 'task_templates'.">'.
services/taskService.ts(125,50): error TS2339: Property 'after_training_feedback_enable_score' does not exist on type 'SelectQueryError<"column 'after_training_feedback_enable_score' does not exist on 'task_templates'.">'.
services/taskService.ts(126,55): error TS2339: Property 'after_training_feedback_score_explanation' does not exist on type 'SelectQueryError<"column 'after_training_feedback_enable_score' does not exist on 'task_templates'.">'.
services/taskService.ts(129,49): error TS2339: Property 'after_training_feedback_enable_note' does not exist on type 'SelectQueryError<"column 'after_training_feedback_enable_score' does not exist on 'task_templates'.">'.
services/taskService.ts(201,20): error TS2345: Argument of type 'AbortSignal | undefined' is not assignable to parameter of type 'AbortSignal'.
  Type 'undefined' is not assignable to type 'AbortSignal'.
services/taskService.ts(215,22): error TS2345: Argument of type 'AbortSignal | undefined' is not assignable to parameter of type 'AbortSignal'.
  Type 'undefined' is not assignable to type 'AbortSignal'.
services/taskService.ts(226,24): error TS2345: Argument of type 'AbortSignal | undefined' is not assignable to parameter of type 'AbortSignal'.
  Type 'undefined' is not assignable to type 'AbortSignal'.
services/taskService.ts(234,76): error TS2344: Type 'SeriesFeedbackSummary' does not satisfy the constraint '"calculate_weekly_performance" | "create_admin_player_relationship" | "create_player_profile" | "create_player_role" | "create_tasks_for_activity" | "seed_default_data_for_user" | "update_weekly_performance"'.
services/taskService.ts(286,13): error TS2769: No overload matches this call.
  Overload 1 of 2, '(relation: "activity_categories" | "activity_tasks" | "activities" | "task_templates" | "activity_task_subtasks" | "external_calendars" | "task_template_categories" | "task_template_subtasks" | "weekly_performance"): PostgrestQueryBuilder<...>', gave the following error.
    Argument of type '"hidden_task_templates"' is not assignable to parameter of type '"activity_categories" | "activity_tasks" | "activities" | "task_templates" | "activity_task_subtasks" | "external_calendars" | "task_template_categories" | "task_template_subtasks" | "weekly_performance"'.
  Overload 2 of 2, '(relation: never): PostgrestQueryBuilder<{ PostgrestVersion: "13.0.5"; }, { Tables: { activities: { Row: { activity_date: string; activity_time: string; category_id: string | null; created_at: string; external_calendar_id: string | null; ... 6 more ...; user_id: string; }; Insert: { ...; }; Update: { ...; }; Relationships: [...]; }; ... 7 more ...; weekly_performance: { ...; }; }; Views: {}; Functions: { ...; }; Enums: {}; CompositeTypes: {}; }, never, never, never>', gave the following error.
    Argument of type '"hidden_task_templates"' is not assignable to parameter of type 'never'.
services/taskService.ts(294,36): error TS2339: Property 'task_template_id' does not exist on type 'SelectQueryError<"column 'task_template_id' does not exist on 'activity_categories'."> | SelectQueryError<"column 'task_template_id' does not exist on 'activity_tasks'."> | ... 6 more ... | SelectQueryError<...>'.
  Property 'task_template_id' does not exist on type 'SelectQueryError<"column 'task_template_id' does not exist on 'activity_categories'.">'.
services/taskService.ts(306,22): error TS2345: Argument of type 'AbortSignal | undefined' is not assignable to parameter of type 'AbortSignal'.
  Type 'undefined' is not assignable to type 'AbortSignal'.
services/taskService.ts(324,46): error TS2345: Argument of type '"cleanup_tasks_for_template"' is not assignable to parameter of type '"calculate_weekly_performance" | "create_admin_player_relationship" | "create_player_profile" | "create_player_role" | "create_tasks_for_activity" | "seed_default_data_for_user" | "update_weekly_performance"'.
services/taskService.ts(351,20): error TS2345: Argument of type 'AbortSignal | undefined' is not assignable to parameter of type 'AbortSignal'.
  Type 'undefined' is not assignable to type 'AbortSignal'.
services/taskService.ts(363,13): error TS2769: No overload matches this call.
  Overload 1 of 2, '(relation: "activity_categories" | "activity_tasks" | "activities" | "task_templates" | "activity_task_subtasks" | "external_calendars" | "task_template_categories" | "task_template_subtasks" | "weekly_performance"): PostgrestQueryBuilder<...>', gave the following error.
    Argument of type '"hidden_task_templates"' is not assignable to parameter of type '"activity_categories" | "activity_tasks" | "activities" | "task_templates" | "activity_task_subtasks" | "external_calendars" | "task_template_categories" | "task_template_subtasks" | "weekly_performance"'.
  Overload 2 of 2, '(relation: never): PostgrestQueryBuilder<{ PostgrestVersion: "13.0.5"; }, { Tables: { activities: { Row: { activity_date: string; activity_time: string; category_id: string | null; created_at: string; external_calendar_id: string | null; ... 6 more ...; user_id: string; }; Insert: { ...; }; Update: { ...; }; Relationships: [...]; }; ... 7 more ...; weekly_performance: { ...; }; }; Views: {}; Functions: { ...; }; Enums: {}; CompositeTypes: {}; }, never, never, never>', gave the following error.
    Argument of type '"hidden_task_templates"' is not assignable to parameter of type 'never'.
services/taskService.ts(364,8): error TS2769: No overload matches this call.
  Overload 1 of 2, '(values: { activity_date: string; activity_time: string; category_id?: string | null | undefined; created_at?: string | undefined; external_calendar_id?: string | null | undefined; external_event_id?: string | ... 1 more ... | undefined; ... 5 more ...; user_id: string; } | ... 7 more ... | { ...; }, options?: { ...; } | undefined): PostgrestFilterBuilder<...>', gave the following error.
    Argument of type '{ user_id: string; task_template_id: string; }' is not assignable to parameter of type '{ activity_date: string; activity_time: string; category_id?: string | null | undefined; created_at?: string | undefined; external_calendar_id?: string | null | undefined; external_event_id?: string | ... 1 more ... | undefined; ... 5 more ...; user_id: string; } | ... 7 more ... | { ...; }'.
      Type '{ user_id: string; task_template_id: string; }' is missing the following properties from type '{ completed_tasks?: number | undefined; created_at?: string | undefined; id?: string | undefined; percentage: number; total_tasks?: number | undefined; trophy_type: string; user_id: string; week_number: number; year: number; }': percentage, trophy_type, week_number, year
  Overload 2 of 2, '(values: ({ activity_date: string; activity_time: string; category_id?: string | null | undefined; created_at?: string | undefined; external_calendar_id?: string | null | undefined; external_event_id?: string | ... 1 more ... | undefined; ... 5 more ...; user_id: string; } | ... 7 more ... | { ...; })[], options?: { ...; } | undefined): PostgrestFilterBuilder<...>', gave the following error.
    Object literal may only specify known properties, and 'user_id' does not exist in type '({ activity_date: string; activity_time: string; category_id?: string | null | undefined; created_at?: string | undefined; external_calendar_id?: string | null | undefined; external_event_id?: string | ... 1 more ... | undefined; ... 5 more ...; user_id: string; } | ... 7 more ... | { ...; })[]'.
services/taskService.ts(365,20): error TS2345: Argument of type 'AbortSignal | undefined' is not assignable to parameter of type 'AbortSignal'.
  Type 'undefined' is not assignable to type 'AbortSignal'.
services/taskService.ts(388,13): error TS2769: No overload matches this call.
  Overload 1 of 2, '(relation: "activity_categories" | "activity_tasks" | "activities" | "task_templates" | "activity_task_subtasks" | "external_calendars" | "task_template_categories" | "task_template_subtasks" | "weekly_performance"): PostgrestQueryBuilder<...>', gave the following error.
    Argument of type '"activity_tasks" | "external_event_tasks"' is not assignable to parameter of type '"activity_categories" | "activity_tasks" | "activities" | "task_templates" | "activity_task_subtasks" | "external_calendars" | "task_template_categories" | "task_template_subtasks" | "weekly_performance"'.
      Type '"external_event_tasks"' is not assignable to type '"activity_categories" | "activity_tasks" | "activities" | "task_templates" | "activity_task_subtasks" | "external_calendars" | "task_template_categories" | "task_template_subtasks" | "weekly_performance"'.
  Overload 2 of 2, '(relation: never): PostgrestQueryBuilder<{ PostgrestVersion: "13.0.5"; }, { Tables: { activities: { Row: { activity_date: string; activity_time: string; category_id: string | null; created_at: string; external_calendar_id: string | null; ... 6 more ...; user_id: string; }; Insert: { ...; }; Update: { ...; }; Relationships: [...]; }; ... 7 more ...; weekly_performance: { ...; }; }; Views: {}; Functions: { ...; }; Enums: {}; CompositeTypes: {}; }, never, never, never>', gave the following error.
    Argument of type '"activity_tasks" | "external_event_tasks"' is not assignable to parameter of type 'never'.
      Type '"activity_tasks"' is not assignable to type 'never'.
services/taskService.ts(392,20): error TS2345: Argument of type 'AbortSignal | undefined' is not assignable to parameter of type 'AbortSignal'.
  Type 'undefined' is not assignable to type 'AbortSignal'.
services/taskService.ts(412,15): error TS2769: No overload matches this call.
  Overload 1 of 2, '(relation: "activity_categories" | "activity_tasks" | "activities" | "task_templates" | "activity_task_subtasks" | "external_calendars" | "task_template_categories" | "task_template_subtasks" | "weekly_performance"): PostgrestQueryBuilder<...>', gave the following error.
    Argument of type '"activity_tasks" | "external_event_tasks"' is not assignable to parameter of type '"activity_categories" | "activity_tasks" | "activities" | "task_templates" | "activity_task_subtasks" | "external_calendars" | "task_template_categories" | "task_template_subtasks" | "weekly_performance"'.
      Type '"external_event_tasks"' is not assignable to type '"activity_categories" | "activity_tasks" | "activities" | "task_templates" | "activity_task_subtasks" | "external_calendars" | "task_template_categories" | "task_template_subtasks" | "weekly_performance"'.
  Overload 2 of 2, '(relation: never): PostgrestQueryBuilder<{ PostgrestVersion: "13.0.5"; }, { Tables: { activities: { Row: { activity_date: string; activity_time: string; category_id: string | null; created_at: string; external_calendar_id: string | null; ... 6 more ...; user_id: string; }; Insert: { ...; }; Update: { ...; }; Relationships: [...]; }; ... 7 more ...; weekly_performance: { ...; }; }; Views: {}; Functions: { ...; }; Enums: {}; CompositeTypes: {}; }, never, never, never>', gave the following error.
    Argument of type '"activity_tasks" | "external_event_tasks"' is not assignable to parameter of type 'never'.
      Type '"activity_tasks"' is not assignable to type 'never'.
services/taskService.ts(415,22): error TS2345: Argument of type 'AbortSignal | undefined' is not assignable to parameter of type 'AbortSignal'.
  Type 'undefined' is not assignable to type 'AbortSignal'.
services/taskService.ts(426,35): error TS2339: Property 'completed' does not exist on type 'SelectQueryError<"column 'completed' does not exist on 'activity_categories'."> | SelectQueryError<"column 'completed' does not exist on 'activity_tasks'."> | ... 6 more ... | SelectQueryError<...>'.
  Property 'completed' does not exist on type 'SelectQueryError<"column 'completed' does not exist on 'activity_categories'.">'.
services/taskService.ts(434,15): error TS2769: No overload matches this call.
  Overload 1 of 2, '(relation: "activity_categories" | "activity_tasks" | "activities" | "task_templates" | "activity_task_subtasks" | "external_calendars" | "task_template_categories" | "task_template_subtasks" | "weekly_performance"): PostgrestQueryBuilder<...>', gave the following error.
    Argument of type '"activity_tasks" | "external_event_tasks"' is not assignable to parameter of type '"activity_categories" | "activity_tasks" | "activities" | "task_templates" | "activity_task_subtasks" | "external_calendars" | "task_template_categories" | "task_template_subtasks" | "weekly_performance"'.
      Type '"external_event_tasks"' is not assignable to type '"activity_categories" | "activity_tasks" | "activities" | "task_templates" | "activity_task_subtasks" | "external_calendars" | "task_template_categories" | "task_template_subtasks" | "weekly_performance"'.
  Overload 2 of 2, '(relation: never): PostgrestQueryBuilder<{ PostgrestVersion: "13.0.5"; }, { Tables: { activities: { Row: { activity_date: string; activity_time: string; category_id: string | null; created_at: string; external_calendar_id: string | null; ... 6 more ...; user_id: string; }; Insert: { ...; }; Update: { ...; }; Relationships: [...]; }; ... 7 more ...; weekly_performance: { ...; }; }; Views: {}; Functions: { ...; }; Enums: {}; CompositeTypes: {}; }, never, never, never>', gave the following error.
    Argument of type '"activity_tasks" | "external_event_tasks"' is not assignable to parameter of type 'never'.
      Type '"activity_tasks"' is not assignable to type 'never'.
services/taskService.ts(440,22): error TS2345: Argument of type 'AbortSignal | undefined' is not assignable to parameter of type 'AbortSignal'.
  Type 'undefined' is not assignable to type 'AbortSignal'.
services/taskService.ts(468,15): error TS2769: No overload matches this call.
  Overload 1 of 2, '(relation: "activity_categories" | "activity_tasks" | "activities" | "task_templates" | "activity_task_subtasks" | "external_calendars" | "task_template_categories" | "task_template_subtasks" | "weekly_performance"): PostgrestQueryBuilder<...>', gave the following error.
    Argument of type '"activity_tasks" | "external_event_tasks"' is not assignable to parameter of type '"activity_categories" | "activity_tasks" | "activities" | "task_templates" | "activity_task_subtasks" | "external_calendars" | "task_template_categories" | "task_template_subtasks" | "weekly_performance"'.
      Type '"external_event_tasks"' is not assignable to type '"activity_categories" | "activity_tasks" | "activities" | "task_templates" | "activity_task_subtasks" | "external_calendars" | "task_template_categories" | "task_template_subtasks" | "weekly_performance"'.
  Overload 2 of 2, '(relation: never): PostgrestQueryBuilder<{ PostgrestVersion: "13.0.5"; }, { Tables: { activities: { Row: { activity_date: string; activity_time: string; category_id: string | null; created_at: string; external_calendar_id: string | null; ... 6 more ...; user_id: string; }; Insert: { ...; }; Update: { ...; }; Relationships: [...]; }; ... 7 more ...; weekly_performance: { ...; }; }; Views: {}; Functions: { ...; }; Enums: {}; CompositeTypes: {}; }, never, never, never>', gave the following error.
    Argument of type '"activity_tasks" | "external_event_tasks"' is not assignable to parameter of type 'never'.
      Type '"activity_tasks"' is not assignable to type 'never'.
services/taskService.ts(471,22): error TS2345: Argument of type 'AbortSignal | undefined' is not assignable to parameter of type 'AbortSignal'.
  Type 'undefined' is not assignable to type 'AbortSignal'.
services/taskService.ts(482,17): error TS2769: No overload matches this call.
  Overload 1 of 2, '(relation: "activity_categories" | "activity_tasks" | "activities" | "task_templates" | "activity_task_subtasks" | "external_calendars" | "task_template_categories" | "task_template_subtasks" | "weekly_performance"): PostgrestQueryBuilder<...>', gave the following error.
    Argument of type '"activity_tasks" | "external_event_tasks"' is not assignable to parameter of type '"activity_categories" | "activity_tasks" | "activities" | "task_templates" | "activity_task_subtasks" | "external_calendars" | "task_template_categories" | "task_template_subtasks" | "weekly_performance"'.
      Type '"external_event_tasks"' is not assignable to type '"activity_categories" | "activity_tasks" | "activities" | "task_templates" | "activity_task_subtasks" | "external_calendars" | "task_template_categories" | "task_template_subtasks" | "weekly_performance"'.
  Overload 2 of 2, '(relation: never): PostgrestQueryBuilder<{ PostgrestVersion: "13.0.5"; }, { Tables: { activities: { Row: { activity_date: string; activity_time: string; category_id: string | null; created_at: string; external_calendar_id: string | null; ... 6 more ...; user_id: string; }; Insert: { ...; }; Update: { ...; }; Relationships: [...]; }; ... 7 more ...; weekly_performance: { ...; }; }; Views: {}; Functions: { ...; }; Enums: {}; CompositeTypes: {}; }, never, never, never>', gave the following error.
    Argument of type '"activity_tasks" | "external_event_tasks"' is not assignable to parameter of type 'never'.
      Type '"activity_tasks"' is not assignable to type 'never'.
services/taskService.ts(485,24): error TS2345: Argument of type 'AbortSignal | undefined' is not assignable to parameter of type 'AbortSignal'.
  Type 'undefined' is not assignable to type 'AbortSignal'.
utils/activityNameParser.ts(4,3): error TS2724: '"@/shared/activityCategoryResolver"' has no exported member named 'DEFAULT_CATEGORY_KEYWORDS_LOCAL'. Did you mean 'DEFAULT_CATEGORY_KEYWORDS'?
utils/calendarAutoSync.ts(75,40): error TS2339: Property 'sync_interval_minutes' does not exist on type '{ created_at: string; enabled: boolean; event_count: number | null; ics_url: string; id: string; last_fetched: string | null; name: string; updated_at: string; user_id: string; }'.
utils/deleteExternalActivities.ts(63,15): error TS2769: No overload matches this call.
  Overload 1 of 2, '(relation: "activity_categories" | "activity_tasks" | "activities" | "task_templates" | "activity_task_subtasks" | "external_calendars" | "task_template_categories" | "task_template_subtasks" | "weekly_performance"): PostgrestQueryBuilder<...>', gave the following error.
    Argument of type '"events_external"' is not assignable to parameter of type '"activity_categories" | "activity_tasks" | "activities" | "task_templates" | "activity_task_subtasks" | "external_calendars" | "task_template_categories" | "task_template_subtasks" | "weekly_performance"'.
  Overload 2 of 2, '(relation: never): PostgrestQueryBuilder<{ PostgrestVersion: "13.0.5"; }, { Tables: { activities: { Row: { activity_date: string; activity_time: string; category_id: string | null; created_at: string; external_calendar_id: string | null; ... 6 more ...; user_id: string; }; Insert: { ...; }; Update: { ...; }; Relationships: [...]; }; ... 7 more ...; weekly_performance: { ...; }; }; Views: {}; Functions: { ...; }; Enums: {}; CompositeTypes: {}; }, never, never, never>', gave the following error.
    Argument of type '"events_external"' is not assignable to parameter of type 'never'.
utils/deleteExternalActivities.ts(82,17): error TS2769: No overload matches this call.
  Overload 1 of 2, '(relation: "activity_categories" | "activity_tasks" | "activities" | "task_templates" | "activity_task_subtasks" | "external_calendars" | "task_template_categories" | "task_template_subtasks" | "weekly_performance"): PostgrestQueryBuilder<...>', gave the following error.
    Argument of type '"events_local_meta"' is not assignable to parameter of type '"activity_categories" | "activity_tasks" | "activities" | "task_templates" | "activity_task_subtasks" | "external_calendars" | "task_template_categories" | "task_template_subtasks" | "weekly_performance"'.
  Overload 2 of 2, '(relation: never): PostgrestQueryBuilder<{ PostgrestVersion: "13.0.5"; }, { Tables: { activities: { Row: { activity_date: string; activity_time: string; category_id: string | null; created_at: string; external_calendar_id: string | null; ... 6 more ...; user_id: string; }; Insert: { ...; }; Update: { ...; }; Relationships: [...]; }; ... 7 more ...; weekly_performance: { ...; }; }; Views: {}; Functions: { ...; }; Enums: {}; CompositeTypes: {}; }, never, never, never>', gave the following error.
    Argument of type '"events_local_meta"' is not assignable to parameter of type 'never'.
utils/deleteExternalActivities.ts(101,17): error TS2769: No overload matches this call.
  Overload 1 of 2, '(relation: "activity_categories" | "activity_tasks" | "activities" | "task_templates" | "activity_task_subtasks" | "external_calendars" | "task_template_categories" | "task_template_subtasks" | "weekly_performance"): PostgrestQueryBuilder<...>', gave the following error.
    Argument of type '"events_external"' is not assignable to parameter of type '"activity_categories" | "activity_tasks" | "activities" | "task_templates" | "activity_task_subtasks" | "external_calendars" | "task_template_categories" | "task_template_subtasks" | "weekly_performance"'.
  Overload 2 of 2, '(relation: never): PostgrestQueryBuilder<{ PostgrestVersion: "13.0.5"; }, { Tables: { activities: { Row: { activity_date: string; activity_time: string; category_id: string | null; created_at: string; external_calendar_id: string | null; ... 6 more ...; user_id: string; }; Insert: { ...; }; Update: { ...; }; Relationships: [...]; }; ... 7 more ...; weekly_performance: { ...; }; }; Views: {}; Functions: { ...; }; Enums: {}; CompositeTypes: {}; }, never, never, never>', gave the following error.
    Argument of type '"events_external"' is not assignable to parameter of type 'never'.
utils/notificationRescheduler.ts(57,36): error TS2554: Expected 8 arguments, but got 7.
utils/notificationService.ts(633,11): error TS2322: Type '{ seconds: number; }' is not assignable to type 'NotificationTriggerInput'.
  Property 'type' is missing in type '{ seconds: number; }' but required in type 'TimeIntervalTriggerInput'.
utils/notificationService.ts(717,7): error TS2322: Type '{ taskId: {}; scheduledFor: string; minutesUntil: number; }[]' is not assignable to type '{ taskId: string; scheduledFor: string; minutesUntil: number; }[]'.
  Type '{ taskId: {}; scheduledFor: string; minutesUntil: number; }' is not assignable to type '{ taskId: string; scheduledFor: string; minutesUntil: number; }'.
    Types of property 'taskId' are incompatible.
      Type '{}' is not assignable to type 'string'.
